Archive member included to satisfy reference by file (symbol)

C:/ProgramData/MATLAB/SupportPackages/R2024b/3P.instrset/gnuarm-armcortex.instrset/win/bin/../lib/gcc/arm-none-eabi/13.2.1/thumb/v7e-m+fp/hard\libm.a(libm_a-w_fmod.o)
                              xcp_ext_common.o (fmod)
C:/ProgramData/MATLAB/SupportPackages/R2024b/3P.instrset/gnuarm-armcortex.instrset/win/bin/../lib/gcc/arm-none-eabi/13.2.1/thumb/v7e-m+fp/hard\libm.a(libm_a-e_fmod.o)
                              C:/ProgramData/MATLAB/SupportPackages/R2024b/3P.instrset/gnuarm-armcortex.instrset/win/bin/../lib/gcc/arm-none-eabi/13.2.1/thumb/v7e-m+fp/hard\libm.a(libm_a-w_fmod.o) (__ieee754_fmod)
C:/ProgramData/MATLAB/SupportPackages/R2024b/3P.instrset/gnuarm-armcortex.instrset/win/bin/../lib/gcc/arm-none-eabi/13.2.1/thumb/v7e-m+fp/hard\libgcc.a(_arm_muldf3.o)
                              Encoder_model.o (__aeabi_dmul)
C:/ProgramData/MATLAB/SupportPackages/R2024b/3P.instrset/gnuarm-armcortex.instrset/win/bin/../lib/gcc/arm-none-eabi/13.2.1/thumb/v7e-m+fp/hard\libgcc.a(_arm_addsubdf3.o)
                              Encoder_model.o (__aeabi_dsub)
C:/ProgramData/MATLAB/SupportPackages/R2024b/3P.instrset/gnuarm-armcortex.instrset/win/bin/../lib/gcc/arm-none-eabi/13.2.1/thumb/v7e-m+fp/hard\libgcc.a(_arm_muldivdf3.o)
                              Encoder_model.o (__aeabi_ddiv)
C:/ProgramData/MATLAB/SupportPackages/R2024b/3P.instrset/gnuarm-armcortex.instrset/win/bin/../lib/gcc/arm-none-eabi/13.2.1/thumb/v7e-m+fp/hard\libgcc.a(_arm_cmpdf2.o)
                              xcp_ext_mode.o (__aeabi_dcmpeq)
C:/ProgramData/MATLAB/SupportPackages/R2024b/3P.instrset/gnuarm-armcortex.instrset/win/bin/../lib/gcc/arm-none-eabi/13.2.1/thumb/v7e-m+fp/hard\libgcc.a(_arm_unorddf2.o)
                              C:/ProgramData/MATLAB/SupportPackages/R2024b/3P.instrset/gnuarm-armcortex.instrset/win/bin/../lib/gcc/arm-none-eabi/13.2.1/thumb/v7e-m+fp/hard\libm.a(libm_a-w_fmod.o) (__aeabi_dcmpun)
C:/ProgramData/MATLAB/SupportPackages/R2024b/3P.instrset/gnuarm-armcortex.instrset/win/bin/../lib/gcc/arm-none-eabi/13.2.1/thumb/v7e-m+fp/hard\libgcc.a(_arm_fixunsdfsi.o)
                              xcp_ext_common.o (__aeabi_d2uiz)
C:/ProgramData/MATLAB/SupportPackages/R2024b/3P.instrset/gnuarm-armcortex.instrset/win/bin/../lib/gcc/arm-none-eabi/13.2.1/thumb/v7e-m+fp/hard\libgcc.a(_aeabi_uldivmod.o)
                              stm32g4xx_ll_lpuart.o (__aeabi_uldivmod)
C:/ProgramData/MATLAB/SupportPackages/R2024b/3P.instrset/gnuarm-armcortex.instrset/win/bin/../lib/gcc/arm-none-eabi/13.2.1/thumb/v7e-m+fp/hard\libgcc.a(_udivmoddi4.o)
                              C:/ProgramData/MATLAB/SupportPackages/R2024b/3P.instrset/gnuarm-armcortex.instrset/win/bin/../lib/gcc/arm-none-eabi/13.2.1/thumb/v7e-m+fp/hard\libgcc.a(_aeabi_uldivmod.o) (__udivmoddi4)
C:/ProgramData/MATLAB/SupportPackages/R2024b/3P.instrset/gnuarm-armcortex.instrset/win/bin/../lib/gcc/arm-none-eabi/13.2.1/thumb/v7e-m+fp/hard\libgcc.a(_dvmd_tls.o)
                              C:/ProgramData/MATLAB/SupportPackages/R2024b/3P.instrset/gnuarm-armcortex.instrset/win/bin/../lib/gcc/arm-none-eabi/13.2.1/thumb/v7e-m+fp/hard\libgcc.a(_aeabi_uldivmod.o) (__aeabi_ldiv0)
C:/ProgramData/MATLAB/SupportPackages/R2024b/3P.instrset/gnuarm-armcortex.instrset/win/bin/../lib/gcc/arm-none-eabi/13.2.1/thumb/v7e-m+fp/hard\libg_nano.a(libc_a-exit.o)
                              C:/ProgramData/MATLAB/SupportPackages/R2024b/3P.instrset/gnuarm-armcortex.instrset/win/bin/../lib/gcc/arm-none-eabi/13.2.1/thumb/v7e-m+fp/hard/crt0.o (exit)
C:/ProgramData/MATLAB/SupportPackages/R2024b/3P.instrset/gnuarm-armcortex.instrset/win/bin/../lib/gcc/arm-none-eabi/13.2.1/thumb/v7e-m+fp/hard\libg_nano.a(libc_a-findfp.o)
                              C:/ProgramData/MATLAB/SupportPackages/R2024b/3P.instrset/gnuarm-armcortex.instrset/win/bin/../lib/gcc/arm-none-eabi/13.2.1/thumb/v7e-m+fp/hard\libg_nano.a(libc_a-exit.o) (__stdio_exit_handler)
C:/ProgramData/MATLAB/SupportPackages/R2024b/3P.instrset/gnuarm-armcortex.instrset/win/bin/../lib/gcc/arm-none-eabi/13.2.1/thumb/v7e-m+fp/hard\libg_nano.a(libc_a-fwalk.o)
                              C:/ProgramData/MATLAB/SupportPackages/R2024b/3P.instrset/gnuarm-armcortex.instrset/win/bin/../lib/gcc/arm-none-eabi/13.2.1/thumb/v7e-m+fp/hard\libg_nano.a(libc_a-findfp.o) (_fwalk_sglue)
C:/ProgramData/MATLAB/SupportPackages/R2024b/3P.instrset/gnuarm-armcortex.instrset/win/bin/../lib/gcc/arm-none-eabi/13.2.1/thumb/v7e-m+fp/hard\libg_nano.a(libc_a-stdio.o)
                              C:/ProgramData/MATLAB/SupportPackages/R2024b/3P.instrset/gnuarm-armcortex.instrset/win/bin/../lib/gcc/arm-none-eabi/13.2.1/thumb/v7e-m+fp/hard\libg_nano.a(libc_a-findfp.o) (__sread)
C:/ProgramData/MATLAB/SupportPackages/R2024b/3P.instrset/gnuarm-armcortex.instrset/win/bin/../lib/gcc/arm-none-eabi/13.2.1/thumb/v7e-m+fp/hard\libg_nano.a(libc_a-memset.o)
[...]
Memory Configuration

Name             Origin             Length             Attributes
RAM              0x20000000         0x00020000         xrw
FLASH            0x08000000         0x00080000         xr
*default*        0x00000000         0xffffffff

Linker script and memory map

LOAD C:/ProgramData/MATLAB/SupportPackages/R2024b/3P.instrset/gnuarm-armcortex.instrset/win/bin/../lib/gcc/arm-none-eabi/13.2.1/thumb/v7e-m+fp/hard/crti.o
LOAD C:/ProgramData/MATLAB/SupportPackages/R2024b/3P.instrset/gnuarm-armcortex.instrset/win/bin/../lib/gcc/arm-none-eabi/13.2.1/thumb/v7e-m+fp/hard/crtbegin.o
LOAD C:/ProgramData/MATLAB/SupportPackages/R2024b/3P.instrset/gnuarm-armcortex.instrset/win/bin/../lib/gcc/arm-none-eabi/13.2.1/thumb/v7e-m+fp/hard/crt0.o
LOAD stm_timer_ll.o
LOAD xcp_ext_mode.o
LOAD Encoder_model.o
LOAD ert_main.o
LOAD xcp_ext_common.o
LOAD xcp_ext_classic_trigger.o
LOAD xcp.o
LOAD xcp_standard.o
LOAD xcp_daq.o
LOAD xcp_calibration.o
LOAD xcp_fifo.o
LOAD xcp_transport.o
LOAD xcp_mem_default.o
LOAD xcp_drv_rtiostream.o
LOAD xcp_utils.o
LOAD xcp_frame_serial.o
LOAD xcp_ext_param_default_serial.o
LOAD overrideHALDelay.o
LOAD platform_timer.o
LOAD SysTickScheduler.o
LOAD m3m4m4f_multitasking.o
LOAD rtiostream_serial.o
LOAD stm_usart.o
LOAD stm_lpuart.o
LOAD sys_arch.o
LOAD main.o
LOAD stm32g4xx_it.o
LOAD stm32g4xx_hal_msp.o
LOAD stm32g4xx_hal_timebase_tim.o
LOAD stm32g4xx_ll_utils.o
LOAD stm32g4xx_ll_exti.o
LOAD stm32g4xx_ll_gpio.o
LOAD stm32g4xx_ll_dma.o
LOAD stm32g4xx_ll_lpuart.o
LOAD stm32g4xx_ll_rcc.o
LOAD stm32g4xx_hal.o
LOAD stm32g4xx_hal_rcc.o
LOAD stm32g4xx_hal_rcc_ex.o
LOAD stm32g4xx_hal_flash.o
LOAD stm32g4xx_hal_flash_ex.o
LOAD stm32g4xx_hal_flash_ramfunc.o
LOAD stm32g4xx_hal_gpio.o
LOAD stm32g4xx_hal_exti.o
LOAD stm32g4xx_hal_dma.o
LOAD stm32g4xx_hal_dma_ex.o
LOAD stm32g4xx_hal_pwr.o
LOAD stm32g4xx_hal_pwr_ex.o
LOAD stm32g4xx_hal_cortex.o
LOAD stm32g4xx_hal_tim.o
LOAD stm32g4xx_hal_tim_ex.o
LOAD stm32g4xx_ll_tim.o
LOAD system_stm32g4xx.o
LOAD syscalls.o
LOAD sysmem.o
LOAD startup_stm32g474retx.o
LOAD C:/ProgramData/MATLAB/SupportPackages/R2024b/3P.instrset/cmsis_dsp.instrset/Lib/GCC/arm_cortexm4ldfsp_math/libCMSISDSP.a
LOAD C:/ProgramData/MATLAB/SupportPackages/R2024b/toolbox/shared/supportpackages/stm32/lib/GCC/libmw_pdmfilter_m4_spfp.lib
LOAD C:/ProgramData/MATLAB/SupportPackages/R2024b/3P.instrset/gnuarm-armcortex.instrset/win/bin/../lib/gcc/arm-none-eabi/13.2.1/thumb/v7e-m+fp/hard\libstdc++_nano.a
LOAD C:/ProgramData/MATLAB/SupportPackages/R2024b/3P.instrset/gnuarm-armcortex.instrset/win/bin/../lib/gcc/arm-none-eabi/13.2.1/thumb/v7e-m+fp/hard\libm.a
START GROUP
LOAD C:/ProgramData/MATLAB/SupportPackages/R2024b/3P.instrset/gnuarm-armcortex.instrset/win/bin/../lib/gcc/arm-none-eabi/13.2.1/thumb/v7e-m+fp/hard\libgcc.a
LOAD C:/ProgramData/MATLAB/SupportPackages/R2024b/3P.instrset/gnuarm-armcortex.instrset/win/bin/../lib/gcc/arm-none-eabi/13.2.1/thumb/v7e-m+fp/hard\libg_nano.a
LOAD C:/ProgramData/MATLAB/SupportPackages/R2024b/3P.instrset/gnuarm-armcortex.instrset/win/bin/../lib/gcc/arm-none-eabi/13.2.1/thumb/v7e-m+fp/hard\libc_nano.a
END GROUP
START GROUP
LOAD C:/ProgramData/MATLAB/SupportPackages/R2024b/3P.instrset/gnuarm-armcortex.instrset/win/bin/../lib/gcc/arm-none-eabi/13.2.1/thumb/v7e-m+fp/hard\libgcc.a
LOAD C:/ProgramData/MATLAB/SupportPackages/R2024b/3P.instrset/gnuarm-armcortex.instrset/win/bin/../lib/gcc/arm-none-eabi/13.2.1/thumb/v7e-m+fp/hard\libc_nano.a
LOAD C:/ProgramData/MATLAB/SupportPackages/R2024b/3P.instrset/gnuarm-armcortex.instrset/win/bin/../lib/gcc/arm-none-eabi/13.2.1/thumb/v7e-m+fp/hard\libnosys.a
END GROUP
START GROUP
LOAD C:/ProgramData/MATLAB/SupportPackages/R2024b/3P.instrset/gnuarm-armcortex.instrset/win/bin/../lib/gcc/arm-none-eabi/13.2.1/thumb/v7e-m+fp/hard\libgcc.a
LOAD C:/ProgramData/MATLAB/SupportPackages/R2024b/3P.instrset/gnuarm-armcortex.instrset/win/bin/../lib/gcc/arm-none-eabi/13.2.1/thumb/v7e-m+fp/hard\libc_nano.a
LOAD C:/ProgramData/MATLAB/SupportPackages/R2024b/3P.instrset/gnuarm-armcortex.instrset/win/bin/../lib/gcc/arm-none-eabi/13.2.1/thumb/v7e-m+fp/hard\libnosys.a
END GROUP
LOAD C:/ProgramData/MATLAB/SupportPackages/R2024b/3P.instrset/gnuarm-armcortex.instrset/win/bin/../lib/gcc/arm-none-eabi/13.2.1/thumb/v7e-m+fp/hard/crtend.o
LOAD C:/ProgramData/MATLAB/SupportPackages/R2024b/3P.instrset/gnuarm-armcortex.instrset/win/bin/../lib/gcc/arm-none-eabi/13.2.1/thumb/v7e-m+fp/hard/crtn.o
                0x20020000                        _estack = (ORIGIN (RAM) + LENGTH (RAM))
                0x00000200                        _Min_Heap_Size = 0x200
                0x00000400                        _Min_Stack_Size = 0x400

.isr_vector     0x08000000      0x1d8
                0x08000000                        . = ALIGN (0x4)
 *(.isr_vector)
 .isr_vector    0x08000000      0x1d8 startup_stm32g474retx.o
                0x08000000                g_pfnVectors
                0x080001d8                        . = ALIGN (0x4)

.text           0x080001d8     0xd768
                0x080001d8                        . = ALIGN (0x4)
 *(.text)
 .text          0x080001d8      0x378 C:/ProgramData/MATLAB/SupportPackages/R2024b/3P.instrset/gnuarm-armcortex.instrset/win/bin/../lib/gcc/arm-none-eabi/13.2.1/thumb/v7e-m+fp/hard\libgcc.a(_arm_addsubdf3.o)
                0x080001d8                __aeabi_drsub
                0x080001e0                __aeabi_dsub
                0x080001e0                __subdf3
                0x080001e4                __aeabi_dadd
                0x080001e4                __adddf3
                0x0800045c                __floatunsidf
                0x0800045c                __aeabi_ui2d
                0x0800047c                __floatsidf
                0x0800047c                __aeabi_i2d
                0x080004a0                __aeabi_f2d
                0x080004a0                __extendsfdf2
                0x080004e4                __floatundidf
                0x080004e4                __aeabi_ul2d
                0x080004f4                __floatdidf
                0x080004f4                __aeabi_l2d
 .text          0x08000550      0x424 C:/ProgramData/MATLAB/SupportPackages/R2024b/3P.instrset/gnuarm-armcortex.instrset/win/bin/../lib/gcc/arm-none-eabi/13.2.1/thumb/v7e-m+fp/hard\libgcc.a(_arm_muldivdf3.o)
                0x08000550                __aeabi_dmul
                0x08000550                __muldf3
                0x080007a4                __divdf3
                0x080007a4                __aeabi_ddiv
 .text          0x08000974      0x110 C:/ProgramData/MATLAB/SupportPackages/R2024b/3P.instrset/gnuarm-armcortex.instrset/win/bin/../lib/gcc/arm-none-eabi/13.2.1/thumb/v7e-m+fp/hard\libgcc.a(_arm_cmpdf2.o)
                0x08000974                __gtdf2
                0x08000974                __gedf2
                0x0800097c                __ltdf2
                0x0800097c                __ledf2
                0x08000984                __nedf2
                0x08000984                __eqdf2
                0x08000984                __cmpdf2
                0x08000a00                __aeabi_cdrcmple
                0x08000a10                __aeabi_cdcmpeq
                0x08000a10                __aeabi_cdcmple
                0x08000a20                __aeabi_dcmpeq
                0x08000a34                __aeabi_dcmplt
                0x08000a48                __aeabi_dcmple
                0x08000a5c                __aeabi_dcmpge
                0x08000a70                __aeabi_dcmpgt
 .text          0x08000a84       0x2c C:/ProgramData/MATLAB/SupportPackages/R2024b/3P.instrset/gnuarm-armcortex.instrset/win/bin/../lib/gcc/arm-none-eabi/13.2.1/thumb/v7e-m+fp/hard\libgcc.a(_arm_unorddf2.o)
                0x08000a84                __unorddf2
                0x08000a84                __aeabi_dcmpun
 .text          0x08000ab0       0x40 C:/ProgramData/MATLAB/SupportPackages/R2024b/3P.instrset/gnuarm-armcortex.instrset/win/bin/../lib/gcc/arm-none-eabi/13.2.1/thumb/v7e-m+fp/hard\libgcc.a(_arm_fixunsdfsi.o)
                0x08000ab0                __aeabi_d2uiz
                0x08000ab0                __fixunsdfsi
 .text          0x08000af0       0x30 C:/ProgramData/MATLAB/SupportPackages/R2024b/3P.instrset/gnuarm-armcortex.instrset/win/bin/../lib/gcc/arm-none-eabi/13.2.1/thumb/v7e-m+fp/hard\libgcc.a(_aeabi_uldivmod.o)
                0x08000af0                __aeabi_uldivmod
 .text          0x08000b20        0x4 C:/ProgramData/MATLAB/SupportPackages/R2024b/3P.instrset/gnuarm-armcortex.instrset/win/bin/../lib/gcc/arm-none-eabi/13.2.1/thumb/v7e-m+fp/hard\libgcc.a(_dvmd_tls.o)
                0x08000b20                __aeabi_idiv0
                0x08000b20                __aeabi_ldiv0
 *(.text*)
 .text.deregister_tm_clones
                0x08000b24       0x1c C:/ProgramData/MATLAB/SupportPackages/R2024b/3P.instrset/gnuarm-armcortex.instrset/win/bin/../lib/gcc/arm-none-eabi/13.2.1/thumb/v7e-m+fp/hard/crtbegin.o
 .text.register_tm_clones
                0x08000b40       0x24 C:/ProgramData/MATLAB/SupportPackages/R2024b/3P.instrset/gnuarm-armcortex.instrset/win/bin/../lib/gcc/arm-none-eabi/13.2.1/thumb/v7e-m+fp/hard/crtbegin.o
 .text.__do_global_dtors_aux
                0x08000b64       0x28 C:/ProgramData/MATLAB/SupportPackages/R2024b/3P.instrset/gnuarm-armcortex.instrset/win/bin/../lib/gcc/arm-none-eabi/13.2.1/thumb/v7e-m+fp/hard/crtbegin.o
 .text.frame_dummy
                0x08000b8c       0x24 C:/ProgramData/MATLAB/SupportPackages/R2024b/3P.instrset/gnuarm-armcortex.instrset/win/bin/../lib/gcc/arm-none-eabi/13.2.1/thumb/v7e-m+fp/hard/crtbegin.o
 .text.LL_TIM_GetCounterMode
                0x08000bb0       0x30 stm_timer_ll.o
 .text.LL_TIM_GetCounter
                0x08000be0       0x18 stm_timer_ll.o
 .text.LL_TIM_GetRepetitionCounter
                0x08000bf8       0x18 stm_timer_ll.o
 .text.LL_TIM_CC_EnableChannel
                0x08000c10       0x22 stm_timer_ll.o
 .text.LL_TIM_CC_DisableChannel
                0x08000c32       0x24 stm_timer_ll.o
 .text.LL_TIM_EnableAllOutputs
                0x08000c56       0x20 stm_timer_ll.o
 .text.LL_TIM_IsActiveFlag_IDX
                0x08000c76       0x28 stm_timer_ll.o
 .text.LL_TIM_EnableIT_UPDATE
                0x08000c9e       0x20 stm_timer_ll.o
 .text.LL_TIM_DisableIT_UPDATE
                0x08000cbe       0x20 stm_timer_ll.o
 .text.LL_TIM_IsEnabledIT_UPDATE
                0x08000cde       0x26 stm_timer_ll.o
 .text.LL_TIM_EnableIT_CC1
                0x08000d04       0x20 stm_timer_ll.o
 .text.LL_TIM_DisableIT_CC1
                0x08000d24       0x20 stm_timer_ll.o
 .text.LL_TIM_IsEnabledIT_CC1
                0x08000d44       0x26 stm_timer_ll.o
 .text.LL_TIM_EnableIT_CC2
                0x08000d6a       0x20 stm_timer_ll.o
 .text.LL_TIM_DisableIT_CC2
                0x08000d8a       0x20 stm_timer_ll.o
 .text.LL_TIM_IsEnabledIT_CC2
                0x08000daa       0x26 stm_timer_ll.o
 .text.LL_TIM_EnableIT_CC3
                0x08000dd0       0x20 stm_timer_ll.o
 .text.LL_TIM_DisableIT_CC3
                0x08000df0       0x20 stm_timer_ll.o
 .text.LL_TIM_IsEnabledIT_CC3
                0x08000e10       0x26 stm_timer_ll.o
 .text.LL_TIM_EnableIT_CC4
                0x08000e36       0x20 stm_timer_ll.o
 .text.LL_TIM_DisableIT_CC4
                0x08000e56       0x20 stm_timer_ll.o
 .text.LL_TIM_IsEnabledIT_CC4
                0x08000e76       0x26 stm_timer_ll.o
 .text.LL_TIM_EnableIT_COM
                0x08000e9c       0x20 stm_timer_ll.o
 .text.LL_TIM_DisableIT_COM
                0x08000ebc       0x20 stm_timer_ll.o
 .text.LL_TIM_IsEnabledIT_COM
                0x08000edc       0x26 stm_timer_ll.o
 .text.LL_TIM_EnableIT_TRIG
                0x08000f02       0x20 stm_timer_ll.o
 .text.LL_TIM_DisableIT_TRIG
                0x08000f22       0x20 stm_timer_ll.o
 .text.LL_TIM_IsEnabledIT_TRIG
                0x08000f42       0x26 stm_timer_ll.o
 .text.LL_TIM_EnableIT_BRK
                0x08000f68       0x20 stm_timer_ll.o
 .text.LL_TIM_DisableIT_BRK
                0x08000f88       0x20 stm_timer_ll.o
 .text.LL_TIM_IsEnabledIT_BRK
                0x08000fa8       0x26 stm_timer_ll.o
 .text.LL_TIM_EnableIT_TERR
                0x08000fce       0x20 stm_timer_ll.o
 .text.LL_TIM_DisableIT_TERR
                0x08000fee       0x20 stm_timer_ll.o
 .text.LL_TIM_IsEnabledIT_TERR
                0x0800100e       0x28 stm_timer_ll.o
 .text.LL_TIM_EnableIT_IERR
                0x08001036       0x20 stm_timer_ll.o
 .text.LL_TIM_DisableIT_IERR
                0x08001056       0x20 stm_timer_ll.o
 .text.LL_TIM_IsEnabledIT_IERR
                0x08001076       0x28 stm_timer_ll.o
 .text.LL_TIM_EnableIT_DIR
                0x0800109e       0x20 stm_timer_ll.o
 .text.LL_TIM_DisableIT_DIR
                0x080010be       0x20 stm_timer_ll.o
 .text.LL_TIM_IsEnabledIT_DIR
                0x080010de       0x28 stm_timer_ll.o
 .text.LL_TIM_EnableIT_IDX
                0x08001106       0x20 stm_timer_ll.o
 .text.LL_TIM_DisableIT_IDX
                0x08001126       0x20 stm_timer_ll.o
 .text.LL_TIM_IsEnabledIT_IDX
                0x08001146       0x28 stm_timer_ll.o
 .text.TIM_IsActiveFlagIDX
                0x0800116e       0x34 stm_timer_ll.o
                0x0800116e                TIM_IsActiveFlagIDX
 .text.enableTimerInterrupts
                0x080011a2      0x1c4 stm_timer_ll.o
                0x080011a2                enableTimerInterrupts
 .text.disableTimerInterrupts
                0x08001366      0x1c4 stm_timer_ll.o
                0x08001366                disableTimerInterrupts
 *fill*         0x0800152a        0x2 
 .text.enableTimerChannel1
                0x0800152c       0xb0 stm_timer_ll.o
                0x0800152c                enableTimerChannel1
 .text.disableTimerChannel1
                0x080015dc       0xb0 stm_timer_ll.o
                0x080015dc                disableTimerChannel1
 .text.enableTimerChannel2
                0x0800168c       0xb0 stm_timer_ll.o
                0x0800168c                enableTimerChannel2
 .text.disableTimerChannel2
                0x0800173c       0xb0 stm_timer_ll.o
                0x0800173c                disableTimerChannel2
 .text.Timer_Handle_Init
                0x080017ec      0x140 stm_timer_ll.o
                0x080017ec                Timer_Handle_Init
 .text.getTimerCounterValueForG4
                0x0800192c       0x64 stm_timer_ll.o
                0x0800192c                getTimerCounterValueForG4
 .text.extmodeParseArgs
                0x08001990       0x1e xcp_ext_mode.o
                0x08001990                extmodeParseArgs
 *fill*         0x080019ae        0x2 
 .text.extmodeInit
                0x080019b0      0x128 xcp_ext_mode.o
                0x080019b0                extmodeInit
 .text.extmodeWaitForHostRequest
                0x08001ad8       0xcc xcp_ext_mode.o
                0x08001ad8                extmodeWaitForHostRequest
 .text.extmodeEvent
                0x08001ba4       0xfc xcp_ext_mode.o
                0x08001ba4                extmodeEvent
 .text.extmodeBackgroundRun
                0x08001ca0       0x20 xcp_ext_mode.o
                0x08001ca0                extmodeBackgroundRun
 .text.extmodeReset
                0x08001cc0       0x40 xcp_ext_mode.o
                0x08001cc0                extmodeReset
 .text.extmodeStopRequested
                0x08001d00       0x18 xcp_ext_mode.o
                0x08001d00                extmodeStopRequested
 .text.extmodeSimulationComplete
                0x08001d18       0x18 xcp_ext_mode.o
                0x08001d18                extmodeSimulationComplete
 .text.LL_TIM_EnableCounter
                0x08001d30       0x20 Encoder_model.o
 .text.LL_TIM_DisableCounter
                0x08001d50       0x20 Encoder_model.o
 .text.LL_TIM_SetUpdateSource
                0x08001d70       0x26 Encoder_model.o
 .text.LL_TIM_GetUpdateSource
                0x08001d96       0x1c Encoder_model.o
 .text.LL_TIM_GetDirection
                0x08001db2       0x1c Encoder_model.o
 .text.LL_TIM_SetRepetitionCounter
                0x08001dce       0x1c Encoder_model.o
 .text.LL_TIM_GenerateEvent_UPDATE
                0x08001dea       0x20 Encoder_model.o
 *fill*         0x08001e0a        0x2 
 .text.isSlaveTriggerModeEnabled
                0x08001e0c       0x30 Encoder_model.o
 .text.enableCounter
                0x08001e3c      0x118 Encoder_model.o
 .text.ouputDirectionOfCounter
                0x08001f54       0x26 Encoder_model.o
 .text.disableCounter
                0x08001f7a       0x1a Encoder_model.o
 .text.Encoder_model_SystemCore_setup
                0x08001f94       0x94 Encoder_model.o
 .text.Encoder_mode_SystemCore_setup_g
                0x08002028       0x94 Encoder_model.o
 .text.Encoder_mod_SystemCore_setup_g1
                0x080020bc       0x94 Encoder_model.o
 .text.Encoder_model_step
                0x08002150      0x5f0 Encoder_model.o
                0x08002150                Encoder_model_step
 .text.Encoder_model_initialize
                0x08002740      0x100 Encoder_model.o
                0x08002740                Encoder_model_initialize
 .text.Encoder_model_terminate
                0x08002840      0x114 Encoder_model.o
                0x08002840                Encoder_model_terminate
 .text.rt_OneStep
                0x08002954       0x78 ert_main.o
                0x08002954                rt_OneStep
 .text.main     0x080029cc      0x18c ert_main.o
                0x080029cc                main
 .text.xcp_void_printf
                0x08002b58       0x12 xcp_ext_common.o
                0x08002b58                xcp_void_printf
 .text.xcpCopyTimeValue
                0x08002b6a       0x26 xcp_ext_common.o
 .text.xcpExtModeUpdateTime
                0x08002b90      0x13c xcp_ext_common.o
                0x08002b90                xcpExtModeUpdateTime
 .text.xcpExtModeInit
                0x08002ccc       0xb0 xcp_ext_common.o
                0x08002ccc                xcpExtModeInit
 .text.xcpExtModeRunBackground
                0x08002d7c      0x13c xcp_ext_common.o
                0x08002d7c                xcpExtModeRunBackground
 .text.xcpExtModeReset
                0x08002eb8      0x128 xcp_ext_common.o
                0x08002eb8                xcpExtModeReset
 .text.sampleSignalTrigger
                0x08002fe0      0x1b4 xcp_ext_classic_trigger.o
 .text.updateTriggerStatus
                0x08003194      0x2b8 xcp_ext_classic_trigger.o
 .text.xcpExtModeClassicTriggerInit
                0x0800344c       0x68 xcp_ext_classic_trigger.o
                0x0800344c                xcpExtModeClassicTriggerInit
 .text.xcpExtModeClassicTriggerEnabled
                0x080034b4      0x100 xcp_ext_classic_trigger.o
                0x080034b4                xcpExtModeClassicTriggerEnabled
 .text.xcpExtModeClassicTriggerReset
                0x080035b4       0xf4 xcp_ext_classic_trigger.o
                0x080035b4                xcpExtModeClassicTriggerReset
 .text.xcpExtModeClassicTriggerForceEnableStatusUpdate
                0x080036a8       0x78 xcp_ext_classic_trigger.o
                0x080036a8                xcpExtModeClassicTriggerForceEnableStatusUpdate
 .text.msgBufferRealloc
                0x08003720       0x72 xcp.o
 *fill*         0x08003792        0x2 
 .text.discardInputPacketHandler
                0x08003794       0x3c xcp.o
 .text.unknownInputPacketHandler
                0x080037d0       0x34 xcp.o
 .text.xcpGetPacketGroupID
                0x08003804       0x74 xcp.o
 .text.xcpGetPacketHandlers
                0x08003878      0x124 xcp.o
 .text.xcpStatusSet
                0x0800399c       0x20 xcp.o
                0x0800399c                xcpStatusSet
 .text.xcpSessionStatusGet
                0x080039bc       0x18 xcp.o
                0x080039bc                xcpSessionStatusGet
 .text.xcpSessionStatusSetMask
                0x080039d4       0x28 xcp.o
                0x080039d4                xcpSessionStatusSetMask
 .text.xcpSessionStatusClearMask
                0x080039fc       0x34 xcp.o
                0x080039fc                xcpSessionStatusClearMask
 .text.xcpResourceProtectionStatusGet
                0x08003a30       0x18 xcp.o
                0x08003a30                xcpResourceProtectionStatusGet
 .text.xcpSessionConfigurationIdGet
                0x08003a48       0x18 xcp.o
                0x08003a48                xcpSessionConfigurationIdGet
 .text.genericOutputPacketHandler
                0x08003a60      0x11c xcp.o
                0x08003a60                genericOutputPacketHandler
 .text.xcpFindPacket
                0x08003b7c       0x6e xcp.o
                0x08003b7c                xcpFindPacket
 *fill*         0x08003bea        0x2 
 .text.xcpInit  0x08003bec       0x64 xcp.o
                0x08003bec                xcpInit
 .text.xcpRun   0x08003c50      0x194 xcp.o
                0x08003c50                xcpRun
 .text.xcpEvent
                0x08003de4       0x50 xcp.o
                0x08003de4                xcpEvent
 .text.xcpGetStatus
                0x08003e34       0x18 xcp.o
                0x08003e34                xcpGetStatus
 .text.xcpReset
                0x08003e4c       0x40 xcp.o
                0x08003e4c                xcpReset
 .text.xcpPackedModeEventsFlush
                0x08003e8c       0x1e xcp.o
                0x08003e8c                xcpPackedModeEventsFlush
 .text.xcpPackedModeEventReset
                0x08003eaa       0x2a xcp.o
                0x08003eaa                xcpPackedModeEventReset
 .text.isValidUploadSize
                0x08003ed4       0x30 xcp_standard.o
 .text.xcpMemcpyFromMTA
                0x08003f04       0x38 xcp_standard.o
 .text.connectInputPacketHandler
                0x08003f3c       0xa4 xcp_standard.o
 .text.connectOutputPacketHandler
                0x08003fe0       0xd4 xcp_standard.o
 .text.disconnectInputPacketHandler
                0x080040b4       0x54 xcp_standard.o
 .text.getStatusInputPacketHandler
                0x08004108       0x28 xcp_standard.o
 .text.getStatusOutputPacketHandler
                0x08004130       0x80 xcp_standard.o
 .text.synchInputPacketHandler
                0x080041b0       0x44 xcp_standard.o
 .text.setMTAInputPacketHandler
                0x080041f4       0x78 xcp_standard.o
 .text.uploadInputPacketHandler
                0x0800426c       0x98 xcp_standard.o
 .text.uploadOutputPacketHandler
                0x08004304       0x9c xcp_standard.o
 .text.shortUploadInputPacketHandler
                0x080043a0       0xa4 xcp_standard.o
 .text.shortUploadOutputPacketHandler
                0x08004444       0x9c xcp_standard.o
 .text.getPacket
                0x080044e0       0x24 xcp_standard.o
 .text.xcpStandardInit
                0x08004504       0x18 xcp_standard.o
                0x08004504                xcpStandardInit
 .text.xcpStandardGetPacketLookup
                0x0800451c       0x18 xcp_standard.o
                0x0800451c                xcpStandardGetPacketLookup
 .text.xcpStandardSetPacketLookup
                0x08004534       0x20 xcp_standard.o
                0x08004534                xcpStandardSetPacketLookup
 .text.xcpStandardReset
                0x08004554       0x12 xcp_standard.o
                0x08004554                xcpStandardReset
 *fill*         0x08004566        0x2 
 .text.xcpStandardGetAddressFromMta
                0x08004568       0x18 xcp_standard.o
                0x08004568                xcpStandardGetAddressFromMta
 .text.xcpStandardSetMta
                0x08004580       0x3c xcp_standard.o
                0x08004580                xcpStandardSetMta
 .text.xcpStandardIncrementMta
                0x080045bc       0x28 xcp_standard.o
                0x080045bc                xcpStandardIncrementMta
 .text.xcpStandardExtendedInit
                0x080045e4        0xe xcp_standard.o
                0x080045e4                xcpStandardExtendedInit
 .text.xcpStandardExtendedReset
                0x080045f2        0xe xcp_standard.o
                0x080045f2                xcpStandardExtendedReset
 .text.xcpDaqWriteLock
                0x08004600       0x4c xcp_daq.o
 .text.xcpDaqWriteUnlock
                0x0800464c       0x20 xcp_daq.o
 .text.xcpDaqReadLock
                0x0800466c       0x38 xcp_daq.o
 .text.xcpDaqReadUnlock
                0x080046a4       0x38 xcp_daq.o
 .text.isActiveDaqList
                0x080046dc       0x50 xcp_daq.o
 .text.noActiveDaqLists
                0x0800472c       0x50 xcp_daq.o
 .text.isValidDaqPtr
                0x0800477c       0xb8 xcp_daq.o
 .text.isValidDaqEntry
                0x08004834       0x36 xcp_daq.o
 .text.isSupportedDaqListMode
                0x0800486a       0x26 xcp_daq.o
 .text.isValidStartStopMode
                0x08004890       0x32 xcp_daq.o
 .text.isValidStartStopSynchMode
                0x080048c2       0x32 xcp_daq.o
 .text.absoluteOdtNumberIdentification
                0x080048f4       0x10 xcp_daq.o
 .text.isDaqPackedModeEnabled
                0x08004904       0x6c xcp_daq.o
 .text.odtPacketSize
                0x08004970       0x54 xcp_daq.o
 .text.createDaqReservedPool
                0x080049c4       0x88 xcp_daq.o
 .text.destroyDaqReservedPool
                0x08004a4c       0x2c xcp_daq.o
 .text.setDaqPtrInputPacketHandler
                0x08004a78       0xdc xcp_daq.o
 .text.writeDaqInputPacketHandler
                0x08004b54      0x198 xcp_daq.o
 .text.setDaqListModeInputPacketHandler
                0x08004cec      0x1c8 xcp_daq.o
 .text.startStopDaqListInputPacketHandler
                0x08004eb4      0x3f4 xcp_daq.o
 .text.startStopDaqListOutputPacketHandler
                0x080052a8       0x5c xcp_daq.o
 .text.startStopSynchInputPacketHandler
                0x08005304      0x328 xcp_daq.o
 .text.getDaqProcessorInfoInputPacketHandler
                0x0800562c       0x28 xcp_daq.o
 .text.getDaqProcessorInfoOutputPacketHandler
                0x08005654       0xac xcp_daq.o
 .text.getDaqResolutionInfoInputPacketHandler
                0x08005700       0x28 xcp_daq.o
 .text.getDaqResolutionInfoOutputPacketHandler
                0x08005728       0xb8 xcp_daq.o
 .text.freeDaqInputPacketHandler
                0x080057e0       0x5c xcp_daq.o
 .text.allocDaqInputPacketHandler
                0x0800583c      0x18c xcp_daq.o
 .text.allocOdtInputPacketHandler
                0x080059c8      0x1c0 xcp_daq.o
 .text.allocOdtEntryInputPacketHandler
                0x08005b88      0x270 xcp_daq.o
 .text.getDaqClockInputPacketHandler
                0x08005df8       0x22 xcp_daq.o
 *fill*         0x08005e1a        0x2 
 .text.setDaqPackedModeInputPacketHandler
                0x08005e1c      0x21c xcp_daq.o
 .text.level1CommandInputPacketHandler
                0x08006038       0x64 xcp_daq.o
 .text.getPacket
                0x0800609c       0x24 xcp_daq.o
 .text.xcpDaqInit
                0x080060c0       0x38 xcp_daq.o
                0x080060c0                xcpDaqInit
 .text.xcpDaqGetPacketLookup
                0x080060f8       0x18 xcp_daq.o
                0x080060f8                xcpDaqGetPacketLookup
 .text.xcpDaqSetPacketLookup
                0x08006110       0x20 xcp_daq.o
                0x08006110                xcpDaqSetPacketLookup
 .text.xcpResetDaq
                0x08006130       0xa4 xcp_daq.o
 .text.daqWriteXCPDataForOdt
                0x080061d4       0x7c xcp_daq.o
 .text.odtWriteEntries
                0x08006250       0x9c xcp_daq.o
 .text.xcpProcessDaq
                0x080062ec      0x208 xcp_daq.o
 .text.xcpDaqEvent
                0x080064f4      0x108 xcp_daq.o
                0x080064f4                xcpDaqEvent
 .text.xcpDaqEventsFlush
                0x080065fc      0x284 xcp_daq.o
                0x080065fc                xcpDaqEventsFlush
 .text.xcpDaqLock
                0x08006880       0x1e xcp_daq.o
                0x08006880                xcpDaqLock
 .text.xcpDaqUnlock
                0x0800689e        0xe xcp_daq.o
                0x0800689e                xcpDaqUnlock
 .text.xcpResetDaqListStatus
                0x080068ac      0x19c xcp_daq.o
                0x080068ac                xcpResetDaqListStatus
 .text.xcpDaqReset
                0x08006a48       0x20 xcp_daq.o
                0x08006a48                xcpDaqReset
 .text.xcpDaqExtendedInit
                0x08006a68        0xe xcp_daq.o
                0x08006a68                xcpDaqExtendedInit
 .text.xcpDaqExtendedReset
                0x08006a76        0xe xcp_daq.o
                0x08006a76                xcpDaqExtendedReset
 .text.isValidShortDownloadSize
                0x08006a84       0x34 xcp_calibration.o
 .text.isValidDownloadSize
                0x08006ab8       0x3a xcp_calibration.o
 *fill*         0x08006af2        0x2 
 .text.xcpMemcpyToMTA
                0x08006af4       0x34 xcp_calibration.o
 .text.downloadInputPacketHandler
                0x08006b28       0xb0 xcp_calibration.o
 .text.shortDownloadInputPacketHandler
                0x08006bd8       0xb8 xcp_calibration.o
 .text.getPacket
                0x08006c90       0x24 xcp_calibration.o
 .text.xcpCalibrationInit
                0x08006cb4       0x14 xcp_calibration.o
                0x08006cb4                xcpCalibrationInit
 .text.xcpCalibrationGetPacketLookup
                0x08006cc8       0x18 xcp_calibration.o
                0x08006cc8                xcpCalibrationGetPacketLookup
 .text.xcpCalibrationSetPacketLookup
                0x08006ce0       0x20 xcp_calibration.o
                0x08006ce0                xcpCalibrationSetPacketLookup
 .text.xcpCalibrationReset
                0x08006d00        0xe xcp_calibration.o
                0x08006d00                xcpCalibrationReset
 .text.xcpFifoInit
                0x08006d0e       0x20 xcp_fifo.o
                0x08006d0e                xcpFifoInit
 .text.xcpFifoEnqueue
                0x08006d2e       0x2a xcp_fifo.o
                0x08006d2e                xcpFifoEnqueue
 .text.xcpFifoDequeue
                0x08006d58       0x3e xcp_fifo.o
                0x08006d58                xcpFifoDequeue
 .text.xcpFifoEnqueueHead
                0x08006d96       0x32 xcp_fifo.o
                0x08006d96                xcpFifoEnqueueHead
 .text.xcpFifoReset
                0x08006dc8       0x16 xcp_fifo.o
                0x08006dc8                xcpFifoReset
 *fill*         0x08006dde        0x2 
 .text.xcpTransportEmptyTxFifo
                0x08006de0       0x6c xcp_transport.o
 .text.xcpTransportEmptyRxFifo
                0x08006e4c       0x6c xcp_transport.o
 .text.xcpTransportInit
                0x08006eb8      0x138 xcp_transport.o
                0x08006eb8                xcpTransportInit
 .text.xcpTransportTxReady
                0x08006ff0       0x1a xcp_transport.o
                0x08006ff0                xcpTransportTxReady
 .text.xcpTransportTxTrigger
                0x0800700a       0x1a xcp_transport.o
                0x0800700a                xcpTransportTxTrigger
 .text.xcpTransportTxPacketSet
                0x08007024      0x144 xcp_transport.o
                0x08007024                xcpTransportTxPacketSet
 .text.xcpTransportTx
                0x08007168       0xec xcp_transport.o
                0x08007168                xcpTransportTx
 .text.xcpTransportRx
                0x08007254       0x80 xcp_transport.o
                0x08007254                xcpTransportRx
 .text.xcpTransportRxPacketGet
                0x080072d4      0x12c xcp_transport.o
                0x080072d4                xcpTransportRxPacketGet
 .text.xcpTransportPacketOffset
                0x08007400       0x20 xcp_transport.o
                0x08007400                xcpTransportPacketOffset
 .text.xcpTransportMsgBufferSize
                0x08007420       0x70 xcp_transport.o
                0x08007420                xcpTransportMsgBufferSize
 .text.xcpTransportMaxDtoSize
                0x08007490        0xe xcp_transport.o
                0x08007490                xcpTransportMaxDtoSize
 .text.xcpTransportMaxCtoSize
                0x0800749e        0xe xcp_transport.o
                0x0800749e                xcpTransportMaxCtoSize
 .text.xcpTransportRestart
                0x080074ac       0x44 xcp_transport.o
                0x080074ac                xcpTransportRestart
 .text.xcpTransportResynch
                0x080074f0       0x40 xcp_transport.o
                0x080074f0                xcpTransportResynch
 .text.xcpTransportCtoReservedMemPoolId
                0x08007530       0x18 xcp_transport.o
                0x08007530                xcpTransportCtoReservedMemPoolId
 .text.xcpTransportReset
                0x08007548       0xe4 xcp_transport.o
                0x08007548                xcpTransportReset
 .text.xcpInitializePoolMemoryArea
                0x0800762c       0x72 xcp_mem_default.o
 *fill*         0x0800769e        0x2 
 .text.xcpMemInit
                0x080076a0      0x1d4 xcp_mem_default.o
                0x080076a0                xcpMemInit
 .text.xcpMemAlloc
                0x08007874       0xe8 xcp_mem_default.o
                0x08007874                xcpMemAlloc
 .text.xcpMemFree
                0x0800795c      0x170 xcp_mem_default.o
                0x0800795c                xcpMemFree
 .text.xcpMemReservedPoolCreate
                0x08007acc      0x220 xcp_mem_default.o
                0x08007acc                xcpMemReservedPoolCreate
 .text.xcpMemReservedPoolDestroy
                0x08007cec      0x158 xcp_mem_default.o
                0x08007cec                xcpMemReservedPoolDestroy
 .text.xcpMemCustomPoolCreate
                0x08007e44       0xbc xcp_mem_default.o
                0x08007e44                xcpMemCustomPoolCreate
 .text.xcpMemCustomPoolDestroy
                0x08007f00       0x64 xcp_mem_default.o
                0x08007f00                xcpMemCustomPoolDestroy
 .text.xcpMemAllocFromPool
                0x08007f64      0x170 xcp_mem_default.o
                0x08007f64                xcpMemAllocFromPool
 .text.xcpMemReset
                0x080080d4       0x50 xcp_mem_default.o
                0x080080d4                xcpMemReset
 .text.xcpDrvOpen
                0x08008124       0x64 xcp_drv_rtiostream.o
                0x08008124                xcpDrvOpen
 .text.xcpDrvIoctl
                0x08008188       0x4c xcp_drv_rtiostream.o
                0x08008188                xcpDrvIoctl
 .text.xcpDrvSend
                0x080081d4      0x14c xcp_drv_rtiostream.o
                0x080081d4                xcpDrvSend
 .text.xcpDrvRecv
                0x08008320      0x14c xcp_drv_rtiostream.o
                0x08008320                xcpDrvRecv
 .text.xcpDrvClose
                0x0800846c       0x5c xcp_drv_rtiostream.o
                0x0800846c                xcpDrvClose
 .text.xcpSortArray
                0x080084c8       0xcc xcp_utils.o
                0x080084c8                xcpSortArray
 .text.xcpSxiHtons
                0x08008594       0x18 xcp_frame_serial.o
 .text.xcpSxiNtohs
                0x080085ac       0x1c xcp_frame_serial.o
 .text.xcpSxiChecksum
                0x080085c8       0x3e xcp_frame_serial.o
                0x080085c8                xcpSxiChecksum
 *fill*         0x08008606        0x2 
 .text.xcpFrameInit
                0x08008608       0x70 xcp_frame_serial.o
                0x08008608                xcpFrameInit
 .text.xcpFrameMsgSend
                0x08008678      0x188 xcp_frame_serial.o
                0x08008678                xcpFrameMsgSend
 .text.xcpFrameMsgRecv
                0x08008800      0x180 xcp_frame_serial.o
                0x08008800                xcpFrameMsgRecv
 .text.xcpFrameCreateMsg
                0x08008980       0x94 xcp_frame_serial.o
                0x08008980                xcpFrameCreateMsg
 .text.xcpFrameExtractPacket
                0x08008a14      0x158 xcp_frame_serial.o
                0x08008a14                xcpFrameExtractPacket
 .text.xcpFrameHeaderSize
                0x08008b6c       0x10 xcp_frame_serial.o
                0x08008b6c                xcpFrameHeaderSize
 .text.xcpFrameTailSize
                0x08008b7c       0x10 xcp_frame_serial.o
                0x08008b7c                xcpFrameTailSize
 .text.xcpFrameMaxDtoSize
                0x08008b8c       0x12 xcp_frame_serial.o
                0x08008b8c                xcpFrameMaxDtoSize
 .text.xcpFrameMaxCtoSize
                0x08008b9e       0x10 xcp_frame_serial.o
                0x08008b9e                xcpFrameMaxCtoSize
 *fill*         0x08008bae        0x2 
 .text.xcpFrameRestart
                0x08008bb0       0x30 xcp_frame_serial.o
                0x08008bb0                xcpFrameRestart
 .text.xcpFrameSetCtoReservedMemPoolId
                0x08008be0       0x20 xcp_frame_serial.o
                0x08008be0                xcpFrameSetCtoReservedMemPoolId
 .text.xcpFrameReset
                0x08008c00       0x70 xcp_frame_serial.o
                0x08008c00                xcpFrameReset
 .text.xcpTransportGetInitParameters
                0x08008c70       0x2e xcp_ext_param_default_serial.o
                0x08008c70                xcpTransportGetInitParameters
 .text.xcpGetInitParameters
                0x08008c9e       0x2e xcp_ext_param_default_serial.o
                0x08008c9e                xcpGetInitParameters
 .text.HAL_Delay
                0x08008ccc       0x2e overrideHALDelay.o
                0x08008ccc                HAL_Delay
 *fill*         0x08008cfa        0x2 
 .text.PeriphCommonClock_Config
                0x08008cfc       0x10 platform_timer.o
                0x08008cfc                PeriphCommonClock_Config
 .text.getCurrentTimestampInMicros
                0x08008d0c       0x3c platform_timer.o
                0x08008d0c                getCurrentTimestampInMicros
 .text.returnTimeElapsed
                0x08008d48       0x2c platform_timer.o
                0x08008d48                returnTimeElapsed
 .text.timestampInit
                0x08008d74       0x28 platform_timer.o
 .text.getCurrentTimestamp
                0x08008d9c       0x44 platform_timer.o
                0x08008d9c                getCurrentTimestamp
 .text.__NVIC_SetPriority
                0x08008de0       0x54 SysTickScheduler.o
 .text.SysTick_Config
                0x08008e34       0x44 SysTickScheduler.o
 .text.SysTick_Isr
                0x08008e78       0x48 SysTickScheduler.o
 .text.SysTick_Handler
                0x08008ec0       0x20 SysTickScheduler.o
                0x08008ec0                SysTick_Handler
 .text.ARMCM_SysTick_Config
                0x08008ee0       0xb0 SysTickScheduler.o
                0x08008ee0                ARMCM_SysTick_Config
 .text.PendSV_Handler
                0x08008f90       0x44 m3m4m4f_multitasking.o
                0x08008f90                PendSV_Handler
 .text.SVC_Handler
                0x08008fd4       0x58 m3m4m4f_multitasking.o
                0x08008fd4                SVC_Handler
 .text.rtIOStreamOpen
                0x0800902c       0x44 rtiostream_serial.o
                0x0800902c                rtIOStreamOpen
 .text.rtIOStreamSend
                0x08009070       0x38 rtiostream_serial.o
                0x08009070                rtIOStreamSend
 .text.rtIOStreamRecv
                0x080090a8       0x48 rtiostream_serial.o
                0x080090a8                rtIOStreamRecv
 .text.rtIOStreamClose
                0x080090f0       0x20 rtiostream_serial.o
                0x080090f0                rtIOStreamClose
 .text.LL_DMA_GetDataLength
                0x08009110       0x30 stm_usart.o
 .text.getAvailableDataInBuffer
                0x08009140       0xcc stm_usart.o
                0x08009140                getAvailableDataInBuffer
 .text.getBytesToBeReadFromBuffer
                0x0800920c       0x6e stm_usart.o
                0x0800920c                getBytesToBeReadFromBuffer
 *fill*         0x0800927a        0x2 
 .text.readDataFromBuffer
                0x0800927c       0xdc stm_usart.o
                0x0800927c                readDataFromBuffer
 .text.__NVIC_GetPriorityGrouping
                0x08009358       0x1c stm_lpuart.o
 .text.__NVIC_EnableIRQ
                0x08009374       0x3c stm_lpuart.o
 .text.__NVIC_SetPriority
                0x080093b0       0x54 stm_lpuart.o
 .text.NVIC_EncodePriority
                0x08009404       0x66 stm_lpuart.o
 *fill*         0x0800946a        0x2 
 .text.LL_DMA_EnableChannel
                0x0800946c       0x44 stm_lpuart.o
 .text.LL_DMA_DisableChannel
                0x080094b0       0x44 stm_lpuart.o
 .text.LL_DMA_GetMode
                0x080094f4       0x34 stm_lpuart.o
 .text.LL_DMA_SetDataLength
                0x08009528       0x4c stm_lpuart.o
 .text.LL_DMA_ConfigAddresses
                0x08009574       0x7c stm_lpuart.o
 .text.LL_DMA_IsActiveFlag_TC1
                0x080095f0       0x26 stm_lpuart.o
 .text.LL_DMA_ClearFlag_TC1
                0x08009616       0x1a stm_lpuart.o
 .text.LL_DMA_EnableIT_TC
                0x08009630       0x44 stm_lpuart.o
 .text.LL_DMA_DisableIT_TC
                0x08009674       0x44 stm_lpuart.o
 .text.LL_DMA_IsEnabledIT_TC
                0x080096b8       0x3c stm_lpuart.o
 .text.LL_LPUART_Enable
                0x080096f4       0x20 stm_lpuart.o
 .text.LL_LPUART_Disable
                0x08009714       0x20 stm_lpuart.o
 .text.LL_LPUART_IsEnabled
                0x08009734       0x26 stm_lpuart.o
 .text.LL_LPUART_IsActiveFlag_PE
                0x0800975a       0x26 stm_lpuart.o
 .text.LL_LPUART_IsActiveFlag_FE
                0x08009780       0x26 stm_lpuart.o
 .text.LL_LPUART_IsActiveFlag_NE
                0x080097a6       0x26 stm_lpuart.o
 .text.LL_LPUART_IsActiveFlag_ORE
                0x080097cc       0x26 stm_lpuart.o
 .text.LL_LPUART_IsActiveFlag_TC
                0x080097f2       0x26 stm_lpuart.o
 .text.LL_LPUART_IsActiveFlag_TXE_TXFNF
                0x08009818       0x26 stm_lpuart.o
 .text.LL_LPUART_ClearFlag_PE
                0x0800983e       0x1a stm_lpuart.o
 .text.LL_LPUART_ClearFlag_FE
                0x08009858       0x1a stm_lpuart.o
 .text.LL_LPUART_ClearFlag_NE
                0x08009872       0x1a stm_lpuart.o
 .text.LL_LPUART_ClearFlag_ORE
                0x0800988c       0x1a stm_lpuart.o
 .text.LL_LPUART_EnableIT_RXNE_RXFNE
                0x080098a6       0x42 stm_lpuart.o
 .text.LL_LPUART_EnableIT_PE
                0x080098e8       0x42 stm_lpuart.o
 .text.LL_LPUART_EnableIT_ERROR
                0x0800992a       0x46 stm_lpuart.o
 .text.LL_LPUART_DisableIT_RXNE_RXFNE
                0x08009970       0x42 stm_lpuart.o
 .text.LL_LPUART_DisableIT_TXE_TXFNF
                0x080099b2       0x42 stm_lpuart.o
 .text.LL_LPUART_DisableIT_PE
                0x080099f4       0x42 stm_lpuart.o
 .text.LL_LPUART_DisableIT_ERROR
                0x08009a36       0x46 stm_lpuart.o
 .text.LL_LPUART_EnableDMAReq_RX
                0x08009a7c       0x46 stm_lpuart.o
 .text.LL_LPUART_DisableDMAReq_RX
                0x08009ac2       0x46 stm_lpuart.o
 .text.LL_LPUART_EnableDMAReq_TX
                0x08009b08       0x46 stm_lpuart.o
 .text.LL_LPUART_DisableDMAReq_TX
                0x08009b4e       0x46 stm_lpuart.o
 .text.LL_LPUART_DMA_GetRegAddr
                0x08009b94       0x2c stm_lpuart.o
 .text.LL_LPUART_ReceiveData8
                0x08009bc0       0x1a stm_lpuart.o
 .text.LL_LPUART_TransmitData8
                0x08009bda       0x1e stm_lpuart.o
 .text.LPUART_RXDMAInterruptHandler
                0x08009bf8       0xd4 stm_lpuart.o
                0x08009bf8                LPUART_RXDMAInterruptHandler
 .text.LPUART_IsActiveFlagError
                0x08009ccc       0xf4 stm_lpuart.o
                0x08009ccc                LPUART_IsActiveFlagError
 .text.LPUART1_IRQHandler
                0x08009dc0       0x14 stm_lpuart.o
                0x08009dc0                LPUART1_IRQHandler
 .text.DMA1_Channel1_IRQHandler
                0x08009dd4       0x20 stm_lpuart.o
                0x08009dd4                DMA1_Channel1_IRQHandler
 .text.LPUART_ConfigureReceiveDMA
                0x08009df4       0xae stm_lpuart.o
                0x08009df4                LPUART_ConfigureReceiveDMA
 .text.LPUART_ConfigureTransmitDMA
                0x08009ea2       0x7a stm_lpuart.o
                0x08009ea2                LPUART_ConfigureTransmitDMA
 .text.MW_LPUART_GetReadErrorStatus
                0x08009f1c       0xc8 stm_lpuart.o
                0x08009f1c                MW_LPUART_GetReadErrorStatus
 .text.MW_LPUART_Initialize
                0x08009fe4      0x170 stm_lpuart.o
                0x08009fe4                MW_LPUART_Initialize
 .text.MW_LPUART_ReceiveUsingBuffer
                0x0800a154       0x5c stm_lpuart.o
                0x0800a154                MW_LPUART_ReceiveUsingBuffer
 .text.MW_LPUART_TransmitUsingPolling
                0x0800a1b0      0x184 stm_lpuart.o
                0x0800a1b0                MW_LPUART_TransmitUsingPolling
 .text.MW_LPUART_DeInit
                0x0800a334       0xaa stm_lpuart.o
                0x0800a334                MW_LPUART_DeInit
 .text.sys_arch_protect
                0x0800a3de       0x22 sys_arch.o
                0x0800a3de                sys_arch_protect
 .text.sys_arch_unprotect
                0x0800a400       0x20 sys_arch.o
                0x0800a400                sys_arch_unprotect
 .text.__NVIC_GetPriorityGrouping
                0x0800a420       0x1c main.o
 .text.__NVIC_EnableIRQ
                0x0800a43c       0x3c main.o
 .text.__NVIC_SetPriority
                0x0800a478       0x54 main.o
 .text.NVIC_EncodePriority
                0x0800a4cc       0x66 main.o
 *fill*         0x0800a532        0x2 
 .text.LL_DMA_SetDataTransferDirection
                0x0800a534       0x50 main.o
 .text.LL_DMA_SetMode
                0x0800a584       0x4c main.o
 .text.LL_DMA_SetPeriphIncMode
                0x0800a5d0       0x4c main.o
 .text.LL_DMA_SetMemoryIncMode
                0x0800a61c       0x4c main.o
 .text.LL_DMA_SetPeriphSize
                0x0800a668       0x4c main.o
 .text.LL_DMA_SetMemorySize
                0x0800a6b4       0x4c main.o
 .text.LL_DMA_SetChannelPriorityLevel
                0x0800a700       0x4c main.o
 .text.LL_DMA_SetPeriphRequest
                0x0800a74c       0x54 main.o
 .text.LL_LPUART_Enable
                0x0800a7a0       0x20 main.o
 .text.LL_LPUART_DisableFIFO
                0x0800a7c0       0x20 main.o
 .text.LL_LPUART_SetTXFIFOThreshold
                0x0800a7e0       0x4e main.o
 .text.LL_LPUART_SetRXFIFOThreshold
                0x0800a82e       0x4e main.o
 .text.LL_LPUART_IsActiveFlag_TEACK
                0x0800a87c       0x28 main.o
 .text.LL_LPUART_IsActiveFlag_REACK
                0x0800a8a4       0x28 main.o
 .text.LL_RCC_HSI_Enable
                0x0800a8cc       0x20 main.o
 .text.LL_RCC_HSI_IsReady
                0x0800a8ec       0x28 main.o
 .text.LL_RCC_HSI_SetCalibTrimming
                0x0800a914       0x2c main.o
 .text.LL_RCC_SetSysClkSource
                0x0800a940       0x28 main.o
 .text.LL_RCC_GetSysClkSource
                0x0800a968       0x1c main.o
 .text.LL_RCC_SetAHBPrescaler
                0x0800a984       0x28 main.o
 .text.LL_RCC_SetAPB1Prescaler
                0x0800a9ac       0x28 main.o
 .text.LL_RCC_SetAPB2Prescaler
                0x0800a9d4       0x28 main.o
 .text.LL_RCC_SetLPUARTClockSource
                0x0800a9fc       0x2c main.o
 .text.LL_RCC_PLL_Enable
                0x0800aa28       0x20 main.o
 .text.LL_RCC_PLL_IsReady
                0x0800aa48       0x28 main.o
 .text.LL_RCC_PLL_ConfigDomain_SYS
                0x0800aa70       0x40 main.o
 .text.LL_RCC_PLL_EnableDomain_SYS
                0x0800aab0       0x20 main.o
 .text.LL_AHB1_GRP1_EnableClock
                0x0800aad0       0x30 main.o
 .text.LL_AHB2_GRP1_EnableClock
                0x0800ab00       0x30 main.o
 .text.LL_APB1_GRP1_EnableClock
                0x0800ab30       0x30 main.o
 .text.LL_APB1_GRP2_EnableClock
                0x0800ab60       0x30 main.o
 .text.LL_APB2_GRP1_EnableClock
                0x0800ab90       0x30 main.o
 .text.LL_SYSCFG_SetEXTISource
                0x0800abc0       0x70 main.o
 .text.LL_FLASH_SetLatency
                0x0800ac30       0x28 main.o
 .text.LL_FLASH_GetLatency
                0x0800ac58       0x1c main.o
 .text.LL_PWR_EnableRange1BoostMode
                0x0800ac74       0x24 main.o
 .text.LL_TIM_DisableARRPreload
                0x0800ac98       0x20 main.o
 .text.LL_TIM_IC_SetActiveInput
                0x0800acb8       0xc0 main.o
 .text.LL_TIM_IC_SetPrescaler
                0x0800ad78       0xc0 main.o
 .text.LL_TIM_IC_SetFilter
                0x0800ae38       0xc0 main.o
 .text.LL_TIM_IC_SetPolarity
                0x0800aef8       0xac main.o
 .text.LL_TIM_SetEncoderMode
                0x0800afa4       0x2a main.o
 .text.LL_TIM_SetTriggerOutput
                0x0800afce       0x2a main.o
 .text.LL_TIM_SetTriggerOutput2
                0x0800aff8       0x26 main.o
 .text.LL_TIM_DisableMasterSlaveMode
                0x0800b01e       0x20 main.o
 .text.LL_GPIO_SetPinMode
                0x0800b03e       0x7a main.o
 .text.LL_GPIO_SetPinPull
                0x0800b0b8       0x7a main.o
 .text.LL_GPIO_ResetOutputPin
                0x0800b132       0x1c main.o
 *fill*         0x0800b14e        0x2 
 .text.SystemClock_Config
                0x0800b150       0xc8 main.o
                0x0800b150                SystemClock_Config
 .text.MX_LPUART1_UART_Init
                0x0800b218      0x148 main.o
                0x0800b218                MX_LPUART1_UART_Init
 .text.MX_TIM3_Init
                0x0800b360      0x118 main.o
                0x0800b360                MX_TIM3_Init
 .text.MX_TIM4_Init
                0x0800b478      0x118 main.o
                0x0800b478                MX_TIM4_Init
 .text.MX_TIM8_Init
                0x0800b590      0x124 main.o
                0x0800b590                MX_TIM8_Init
 .text.MX_DMA_Init
                0x0800b6b4       0x34 main.o
                0x0800b6b4                MX_DMA_Init
 .text.MX_GPIO_Init
                0x0800b6e8      0x10c main.o
                0x0800b6e8                MX_GPIO_Init
 .text.HAL_TIM_PeriodElapsedCallback
                0x0800b7f4       0x1e main.o
                0x0800b7f4                HAL_TIM_PeriodElapsedCallback
 .text.Error_Handler
                0x0800b812        0xc main.o
                0x0800b812                Error_Handler
 *fill*         0x0800b81e        0x2 
 .text.LL_EXTI_IsActiveFlag_0_31
                0x0800b820       0x2c stm32g4xx_it.o
 .text.LL_EXTI_ClearFlag_0_31
                0x0800b84c       0x20 stm32g4xx_it.o
 .text.NMI_Handler
                0x0800b86c        0x8 stm32g4xx_it.o
                0x0800b86c                NMI_Handler
 .text.HardFault_Handler
                0x0800b874        0x8 stm32g4xx_it.o
                0x0800b874                HardFault_Handler
 .text.MemManage_Handler
                0x0800b87c        0x8 stm32g4xx_it.o
                0x0800b87c                MemManage_Handler
 .text.BusFault_Handler
                0x0800b884        0x8 stm32g4xx_it.o
                0x0800b884                BusFault_Handler
 .text.UsageFault_Handler
                0x0800b88c        0x8 stm32g4xx_it.o
                0x0800b88c                UsageFault_Handler
 .text.DebugMon_Handler
                0x0800b894        0xe stm32g4xx_it.o
                0x0800b894                DebugMon_Handler
 *fill*         0x0800b8a2        0x2 
 .text.TIM2_IRQHandler
                0x0800b8a4       0x14 stm32g4xx_it.o
                0x0800b8a4                TIM2_IRQHandler
 .text.EXTI15_10_IRQHandler
                0x0800b8b8       0x1e stm32g4xx_it.o
                0x0800b8b8                EXTI15_10_IRQHandler
 *fill*         0x0800b8d6        0x2 
 .text.HAL_MspInit
                0x0800b8d8       0x48 stm32g4xx_hal_msp.o
                0x0800b8d8                HAL_MspInit
 .text.HAL_InitTick
                0x0800b920       0xdc stm32g4xx_hal_timebase_tim.o
                0x0800b920                HAL_InitTick
 .text.LL_SetSystemCoreClock
                0x0800b9fc       0x20 stm32g4xx_ll_utils.o
                0x0800b9fc                LL_SetSystemCoreClock
 .text.LL_EXTI_EnableIT_0_31
                0x0800ba1c       0x24 stm32g4xx_ll_exti.o
 .text.LL_EXTI_EnableIT_32_63
                0x0800ba40       0x24 stm32g4xx_ll_exti.o
 .text.LL_EXTI_DisableIT_0_31
                0x0800ba64       0x28 stm32g4xx_ll_exti.o
 .text.LL_EXTI_DisableIT_32_63
                0x0800ba8c       0x28 stm32g4xx_ll_exti.o
 .text.LL_EXTI_EnableEvent_0_31
                0x0800bab4       0x24 stm32g4xx_ll_exti.o
 .text.LL_EXTI_EnableEvent_32_63
                0x0800bad8       0x24 stm32g4xx_ll_exti.o
 .text.LL_EXTI_DisableEvent_0_31
                0x0800bafc       0x28 stm32g4xx_ll_exti.o
 .text.LL_EXTI_DisableEvent_32_63
                0x0800bb24       0x28 stm32g4xx_ll_exti.o
 .text.LL_EXTI_EnableRisingTrig_0_31
                0x0800bb4c       0x24 stm32g4xx_ll_exti.o
 .text.LL_EXTI_EnableRisingTrig_32_63
                0x0800bb70       0x24 stm32g4xx_ll_exti.o
 .text.LL_EXTI_DisableRisingTrig_0_31
                0x0800bb94       0x28 stm32g4xx_ll_exti.o
 .text.LL_EXTI_DisableRisingTrig_32_63
                0x0800bbbc       0x28 stm32g4xx_ll_exti.o
 .text.LL_EXTI_EnableFallingTrig_0_31
                0x0800bbe4       0x24 stm32g4xx_ll_exti.o
 .text.LL_EXTI_EnableFallingTrig_32_63
                0x0800bc08       0x24 stm32g4xx_ll_exti.o
 .text.LL_EXTI_DisableFallingTrig_0_31
                0x0800bc2c       0x28 stm32g4xx_ll_exti.o
 .text.LL_EXTI_DisableFallingTrig_32_63
                0x0800bc54       0x28 stm32g4xx_ll_exti.o
 .text.LL_EXTI_Init
                0x0800bc7c      0x1ec stm32g4xx_ll_exti.o
                0x0800bc7c                LL_EXTI_Init
 .text.LL_GPIO_SetPinMode
                0x0800be68       0x7a stm32g4xx_ll_gpio.o
 .text.LL_GPIO_SetPinOutputType
                0x0800bee2       0x30 stm32g4xx_ll_gpio.o
 .text.LL_GPIO_SetPinSpeed
                0x0800bf12       0x7a stm32g4xx_ll_gpio.o
 .text.LL_GPIO_SetPinPull
                0x0800bf8c       0x7a stm32g4xx_ll_gpio.o
 .text.LL_GPIO_SetAFPin_0_7
                0x0800c006       0x7a stm32g4xx_ll_gpio.o
 .text.LL_GPIO_SetAFPin_8_15
                0x0800c080       0x7e stm32g4xx_ll_gpio.o
 .text.LL_GPIO_Init
                0x0800c0fe       0xdc stm32g4xx_ll_gpio.o
                0x0800c0fe                LL_GPIO_Init
 .text.LL_LPUART_IsEnabled
                0x0800c1da       0x26 stm32g4xx_ll_lpuart.o
 .text.LL_LPUART_SetPrescaler
                0x0800c200       0x28 stm32g4xx_ll_lpuart.o
 .text.LL_LPUART_SetStopBitsLength
                0x0800c228       0x26 stm32g4xx_ll_lpuart.o
 .text.LL_LPUART_SetHWFlowCtrl
                0x0800c24e       0x26 stm32g4xx_ll_lpuart.o
 .text.LL_LPUART_SetBaudRate
                0x0800c274       0x98 stm32g4xx_ll_lpuart.o
 .text.LL_LPUART_Init
                0x0800c30c       0x98 stm32g4xx_ll_lpuart.o
                0x0800c30c                LL_LPUART_Init
 .text.LL_RCC_HSI_IsReady
                0x0800c3a4       0x28 stm32g4xx_ll_rcc.o
 .text.LL_RCC_LSE_IsReady
                0x0800c3cc       0x28 stm32g4xx_ll_rcc.o
 .text.LL_RCC_GetSysClkSource
                0x0800c3f4       0x1c stm32g4xx_ll_rcc.o
 .text.LL_RCC_GetAHBPrescaler
                0x0800c410       0x1c stm32g4xx_ll_rcc.o
 .text.LL_RCC_GetAPB1Prescaler
                0x0800c42c       0x1c stm32g4xx_ll_rcc.o
 .text.LL_RCC_GetLPUARTClockSource
                0x0800c448       0x24 stm32g4xx_ll_rcc.o
 .text.LL_RCC_PLL_GetMainSource
                0x0800c46c       0x1c stm32g4xx_ll_rcc.o
 .text.LL_RCC_PLL_GetN
                0x0800c488       0x1c stm32g4xx_ll_rcc.o
 .text.LL_RCC_PLL_GetR
                0x0800c4a4       0x1c stm32g4xx_ll_rcc.o
 .text.LL_RCC_PLL_GetDivider
                0x0800c4c0       0x1c stm32g4xx_ll_rcc.o
 .text.LL_RCC_GetLPUARTClockFreq
                0x0800c4dc       0x84 stm32g4xx_ll_rcc.o
                0x0800c4dc                LL_RCC_GetLPUARTClockFreq
 .text.RCC_GetSystemClockFreq
                0x0800c560       0x4c stm32g4xx_ll_rcc.o
 .text.RCC_GetHCLKClockFreq
                0x0800c5ac       0x30 stm32g4xx_ll_rcc.o
 .text.RCC_GetPCLK1ClockFreq
                0x0800c5dc       0x2c stm32g4xx_ll_rcc.o
 .text.RCC_PLL_GetFreqDomain_SYS
                0x0800c608       0x68 stm32g4xx_ll_rcc.o
 .text.HAL_Init
                0x0800c670       0x30 stm32g4xx_hal.o
                0x0800c670                HAL_Init
 .text.HAL_IncTick
                0x0800c6a0       0x24 stm32g4xx_hal.o
                0x0800c6a0                HAL_IncTick
 .text.HAL_GetTick
                0x0800c6c4       0x18 stm32g4xx_hal.o
                0x0800c6c4                HAL_GetTick
 .text.HAL_RCC_GetHCLKFreq
                0x0800c6dc       0x18 stm32g4xx_hal_rcc.o
                0x0800c6dc                HAL_RCC_GetHCLKFreq
 .text.HAL_RCC_GetPCLK1Freq
                0x0800c6f4       0x2c stm32g4xx_hal_rcc.o
                0x0800c6f4                HAL_RCC_GetPCLK1Freq
 .text.HAL_RCC_GetClockConfig
                0x0800c720       0x64 stm32g4xx_hal_rcc.o
                0x0800c720                HAL_RCC_GetClockConfig
 .text.HAL_PWREx_DisableUCPDDeadBattery
                0x0800c784       0x20 stm32g4xx_hal_pwr_ex.o
                0x0800c784                HAL_PWREx_DisableUCPDDeadBattery
 .text.__NVIC_SetPriorityGrouping
                0x0800c7a4       0x48 stm32g4xx_hal_cortex.o
 .text.__NVIC_GetPriorityGrouping
                0x0800c7ec       0x1c stm32g4xx_hal_cortex.o
 .text.__NVIC_EnableIRQ
                0x0800c808       0x3c stm32g4xx_hal_cortex.o
 .text.__NVIC_SetPriority
                0x0800c844       0x54 stm32g4xx_hal_cortex.o
 .text.NVIC_EncodePriority
                0x0800c898       0x66 stm32g4xx_hal_cortex.o
 .text.HAL_NVIC_SetPriorityGrouping
                0x0800c8fe       0x16 stm32g4xx_hal_cortex.o
                0x0800c8fe                HAL_NVIC_SetPriorityGrouping
 .text.HAL_NVIC_SetPriority
                0x0800c914       0x34 stm32g4xx_hal_cortex.o
                0x0800c914                HAL_NVIC_SetPriority
 .text.HAL_NVIC_EnableIRQ
                0x0800c948       0x1c stm32g4xx_hal_cortex.o
                0x0800c948                HAL_NVIC_EnableIRQ
 .text.HAL_TIM_Base_Init
                0x0800c964       0xae stm32g4xx_hal_tim.o
                0x0800c964                HAL_TIM_Base_Init
 .text.HAL_TIM_Base_MspInit
                0x0800ca12       0x14 stm32g4xx_hal_tim.o
                0x0800ca12                HAL_TIM_Base_MspInit
 *fill*         0x0800ca26        0x2 
 .text.HAL_TIM_Base_Start_IT
                0x0800ca28       0xf0 stm32g4xx_hal_tim.o
                0x0800ca28                HAL_TIM_Base_Start_IT
 .text.HAL_TIM_IRQHandler
                0x0800cb18      0x2fe stm32g4xx_hal_tim.o
                0x0800cb18                HAL_TIM_IRQHandler
 .text.HAL_TIM_OC_DelayElapsedCallback
                0x0800ce16       0x14 stm32g4xx_hal_tim.o
                0x0800ce16                HAL_TIM_OC_DelayElapsedCallback
 .text.HAL_TIM_IC_CaptureCallback
                0x0800ce2a       0x14 stm32g4xx_hal_tim.o
                0x0800ce2a                HAL_TIM_IC_CaptureCallback
 .text.HAL_TIM_PWM_PulseFinishedCallback
                0x0800ce3e       0x14 stm32g4xx_hal_tim.o
                0x0800ce3e                HAL_TIM_PWM_PulseFinishedCallback
 .text.HAL_TIM_TriggerCallback
                0x0800ce52       0x14 stm32g4xx_hal_tim.o
                0x0800ce52                HAL_TIM_TriggerCallback
 *fill*         0x0800ce66        0x2 
 .text.TIM_Base_SetConfig
                0x0800ce68      0x150 stm32g4xx_hal_tim.o
                0x0800ce68                TIM_Base_SetConfig
 .text.HAL_TIMEx_CommutCallback
                0x0800cfb8       0x14 stm32g4xx_hal_tim_ex.o
                0x0800cfb8                HAL_TIMEx_CommutCallback
 .text.HAL_TIMEx_BreakCallback
                0x0800cfcc       0x14 stm32g4xx_hal_tim_ex.o
                0x0800cfcc                HAL_TIMEx_BreakCallback
 .text.HAL_TIMEx_Break2Callback
                0x0800cfe0       0x14 stm32g4xx_hal_tim_ex.o
                0x0800cfe0                HAL_TIMEx_Break2Callback
 .text.HAL_TIMEx_EncoderIndexCallback
                0x0800cff4       0x14 stm32g4xx_hal_tim_ex.o
                0x0800cff4                HAL_TIMEx_EncoderIndexCallback
 .text.HAL_TIMEx_DirectionChangeCallback
                0x0800d008       0x14 stm32g4xx_hal_tim_ex.o
                0x0800d008                HAL_TIMEx_DirectionChangeCallback
 .text.HAL_TIMEx_IndexErrorCallback
                0x0800d01c       0x14 stm32g4xx_hal_tim_ex.o
                0x0800d01c                HAL_TIMEx_IndexErrorCallback
 .text.HAL_TIMEx_TransitionErrorCallback
                0x0800d030       0x14 stm32g4xx_hal_tim_ex.o
                0x0800d030                HAL_TIMEx_TransitionErrorCallback
 .text.LL_TIM_SetPrescaler
                0x0800d044       0x1c stm32g4xx_ll_tim.o
 .text.LL_TIM_SetAutoReload
                0x0800d060       0x1c stm32g4xx_ll_tim.o
 .text.LL_TIM_SetRepetitionCounter
                0x0800d07c       0x1c stm32g4xx_ll_tim.o
 .text.LL_TIM_GenerateEvent_UPDATE
                0x0800d098       0x20 stm32g4xx_ll_tim.o
 .text.LL_TIM_Init
                0x0800d0b8      0x144 stm32g4xx_ll_tim.o
                0x0800d0b8                LL_TIM_Init
 .text.SystemInit
                0x0800d1fc       0x24 system_stm32g4xx.o
                0x0800d1fc                SystemInit
 .text.Reset_Handler
                0x0800d220       0x50 startup_stm32g474retx.o
                0x0800d220                Reset_Handler
 .text.Default_Handler
                0x0800d270        0x2 startup_stm32g474retx.o
                0x0800d270                RTC_Alarm_IRQHandler
                0x0800d270                EXTI2_IRQHandler
                0x0800d270                TIM8_TRG_COM_IRQHandler
                0x0800d270                TIM8_CC_IRQHandler
                0x0800d270                HRTIM1_Master_IRQHandler
                0x0800d270                SPI4_IRQHandler
                0x0800d270                FDCAN3_IT0_IRQHandler
                0x0800d270                TIM1_CC_IRQHandler
                0x0800d270                HRTIM1_FLT_IRQHandler
                0x0800d270                HRTIM1_TIMF_IRQHandler
                0x0800d270                USB_HP_IRQHandler
                0x0800d270                CORDIC_IRQHandler
                0x0800d270                HRTIM1_TIMD_IRQHandler
                0x0800d270                DMA2_Channel8_IRQHandler
                0x0800d270                EXTI3_IRQHandler
                0x0800d270                I2C3_ER_IRQHandler
                0x0800d270                EXTI0_IRQHandler
                0x0800d270                I2C2_EV_IRQHandler
                0x0800d270                FPU_IRQHandler
                0x0800d270                FDCAN1_IT1_IRQHandler
                0x0800d270                TIM1_UP_TIM16_IRQHandler
                0x0800d270                ADC1_2_IRQHandler
                0x0800d270                HRTIM1_TIME_IRQHandler
                0x0800d270                SPI1_IRQHandler
                0x0800d270                TIM6_DAC_IRQHandler
                0x0800d270                HRTIM1_TIMC_IRQHandler
                0x0800d270                TIM8_UP_IRQHandler
                0x0800d270                DMA2_Channel2_IRQHandler
                0x0800d270                DMA1_Channel4_IRQHandler
                0x0800d270                TIM20_TRG_COM_IRQHandler
                0x0800d270                USART3_IRQHandler
                0x0800d270                DMA1_Channel7_IRQHandler
                0x0800d270                UART5_IRQHandler
                0x0800d270                ADC3_IRQHandler
                0x0800d270                TIM4_IRQHandler
                0x0800d270                DMA2_Channel1_IRQHandler
                0x0800d270                QUADSPI_IRQHandler
                0x0800d270                I2C1_EV_IRQHandler
                0x0800d270                DMA1_Channel6_IRQHandler
                0x0800d270                UART4_IRQHandler
                0x0800d270                DMA2_Channel4_IRQHandler
                0x0800d270                TIM3_IRQHandler
                0x0800d270                RCC_IRQHandler
                0x0800d270                TIM20_UP_IRQHandler
                0x0800d270                Default_Handler
                0x0800d270                DMA2_Channel7_IRQHandler
                0x0800d270                RTC_TAMP_LSECSS_IRQHandler
                0x0800d270                FMAC_IRQHandler
                0x0800d270                DMA1_Channel8_IRQHandler
                0x0800d270                HRTIM1_TIMA_IRQHandler
                0x0800d270                TIM7_DAC_IRQHandler
                0x0800d270                FDCAN3_IT1_IRQHandler
                0x0800d270                TIM5_IRQHandler
                0x0800d270                UCPD1_IRQHandler
                0x0800d270                I2C3_EV_IRQHandler
                0x0800d270                EXTI9_5_IRQHandler
                0x0800d270                RTC_WKUP_IRQHandler
                0x0800d270                PVD_PVM_IRQHandler
                0x0800d270                SPI2_IRQHandler
                0x0800d270                ADC5_IRQHandler
                0x0800d270                DMA2_Channel5_IRQHandler
                0x0800d270                CRS_IRQHandler
                0x0800d270                DMA1_Channel5_IRQHandler
                0x0800d270                USB_LP_IRQHandler
                0x0800d270                EXTI4_IRQHandler
                0x0800d270                RNG_IRQHandler
                0x0800d270                HRTIM1_TIMB_IRQHandler
                0x0800d270                TIM1_TRG_COM_TIM17_IRQHandler
                0x0800d270                FDCAN2_IT1_IRQHandler
                0x0800d270                DMA1_Channel3_IRQHandler
                0x0800d270                ADC4_IRQHandler
                0x0800d270                WWDG_IRQHandler
                0x0800d270                I2C4_EV_IRQHandler
                0x0800d270                FDCAN2_IT0_IRQHandler
                0x0800d270                DMA2_Channel6_IRQHandler
                0x0800d270                FDCAN1_IT0_IRQHandler
                0x0800d270                COMP7_IRQHandler
                0x0800d270                COMP1_2_3_IRQHandler
                0x0800d270                EXTI1_IRQHandler
                0x0800d270                USART2_IRQHandler
                0x0800d270                COMP4_5_6_IRQHandler
                0x0800d270                TIM20_BRK_IRQHandler
                0x0800d270                I2C2_ER_IRQHandler
                0x0800d270                DMA1_Channel2_IRQHandler
                0x0800d270                TIM8_BRK_IRQHandler
                0x0800d270                FLASH_IRQHandler
                0x0800d270                TIM20_CC_IRQHandler
                0x0800d270                USART1_IRQHandler
                0x0800d270                SPI3_IRQHandler
                0x0800d270                I2C1_ER_IRQHandler
                0x0800d270                FMC_IRQHandler
                0x0800d270                LPTIM1_IRQHandler
                0x0800d270                DMAMUX_OVR_IRQHandler
                0x0800d270                I2C4_ER_IRQHandler
                0x0800d270                USBWakeUp_IRQHandler
                0x0800d270                SAI1_IRQHandler
                0x0800d270                DMA2_Channel3_IRQHandler
                0x0800d270                TIM1_BRK_TIM15_IRQHandler
 *fill*         0x0800d272        0x2 
 .text.fmod     0x0800d274       0x6c C:/ProgramData/MATLAB/SupportPackages/R2024b/3P.instrset/gnuarm-armcortex.instrset/win/bin/../lib/gcc/arm-none-eabi/13.2.1/thumb/v7e-m+fp/hard\libm.a(libm_a-w_fmod.o)
                0x0800d274                fmod
 .text.__ieee754_fmod
                0x0800d2e0      0x30c C:/ProgramData/MATLAB/SupportPackages/R2024b/3P.instrset/gnuarm-armcortex.instrset/win/bin/../lib/gcc/arm-none-eabi/13.2.1/thumb/v7e-m+fp/hard\libm.a(libm_a-e_fmod.o)
                0x0800d2e0                __ieee754_fmod
 .text.__udivmoddi4
                0x0800d5ec      0x2bc C:/ProgramData/MATLAB/SupportPackages/R2024b/3P.instrset/gnuarm-armcortex.instrset/win/bin/../lib/gcc/arm-none-eabi/13.2.1/thumb/v7e-m+fp/hard\libgcc.a(_udivmoddi4.o)
                0x0800d5ec                __udivmoddi4
 .text.memset   0x0800d8a8       0x10 C:/ProgramData/MATLAB/SupportPackages/R2024b/3P.instrset/gnuarm-armcortex.instrset/win/bin/../lib/gcc/arm-none-eabi/13.2.1/thumb/v7e-m+fp/hard\libg_nano.a(libc_a-memset.o)
                0x0800d8a8                memset
 .text.__errno  0x0800d8b8        0xc C:/ProgramData/MATLAB/SupportPackages/R2024b/3P.instrset/gnuarm-armcortex.instrset/win/bin/../lib/gcc/arm-none-eabi/13.2.1/thumb/v7e-m+fp/hard\libg_nano.a(libc_a-errno.o)
                0x0800d8b8                __errno
 .text.__libc_init_array
                0x0800d8c4       0x48 C:/ProgramData/MATLAB/SupportPackages/R2024b/3P.instrset/gnuarm-armcortex.instrset/win/bin/../lib/gcc/arm-none-eabi/13.2.1/thumb/v7e-m+fp/hard\libg_nano.a(libc_a-init.o)
                0x0800d8c4                __libc_init_array
 .text.memcpy   0x0800d90c       0x1c C:/ProgramData/MATLAB/SupportPackages/R2024b/3P.instrset/gnuarm-armcortex.instrset/win/bin/../lib/gcc/arm-none-eabi/13.2.1/thumb/v7e-m+fp/hard\libg_nano.a(libc_a-memcpy-stub.o)
                0x0800d90c                memcpy
 *(.glue_7)
 .glue_7        0x0800d928        0x0 linker stubs
 *(.glue_7t)
 .glue_7t       0x0800d928        0x0 linker stubs
 *(.eh_frame)
 .eh_frame      0x0800d928        0x0 C:/ProgramData/MATLAB/SupportPackages/R2024b/3P.instrset/gnuarm-armcortex.instrset/win/bin/../lib/gcc/arm-none-eabi/13.2.1/thumb/v7e-m+fp/hard/crtbegin.o
 *(.init)
 .init          0x0800d928        0x4 C:/ProgramData/MATLAB/SupportPackages/R2024b/3P.instrset/gnuarm-armcortex.instrset/win/bin/../lib/gcc/arm-none-eabi/13.2.1/thumb/v7e-m+fp/hard/crti.o
                0x0800d928                _init
 .init          0x0800d92c        0x8 C:/ProgramData/MATLAB/SupportPackages/R2024b/3P.instrset/gnuarm-armcortex.instrset/win/bin/../lib/gcc/arm-none-eabi/13.2.1/thumb/v7e-m+fp/hard/crtn.o
 *(.fini)
 .fini          0x0800d934        0x4 C:/ProgramData/MATLAB/SupportPackages/R2024b/3P.instrset/gnuarm-armcortex.instrset/win/bin/../lib/gcc/arm-none-eabi/13.2.1/thumb/v7e-m+fp/hard/crti.o
                0x0800d934                _fini
 .fini          0x0800d938        0x8 C:/ProgramData/MATLAB/SupportPackages/R2024b/3P.instrset/gnuarm-armcortex.instrset/win/bin/../lib/gcc/arm-none-eabi/13.2.1/thumb/v7e-m+fp/hard/crtn.o
                0x0800d940                        . = ALIGN (0x4)
                0x0800d940                        _etext = .

.vfp11_veneer   0x0800d940        0x0
 .vfp11_veneer  0x0800d940        0x0 linker stubs

.v4_bx          0x0800d940        0x0
 .v4_bx         0x0800d940        0x0 linker stubs

.iplt           0x0800d940        0x0
 .iplt          0x0800d940        0x0 C:/ProgramData/MATLAB/SupportPackages/R2024b/3P.instrset/gnuarm-armcortex.instrset/win/bin/../lib/gcc/arm-none-eabi/13.2.1/thumb/v7e-m+fp/hard/crtbegin.o

.rodata         0x0800d940     0x2a18
                0x0800d940                        . = ALIGN (0x4)
 *(.rodata)
 .rodata        0x0800d940      0x2b9 xcp_ext_mode.o
 *fill*         0x0800dbf9        0x3 
 .rodata        0x0800dbfc      0x12e xcp_ext_common.o
 *fill*         0x0800dd2a        0x2 
 .rodata        0x0800dd2c       0x4c xcp_ext_classic_trigger.o
 .rodata        0x0800dd78      0x278 xcp.o
 .rodata        0x0800dff0      0x3a9 xcp_standard.o
 *fill*         0x0800e399        0x3 
 .rodata        0x0800e39c     0x1010 xcp_daq.o
 .rodata        0x0800f3ac       0xdd xcp_calibration.o
 *fill*         0x0800f489        0x3 
 .rodata        0x0800f48c      0x56e xcp_transport.o
 *fill*         0x0800f9fa        0x2 
 .rodata        0x0800f9fc       0xf5 xcp_mem_default.o
 *fill*         0x0800faf1        0x3 
 .rodata        0x0800faf4      0x228 xcp_drv_rtiostream.o
 .rodata        0x0800fd1c      0x4aa xcp_frame_serial.o
 *(.rodata*)
 *fill*         0x080101c6        0x2 
 .rodata.Encoder_model_M
                0x080101c8        0x4 Encoder_model.o
                0x080101c8                Encoder_model_M
 .rodata.rtAlwaysEnabled.0
                0x080101cc        0x1 Encoder_model.o
 *fill*         0x080101cd        0x3 
 .rodata.standardSupportedRxPacket
                0x080101d0       0x54 xcp_standard.o
 .rodata.daqSupportedRxPacket
                0x08010224       0x9c xcp_daq.o
 .rodata.calibrationSupportedRxPacket
                0x080102c0       0x18 xcp_calibration.o
 .rodata.CHANNEL_OFFSET_TAB
                0x080102d8        0x8 stm_usart.o
 .rodata.CHANNEL_OFFSET_TAB
                0x080102e0        0x8 stm_lpuart.o
 .rodata.CHANNEL_OFFSET_TAB
                0x080102e8        0x8 main.o
 .rodata.OFFSET_TAB_CCMRx
                0x080102f0        0xa main.o
 *fill*         0x080102fa        0x2 
 .rodata.SHIFT_TAB_ICxx
                0x080102fc        0xa main.o
 *fill*         0x08010306        0x2 
 .rodata.SHIFT_TAB_CCxP
                0x08010308        0xa main.o
 *fill*         0x08010312        0x2 
 .rodata.LPUART_PRESCALER_TAB
                0x08010314       0x18 stm32g4xx_ll_lpuart.o
 .rodata.AHBPrescTable
                0x0801032c       0x10 system_stm32g4xx.o
                0x0801032c                AHBPrescTable
 .rodata.APBPrescTable
                0x0801033c        0x8 system_stm32g4xx.o
                0x0801033c                APBPrescTable
 *fill*         0x08010344        0x4 
 .rodata.Zero   0x08010348       0x10 C:/ProgramData/MATLAB/SupportPackages/R2024b/3P.instrset/gnuarm-armcortex.instrset/win/bin/../lib/gcc/arm-none-eabi/13.2.1/thumb/v7e-m+fp/hard\libm.a(libm_a-e_fmod.o)
                0x08010358                        . = ALIGN (0x4)

.ARM.extab      0x08010358        0x0
                0x08010358                        . = ALIGN (0x4)
 *(.ARM.extab* .gnu.linkonce.armextab.*)
                0x08010358                        . = ALIGN (0x4)

.ARM            0x08010358        0x8
                0x08010358                        . = ALIGN (0x4)
                0x08010358                        __exidx_start = .
 *(.ARM.exidx*)
 .ARM.exidx.text.__udivmoddi4
                0x08010358        0x8 C:/ProgramData/MATLAB/SupportPackages/R2024b/3P.instrset/gnuarm-armcortex.instrset/win/bin/../lib/gcc/arm-none-eabi/13.2.1/thumb/v7e-m+fp/hard\libgcc.a(_udivmoddi4.o)
                0x08010360                        __exidx_end = .
                0x08010360                        . = ALIGN (0x4)

.rel.dyn        0x08010360        0x0
 .rel.iplt      0x08010360        0x0 C:/ProgramData/MATLAB/SupportPackages/R2024b/3P.instrset/gnuarm-armcortex.instrset/win/bin/../lib/gcc/arm-none-eabi/13.2.1/thumb/v7e-m+fp/hard/crtbegin.o

.preinit_array  0x08010360        0x0
                0x08010360                        . = ALIGN (0x4)
                0x08010360                        PROVIDE (__preinit_array_start = .)
 *(.preinit_array*)
                0x08010360                        PROVIDE (__preinit_array_end = .)
                0x08010360                        . = ALIGN (0x4)

.init_array     0x08010360        0x4
                0x08010360                        . = ALIGN (0x4)
                0x08010360                        PROVIDE (__init_array_start = .)
 *(SORT_BY_NAME(.init_array.*))
 *(.init_array*)
 .init_array    0x08010360        0x4 C:/ProgramData/MATLAB/SupportPackages/R2024b/3P.instrset/gnuarm-armcortex.instrset/win/bin/../lib/gcc/arm-none-eabi/13.2.1/thumb/v7e-m+fp/hard/crtbegin.o
                0x08010364                        PROVIDE (__init_array_end = .)
                0x08010364                        . = ALIGN (0x4)

.fini_array     0x08010364        0x4
                0x08010364                        . = ALIGN (0x4)
                [!provide]                        PROVIDE (__fini_array_start = .)
 *(SORT_BY_NAME(.fini_array.*))
 *(.fini_array*)
 .fini_array    0x08010364        0x4 C:/ProgramData/MATLAB/SupportPackages/R2024b/3P.instrset/gnuarm-armcortex.instrset/win/bin/../lib/gcc/arm-none-eabi/13.2.1/thumb/v7e-m+fp/hard/crtbegin.o
                [!provide]                        PROVIDE (__fini_array_end = .)
                0x08010368                        . = ALIGN (0x4)
                0x08010368                        _sidata = LOADADDR (.data)

.data           0x20000000       0xe4 load address 0x08010368
                0x20000000                        . = ALIGN (0x4)
                0x20000000                        _sdata = .
 *(.data)
 *(.data*)
 .data.xcpExtmodeFinalSimulationTime
                0x20000000        0x8 xcp_ext_common.o
                0x20000000                xcpExtmodeFinalSimulationTime
 .data.xcpClassicTriggerDuration
                0x20000008        0x4 xcp_ext_classic_trigger.o
                0x20000008                xcpClassicTriggerDuration
 .data.xcpClassicTriggerArmRequest
                0x2000000c        0x1 xcp_ext_classic_trigger.o
                0x2000000c                xcpClassicTriggerArmRequest
 *fill*         0x2000000d        0x3 
 .data.startStopDaqListId
                0x20000010        0x4 xcp_daq.o
 .data.xcpCurrentDaq
                0x20000014        0x4 xcp_daq.o
 .data.xcpEventCustomMemoryManager
                0x20000018        0xc xcp_daq.o
 .data.xcpCtoReservedMemPoolId
                0x20000024        0x4 xcp_transport.o
 .data.xcpMemMainBlockSizes
                0x20000028        0xc xcp_mem_default.o
 .data.xcpMemMainBlocksNumber
                0x20000034        0xc xcp_mem_default.o
 .data.drvID    0x20000040        0x4 xcp_drv_rtiostream.o
 .data.xcpCtoReservedMemPoolId
                0x20000044        0x4 xcp_frame_serial.o
 .data.uartObj  0x20000048       0x40 rtiostream_serial.o
                0x20000048                uartObj
 .data.uwTickPrio
                0x20000088        0x4 stm32g4xx_hal.o
                0x20000088                uwTickPrio
 .data.uwTickFreq
                0x2000008c        0x4 stm32g4xx_hal.o
                0x2000008c                uwTickFreq
 .data.SystemCoreClock
                0x20000090        0x4 system_stm32g4xx.o
                0x20000090                SystemCoreClock
 .data._impure_ptr
                0x20000094        0x4 C:/ProgramData/MATLAB/SupportPackages/R2024b/3P.instrset/gnuarm-armcortex.instrset/win/bin/../lib/gcc/arm-none-eabi/13.2.1/thumb/v7e-m+fp/hard\libg_nano.a(libc_a-impure.o)
                0x20000094                _impure_ptr
 .data._impure_data
                0x20000098       0x4c C:/ProgramData/MATLAB/SupportPackages/R2024b/3P.instrset/gnuarm-armcortex.instrset/win/bin/../lib/gcc/arm-none-eabi/13.2.1/thumb/v7e-m+fp/hard\libg_nano.a(libc_a-impure.o)
                0x20000098                _impure_data
 *(.RamFunc)
 *(.RamFunc*)
                0x200000e4                        . = ALIGN (0x4)
                0x200000e4                        _edata = .

.tm_clone_table
                0x200000e4        0x0 load address 0x0801044c
 .tm_clone_table
                0x200000e4        0x0 C:/ProgramData/MATLAB/SupportPackages/R2024b/3P.instrset/gnuarm-armcortex.instrset/win/bin/../lib/gcc/arm-none-eabi/13.2.1/thumb/v7e-m+fp/hard/crtbegin.o
 .tm_clone_table
                0x200000e4        0x0 C:/ProgramData/MATLAB/SupportPackages/R2024b/3P.instrset/gnuarm-armcortex.instrset/win/bin/../lib/gcc/arm-none-eabi/13.2.1/thumb/v7e-m+fp/hard/crtend.o

.igot.plt       0x200000e4        0x0 load address 0x0801044c
 .igot.plt      0x200000e4        0x0 C:/ProgramData/MATLAB/SupportPackages/R2024b/3P.instrset/gnuarm-armcortex.instrset/win/bin/../lib/gcc/arm-none-eabi/13.2.1/thumb/v7e-m+fp/hard/crtbegin.o
                0x200000e4                        . = ALIGN (0x4)

.bss            0x200000e8     0x1dac load address 0x0801044c
                0x200000e8                        _sbss = .
                0x200000e8                        __bss_start__ = _sbss
 *(.bss)
 *(.bss*)
 .bss.completed.1
                0x200000e8        0x1 C:/ProgramData/MATLAB/SupportPackages/R2024b/3P.instrset/gnuarm-armcortex.instrset/win/bin/../lib/gcc/arm-none-eabi/13.2.1/thumb/v7e-m+fp/hard/crtbegin.o
 *fill*         0x200000e9        0x3 
 .bss.object.0  0x200000ec       0x18 C:/ProgramData/MATLAB/SupportPackages/R2024b/3P.instrset/gnuarm-armcortex.instrset/win/bin/../lib/gcc/arm-none-eabi/13.2.1/thumb/v7e-m+fp/hard/crtbegin.o
 .bss.mw_tim3   0x20000104       0x8c stm_timer_ll.o
                0x20000104                mw_tim3
 .bss.mw_tim4   0x20000190       0x8c stm_timer_ll.o
                0x20000190                mw_tim4
 .bss.mw_tim8   0x2000021c       0x8c stm_timer_ll.o
                0x2000021c                mw_tim8
 .bss.firstIndexReceived.0
                0x200002a8        0x1 stm_timer_ll.o
 *fill*         0x200002a9        0x3 
 .bss.xcpCustomTriggerFunction
                0x200002ac        0x8 xcp_ext_mode.o
 *fill*         0x200002b4        0x4 
 .bss.Encoder_model_B
                0x200002b8       0x58 Encoder_model.o
                0x200002b8                Encoder_model_B
 .bss.Encoder_model_DW
                0x20000310       0x78 Encoder_model.o
                0x20000310                Encoder_model_DW
 .bss.Encoder_model_M_
                0x20000388       0x48 Encoder_model.o
 .bss.rt_ExtModeInfo.2
                0x200003d0       0x14 Encoder_model.o
 .bss.systemRan.1
                0x200003e4       0x1c Encoder_model.o
 .bss.IsrOverrun
                0x20000400        0x4 ert_main.o
                0x20000400                IsrOverrun
 .bss.OverrunFlag
                0x20000404        0x1 ert_main.o
 .bss.stopRequested
                0x20000405        0x1 ert_main.o
                0x20000405                stopRequested
 .bss.runModel  0x20000406        0x1 ert_main.o
                0x20000406                runModel
 .bss.xcpModelStartRequest
                0x20000407        0x1 xcp_ext_common.o
                0x20000407                xcpModelStartRequest
 .bss.xcpModelStopRequest
                0x20000408        0x1 xcp_ext_common.o
                0x20000408                xcpModelStopRequest
 .bss.xcpModelStatus
                0x20000409        0x1 xcp_ext_common.o
                0x20000409                xcpModelStatus
 *fill*         0x2000040a        0x2 
 .bss.xcpModelChecksum0
                0x2000040c        0x4 xcp_ext_common.o
                0x2000040c                xcpModelChecksum0
 .bss.xcpModelChecksum1
                0x20000410        0x4 xcp_ext_common.o
                0x20000410                xcpModelChecksum1
 .bss.xcpModelChecksum2
                0x20000414        0x4 xcp_ext_common.o
                0x20000414                xcpModelChecksum2
 .bss.xcpModelChecksum3
                0x20000418        0x4 xcp_ext_common.o
                0x20000418                xcpModelChecksum3
 .bss.xcpModelIntegerCode
                0x2000041c        0x4 xcp_ext_common.o
                0x2000041c                xcpModelIntegerCode
 .bss.xcpExtmodeSimulationComplete
                0x20000420        0x1 xcp_ext_common.o
                0x20000420                xcpExtmodeSimulationComplete
 *fill*         0x20000421        0x7 
 .bss.xcpDummyDoubleVariable
                0x20000428        0x8 xcp_ext_common.o
                0x20000428                xcpDummyDoubleVariable
 .bss.xcpDummyUint64Variable
                0x20000430        0x8 xcp_ext_common.o
                0x20000430                xcpDummyUint64Variable
 .bss.xcpCurrentSimulationTimeInMs
                0x20000438        0x8 xcp_ext_common.o
                0x20000438                xcpCurrentSimulationTimeInMs
 .bss.xcpBaseRateSimulationTime
                0x20000440        0x8 xcp_ext_common.o
 .bss.xcpClassicTriggerEventId
                0x20000448        0x2 xcp_ext_classic_trigger.o
                0x20000448                xcpClassicTriggerEventId
 *fill*         0x2000044a        0x2 
 .bss.xcpClassicTriggerSignalAddress
                0x2000044c        0x4 xcp_ext_classic_trigger.o
                0x2000044c                xcpClassicTriggerSignalAddress
 .bss.xcpClassicTriggerSignalAddressExtension
                0x20000450        0x1 xcp_ext_classic_trigger.o
                0x20000450                xcpClassicTriggerSignalAddressExtension
 *fill*         0x20000451        0x7 
 .bss.xcpClassicTriggerLevel
                0x20000458        0x8 xcp_ext_classic_trigger.o
                0x20000458                xcpClassicTriggerLevel
 .bss.xcpClassicTriggerHoldOff
                0x20000460        0x4 xcp_ext_classic_trigger.o
                0x20000460                xcpClassicTriggerHoldOff
 .bss.xcpClassicTriggerDelay
                0x20000464        0x4 xcp_ext_classic_trigger.o
                0x20000464                xcpClassicTriggerDelay
 .bss.xcpClassicTriggerDirection
                0x20000468        0x1 xcp_ext_classic_trigger.o
                0x20000468                xcpClassicTriggerDirection
 .bss.xcpClassicTriggerCancelRequest
                0x20000469        0x1 xcp_ext_classic_trigger.o
                0x20000469                xcpClassicTriggerCancelRequest
 .bss.xcpClassicTriggerSource
                0x2000046a        0x1 xcp_ext_classic_trigger.o
                0x2000046a                xcpClassicTriggerSource
 .bss.xcpClassicTriggerMode
                0x2000046b        0x1 xcp_ext_classic_trigger.o
                0x2000046b                xcpClassicTriggerMode
 .bss.xcpClassicTriggerStatus
                0x2000046c        0x1 xcp_ext_classic_trigger.o
                0x2000046c                xcpClassicTriggerStatus
 *fill*         0x2000046d        0x3 
 .bss.xcpOldSignalValue
                0x20000470        0x8 xcp_ext_classic_trigger.o
 .bss.xcpOldSignalValueAvailable
                0x20000478        0x1 xcp_ext_classic_trigger.o
 .bss.xcpOldClassicTriggerSource
                0x20000479        0x1 xcp_ext_classic_trigger.o
 .bss.xcpTriggerEnabled
                0x2000047a        0x1 xcp_ext_classic_trigger.o
 .bss.xcpSignalTriggerFired
                0x2000047b        0x1 xcp_ext_classic_trigger.o
 .bss.xcpTriggerCount
                0x2000047c        0x4 xcp_ext_classic_trigger.o
 .bss.xcpForcedTriggerEnabled
                0x20000480        0x1 xcp_ext_classic_trigger.o
 .bss.xcpForceTriggerEnableRequest
                0x20000481        0x1 xcp_ext_classic_trigger.o
 .bss.initialized
                0x20000482        0x1 xcp.o
 .bss.xcpStatus
                0x20000483        0x1 xcp.o
 .bss.xcpSessionStatus
                0x20000484        0x1 xcp.o
 .bss.xcpResourceProtectionStatus
                0x20000485        0x1 xcp.o
 .bss.xcpSessionConfigurationId
                0x20000486        0x2 xcp.o
 .bss.groupPacketLookup
                0x20000488       0x10 xcp.o
 .bss.xcpMta    0x20000498        0x8 xcp_standard.o
 .bss.xcpUploadSize
                0x200004a0        0x1 xcp_standard.o
 *fill*         0x200004a1        0x3 
 .bss.packetLookup
                0x200004a4        0x4 xcp_standard.o
 .bss.xcpDynamicDaqLists
                0x200004a8        0x8 xcp_daq.o
 .bss.xcpRunningEventCounter
                0x200004b0        0x4 xcp_daq.o
 .bss.daqLock   0x200004b4        0x4 xcp_daq.o
 .bss.packetLookup
                0x200004b8        0x4 xcp_daq.o
 .bss.packetLookup
                0x200004bc        0x4 xcp_calibration.o
 .bss.txFifo    0x200004c0       0x10 xcp_transport.o
 .bss.txLock    0x200004d0        0x4 xcp_transport.o
 .bss.rxFifo    0x200004d4        0x8 xcp_transport.o
 .bss.rxLock    0x200004dc        0x4 xcp_transport.o
 .bss.initialized
                0x200004e0        0x1 xcp_transport.o
 *fill*         0x200004e1        0x3 
 .bss.xcpMemPoolDescriptors
                0x200004e4       0xc0 xcp_mem_default.o
 .bss.xcpMemCustomPoolDescriptors
                0x200005a4        0x8 xcp_mem_default.o
 .bss.xcpMemMainChunk
                0x200005ac      0x527 xcp_mem_default.o
 *fill*         0x20000ad3        0x1 
 .bss.xcpMemReservedPoolsChunk
                0x20000ad4      0xdc3 xcp_mem_default.o
 *fill*         0x20001897        0x1 
 .bss.xcpMemReservedPoolsChunkUsedBytes
                0x20001898        0x4 xcp_mem_default.o
 .bss.xcpMemLock
                0x2000189c        0x4 xcp_mem_default.o
 .bss.forceBlocking
                0x200018a0        0x1 xcp_drv_rtiostream.o
 *fill*         0x200018a1        0x1 
 .bss.txCounter
                0x200018a2        0x2 xcp_frame_serial.o
 .bss.rxCounter
                0x200018a4        0x2 xcp_frame_serial.o
 *fill*         0x200018a6        0x2 
 .bss.firstRxCounterReceived
                0x200018a8        0x4 xcp_frame_serial.o
 .bss.initialized
                0x200018ac        0x1 xcp_frame_serial.o
 *fill*         0x200018ad        0x3 
 .bss.timestampInitialized
                0x200018b0        0x4 platform_timer.o
 .bss.timestampStartTime
                0x200018b4        0x4 platform_timer.o
 .bss.schdl_counter
                0x200018b8        0x4 SysTickScheduler.o
                0x200018b8                schdl_counter
 .bss.schdl_counter_max
                0x200018bc        0x4 SysTickScheduler.o
                0x200018bc                schdl_counter_max
 .bss.taskToSchedule
                0x200018c0        0x4 m3m4m4f_multitasking.o
                0x200018c0                taskToSchedule
 .bss.mw_ext_h  0x200018c4        0x4 rtiostream_serial.o
                0x200018c4                mw_ext_h
 .bss.UARTRxBuffer
                0x200018c8        0x4 rtiostream_serial.o
                0x200018c8                UARTRxBuffer
 .bss.mw_lpuart1
                0x200018cc       0x40 stm_lpuart.o
                0x200018cc                mw_lpuart1
 .bss.LPUART1ReceiveBuffer
                0x2000190c      0x400 stm_lpuart.o
                0x2000190c                LPUART1ReceiveBuffer
 .bss.htim2     0x20001d0c       0x4c stm32g4xx_hal_timebase_tim.o
                0x20001d0c                htim2
 .bss.uwTick    0x20001d58        0x4 stm32g4xx_hal.o
                0x20001d58                uwTick
 .bss.__sf      0x20001d5c      0x138 C:/ProgramData/MATLAB/SupportPackages/R2024b/3P.instrset/gnuarm-armcortex.instrset/win/bin/../lib/gcc/arm-none-eabi/13.2.1/thumb/v7e-m+fp/hard\libg_nano.a(libc_a-findfp.o)
                0x20001d5c                __sf
 *(COMMON)
                0x20001e94                        . = ALIGN (0x4)
                0x20001e94                        _ebss = .
                0x20001e94                        __bss_end__ = _ebss

._user_heap_stack
                0x20001e94      0x604 load address 0x0801044c
                0x20001e98                        . = ALIGN (0x8)
 *fill*         0x20001e94        0x4 
                [!provide]                        PROVIDE (end = .)
                0x20001e98                        PROVIDE (_end = .)
                0x20002098                        . = (. + _Min_Heap_Size)
 *fill*         0x20001e98      0x200 
                0x20002498                        . = (. + _Min_Stack_Size)
 *fill*         0x20002098      0x400 
                0x20002498                        . = ALIGN (0x8)

/DISCARD/
 libc.a(*)
 libm.a(*)
 libgcc.a(*)

.ARM.attributes
                0x00000000       0x30
 *(.ARM.attributes)
 .ARM.attributes
                0x00000000       0x22 C:/ProgramData/MATLAB/SupportPackages/R2024b/3P.instrset/gnuarm-armcortex.instrset/win/bin/../lib/gcc/arm-none-eabi/13.2.1/thumb/v7e-m+fp/hard/crti.o
 .ARM.attributes
                0x00000022       0x34 C:/ProgramData/MATLAB/SupportPackages/R2024b/3P.instrset/gnuarm-armcortex.instrset/win/bin/../lib/gcc/arm-none-eabi/13.2.1/thumb/v7e-m+fp/hard/crtbegin.o
 .ARM.attributes
                0x00000056       0x34 stm_timer_ll.o
 .ARM.attributes
                0x0000008a       0x34 xcp_ext_mode.o
 .ARM.attributes
                0x000000be       0x34 Encoder_model.o
 .ARM.attributes
                0x000000f2       0x34 ert_main.o
 .ARM.attributes
                0x00000126       0x34 xcp_ext_common.o
 .ARM.attributes
                0x0000015a       0x34 xcp_ext_classic_trigger.o
 .ARM.attributes
                0x0000018e       0x34 xcp.o
 .ARM.attributes
                0x000001c2       0x34 xcp_standard.o
 .ARM.attributes
                0x000001f6       0x34 xcp_daq.o
 .ARM.attributes
                0x0000022a       0x34 xcp_calibration.o
 .ARM.attributes
                0x0000025e       0x34 xcp_fifo.o
 .ARM.attributes
                0x00000292       0x34 xcp_transport.o
 .ARM.attributes
                0x000002c6       0x34 xcp_mem_default.o
 .ARM.attributes
                0x000002fa       0x34 xcp_drv_rtiostream.o
 .ARM.attributes
                0x0000032e       0x34 xcp_utils.o
 .ARM.attributes
                0x00000362       0x34 xcp_frame_serial.o
 .ARM.attributes
                0x00000396       0x34 xcp_ext_param_default_serial.o
 .ARM.attributes
                0x000003ca       0x34 overrideHALDelay.o
 .ARM.attributes
                0x000003fe       0x34 platform_timer.o
 .ARM.attributes
                0x00000432       0x34 SysTickScheduler.o
 .ARM.attributes
                0x00000466       0x34 m3m4m4f_multitasking.o
 .ARM.attributes
                0x0000049a       0x34 rtiostream_serial.o
 .ARM.attributes
                0x000004ce       0x34 stm_usart.o
 .ARM.attributes
                0x00000502       0x34 stm_lpuart.o
 .ARM.attributes
                0x00000536       0x34 sys_arch.o
 .ARM.attributes
                0x0000056a       0x34 main.o
 .ARM.attributes
                0x0000059e       0x34 stm32g4xx_it.o
 .ARM.attributes
                0x000005d2       0x34 stm32g4xx_hal_msp.o
 .ARM.attributes
                0x00000606       0x34 stm32g4xx_hal_timebase_tim.o
 .ARM.attributes
                0x0000063a       0x34 stm32g4xx_ll_utils.o
 .ARM.attributes
                0x0000066e       0x34 stm32g4xx_ll_exti.o
 .ARM.attributes
                0x000006a2       0x34 stm32g4xx_ll_gpio.o
 .ARM.attributes