Archive member included to satisfy reference by file (symbol)

C:/ProgramData/MATLAB/SupportPackages/R2024b/3P.instrset/gnuarm-armcortex.instrset/win/bin/../lib/gcc/arm-none-eabi/13.2.1/thumb/v7e-m+fp/hard\libm.a(libm_a-w_fmod.o)
                              xcp_ext_common.o (fmod)
C:/ProgramData/MATLAB/SupportPackages/R2024b/3P.instrset/gnuarm-armcortex.instrset/win/bin/../lib/gcc/arm-none-eabi/13.2.1/thumb/v7e-m+fp/hard\libm.a(libm_a-e_fmod.o)
                              C:/ProgramData/MATLAB/SupportPackages/R2024b/3P.instrset/gnuarm-armcortex.instrset/win/bin/../lib/gcc/arm-none-eabi/13.2.1/thumb/v7e-m+fp/hard\libm.a(libm_a-w_fmod.o) (__ieee754_fmod)
C:/ProgramData/MATLAB/SupportPackages/R2024b/3P.instrset/gnuarm-armcortex.instrset/win/bin/../lib/gcc/arm-none-eabi/13.2.1/thumb/v7e-m+fp/hard\libgcc.a(_arm_muldf3.o)
                              Encoder_model.o (__aeabi_dmul)
C:/ProgramData/MATLAB/SupportPackages/R2024b/3P.instrset/gnuarm-armcortex.instrset/win/bin/../lib/gcc/arm-none-eabi/13.2.1/thumb/v7e-m+fp/hard\libgcc.a(_arm_addsubdf3.o)
                              Encoder_model.o (__aeabi_dsub)
C:/ProgramData/MATLAB/SupportPackages/R2024b/3P.instrset/gnuarm-armcortex.instrset/win/bin/../lib/gcc/arm-none-eabi/13.2.1/thumb/v7e-m+fp/hard\libgcc.a(_arm_muldivdf3.o)
                              Encoder_model.o (__aeabi_ddiv)
C:/ProgramData/MATLAB/SupportPackages/R2024b/3P.instrset/gnuarm-armcortex.instrset/win/bin/../lib/gcc/arm-none-eabi/13.2.1/thumb/v7e-m+fp/hard\libgcc.a(_arm_cmpdf2.o)
                              xcp_ext_mode.o (__aeabi_dcmpeq)
C:/ProgramData/MATLAB/SupportPackages/R2024b/3P.instrset/gnuarm-armcortex.instrset/win/bin/../lib/gcc/arm-none-eabi/13.2.1/thumb/v7e-m+fp/hard\libgcc.a(_arm_unorddf2.o)
                              C:/ProgramData/MATLAB/SupportPackages/R2024b/3P.instrset/gnuarm-armcortex.instrset/win/bin/../lib/gcc/arm-none-eabi/13.2.1/thumb/v7e-m+fp/hard\libm.a(libm_a-w_fmod.o) (__aeabi_dcmpun)
C:/ProgramData/MATLAB/SupportPackages/R2024b/3P.instrset/gnuarm-armcortex.instrset/win/bin/../lib/gcc/arm-none-eabi/13.2.1/thumb/v7e-m+fp/hard\libgcc.a(_arm_fixunsdfsi.o)
                              xcp_ext_common.o (__aeabi_d2uiz)
C:/ProgramData/MATLAB/SupportPackages/R2024b/3P.instrset/gnuarm-armcortex.instrset/win/bin/../lib/gcc/arm-none-eabi/13.2.1/thumb/v7e-m+fp/hard\libgcc.a(_aeabi_uldivmod.o)
                              stm32g4xx_ll_lpuart.o (__aeabi_uldivmod)
C:/ProgramData/MATLAB/SupportPackages/R2024b/3P.instrset/gnuarm-armcortex.instrset/win/bin/../lib/gcc/arm-none-eabi/13.2.1/thumb/v7e-m+fp/hard\libgcc.a(_udivmoddi4.o)
                              C:/ProgramData/MATLAB/SupportPackages/R2024b/3P.instrset/gnuarm-armcortex.instrset/win/bin/../lib/gcc/arm-none-eabi/13.2.1/thumb/v7e-m+fp/hard\libgcc.a(_aeabi_uldivmod.o) (__udivmoddi4)
C:/ProgramData/MATLAB/SupportPackages/R2024b/3P.instrset/gnuarm-armcortex.instrset/win/bin/../lib/gcc/arm-none-eabi/13.2.1/thumb/v7e-m+fp/hard\libgcc.a(_dvmd_tls.o)
                              C:/ProgramData/MATLAB/SupportPackages/R2024b/3P.instrset/gnuarm-armcortex.instrset/win/bin/../lib/gcc/arm-none-eabi/13.2.1/thumb/v7e-m+fp/hard\libgcc.a(_aeabi_uldivmod.o) (__aeabi_ldiv0)
C:/ProgramData/MATLAB/SupportPackages/R2024b/3P.instrset/gnuarm-armcortex.instrset/win/bin/../lib/gcc/arm-none-eabi/13.2.1/thumb/v7e-m+fp/hard\libg_nano.a(libc_a-exit.o)
                              C:/ProgramData/MATLAB/SupportPackages/R2024b/3P.instrset/gnuarm-armcortex.instrset/win/bin/../lib/gcc/arm-none-eabi/13.2.1/thumb/v7e-m+fp/hard/crt0.o (exit)
C:/ProgramData/MATLAB/SupportPackages/R2024b/3P.instrset/gnuarm-armcortex.instrset/win/bin/../lib/gcc/arm-none-eabi/13.2.1/thumb/v7e-m+fp/hard\libg_nano.a(libc_a-findfp.o)
                              C:/ProgramData/MATLAB/SupportPackages/R2024b/3P.instrset/gnuarm-armcortex.instrset/win/bin/../lib/gcc/arm-none-eabi/13.2.1/thumb/v7e-m+fp/hard\libg_nano.a(libc_a-exit.o) (__stdio_exit_handler)
C:/ProgramData/MATLAB/SupportPackages/R2024b/3P.instrset/gnuarm-armcortex.instrset/win/bin/../lib/gcc/arm-none-eabi/13.2.1/thumb/v7e-m+fp/hard\libg_nano.a(libc_a-fwalk.o)
                              C:/ProgramData/MATLAB/SupportPackages/R2024b/3P.instrset/gnuarm-armcortex.instrset/win/bin/../lib/gcc/arm-none-eabi/13.2.1/thumb/v7e-m+fp/hard\libg_nano.a(libc_a-findfp.o) (_fwalk_sglue)
C:/ProgramData/MATLAB/SupportPackages/R2024b/3P.instrset/gnuarm-armcortex.instrset/win/bin/../lib/gcc/arm-none-eabi/13.2.1/thumb/v7e-m+fp/hard\libg_nano.a(libc_a-stdio.o)
                              C:/ProgramData/MATLAB/SupportPackages/R2024b/3P.instrset/gnuarm-armcortex.instrset/win/bin/../lib/gcc/arm-none-eabi/13.2.1/thumb/v7e-m+fp/hard\libg_nano.a(libc_a-findfp.o) (__sread)
C:/ProgramData/MATLAB/SupportPackages/R2024b/3P.instrset/gnuarm-armcortex.instrset/win/bin/../lib/gcc/arm-none-eabi/13.2.1/thumb/v7e-m+fp/hard\libg_nano.a(libc_a-memset.o)
[...]
Memory Configuration

Name             Origin             Length             Attributes
RAM              0x20000000         0x00020000         xrw
FLASH            0x08000000         0x00080000         xr
*default*        0x00000000         0xffffffff

Linker script and memory map

LOAD C:/ProgramData/MATLAB/SupportPackages/R2024b/3P.instrset/gnuarm-armcortex.instrset/win/bin/../lib/gcc/arm-none-eabi/13.2.1/thumb/v7e-m+fp/hard/crti.o
LOAD C:/ProgramData/MATLAB/SupportPackages/R2024b/3P.instrset/gnuarm-armcortex.instrset/win/bin/../lib/gcc/arm-none-eabi/13.2.1/thumb/v7e-m+fp/hard/crtbegin.o
LOAD C:/ProgramData/MATLAB/SupportPackages/R2024b/3P.instrset/gnuarm-armcortex.instrset/win/bin/../lib/gcc/arm-none-eabi/13.2.1/thumb/v7e-m+fp/hard/crt0.o
LOAD xcp_ext_mode.o
LOAD Encoder_model.o
LOAD ert_main.o
LOAD xcp_ext_common.o
LOAD xcp_ext_classic_trigger.o
LOAD xcp.o
LOAD xcp_standard.o
LOAD xcp_daq.o
LOAD xcp_calibration.o
LOAD xcp_fifo.o
LOAD xcp_transport.o
LOAD xcp_mem_default.o
LOAD xcp_drv_rtiostream.o
LOAD xcp_utils.o
LOAD xcp_frame_serial.o
LOAD xcp_ext_param_default_serial.o
LOAD overrideHALDelay.o
LOAD platform_timer.o
LOAD SysTickScheduler.o
LOAD m3m4m4f_multitasking.o
LOAD rtiostream_serial.o
LOAD stm_usart.o
LOAD stm_lpuart.o
LOAD sys_arch.o
LOAD main.o
LOAD stm32g4xx_it.o
LOAD stm32g4xx_hal_msp.o
LOAD stm32g4xx_hal_timebase_tim.o
LOAD stm32g4xx_ll_utils.o
LOAD stm32g4xx_ll_exti.o
LOAD stm32g4xx_ll_gpio.o
LOAD stm32g4xx_ll_dma.o
LOAD stm32g4xx_ll_lpuart.o
LOAD stm32g4xx_ll_rcc.o
LOAD stm32g4xx_hal.o
LOAD stm32g4xx_hal_rcc.o
LOAD stm32g4xx_hal_rcc_ex.o
LOAD stm32g4xx_hal_flash.o
LOAD stm32g4xx_hal_flash_ex.o
LOAD stm32g4xx_hal_flash_ramfunc.o
LOAD stm32g4xx_hal_gpio.o
LOAD stm32g4xx_hal_exti.o
LOAD stm32g4xx_hal_dma.o
LOAD stm32g4xx_hal_dma_ex.o
LOAD stm32g4xx_hal_pwr.o
LOAD stm32g4xx_hal_pwr_ex.o
LOAD stm32g4xx_hal_cortex.o
LOAD stm32g4xx_hal_tim.o
LOAD stm32g4xx_hal_tim_ex.o
LOAD stm32g4xx_ll_tim.o
LOAD system_stm32g4xx.o
LOAD syscalls.o
LOAD sysmem.o
LOAD startup_stm32g474retx.o
LOAD C:/ProgramData/MATLAB/SupportPackages/R2024b/3P.instrset/cmsis_dsp.instrset/Lib/GCC/arm_cortexm4ldfsp_math/libCMSISDSP.a
LOAD C:/ProgramData/MATLAB/SupportPackages/R2024b/toolbox/shared/supportpackages/stm32/lib/GCC/libmw_pdmfilter_m4_spfp.lib
LOAD C:/ProgramData/MATLAB/SupportPackages/R2024b/3P.instrset/gnuarm-armcortex.instrset/win/bin/../lib/gcc/arm-none-eabi/13.2.1/thumb/v7e-m+fp/hard\libstdc++_nano.a
LOAD C:/ProgramData/MATLAB/SupportPackages/R2024b/3P.instrset/gnuarm-armcortex.instrset/win/bin/../lib/gcc/arm-none-eabi/13.2.1/thumb/v7e-m+fp/hard\libm.a
START GROUP
LOAD C:/ProgramData/MATLAB/SupportPackages/R2024b/3P.instrset/gnuarm-armcortex.instrset/win/bin/../lib/gcc/arm-none-eabi/13.2.1/thumb/v7e-m+fp/hard\libgcc.a
LOAD C:/ProgramData/MATLAB/SupportPackages/R2024b/3P.instrset/gnuarm-armcortex.instrset/win/bin/../lib/gcc/arm-none-eabi/13.2.1/thumb/v7e-m+fp/hard\libg_nano.a
LOAD C:/ProgramData/MATLAB/SupportPackages/R2024b/3P.instrset/gnuarm-armcortex.instrset/win/bin/../lib/gcc/arm-none-eabi/13.2.1/thumb/v7e-m+fp/hard\libc_nano.a
END GROUP
START GROUP
LOAD C:/ProgramData/MATLAB/SupportPackages/R2024b/3P.instrset/gnuarm-armcortex.instrset/win/bin/../lib/gcc/arm-none-eabi/13.2.1/thumb/v7e-m+fp/hard\libgcc.a
LOAD C:/ProgramData/MATLAB/SupportPackages/R2024b/3P.instrset/gnuarm-armcortex.instrset/win/bin/../lib/gcc/arm-none-eabi/13.2.1/thumb/v7e-m+fp/hard\libc_nano.a
LOAD C:/ProgramData/MATLAB/SupportPackages/R2024b/3P.instrset/gnuarm-armcortex.instrset/win/bin/../lib/gcc/arm-none-eabi/13.2.1/thumb/v7e-m+fp/hard\libnosys.a
END GROUP
START GROUP
LOAD C:/ProgramData/MATLAB/SupportPackages/R2024b/3P.instrset/gnuarm-armcortex.instrset/win/bin/../lib/gcc/arm-none-eabi/13.2.1/thumb/v7e-m+fp/hard\libgcc.a
LOAD C:/ProgramData/MATLAB/SupportPackages/R2024b/3P.instrset/gnuarm-armcortex.instrset/win/bin/../lib/gcc/arm-none-eabi/13.2.1/thumb/v7e-m+fp/hard\libc_nano.a
LOAD C:/ProgramData/MATLAB/SupportPackages/R2024b/3P.instrset/gnuarm-armcortex.instrset/win/bin/../lib/gcc/arm-none-eabi/13.2.1/thumb/v7e-m+fp/hard\libnosys.a
END GROUP
LOAD C:/ProgramData/MATLAB/SupportPackages/R2024b/3P.instrset/gnuarm-armcortex.instrset/win/bin/../lib/gcc/arm-none-eabi/13.2.1/thumb/v7e-m+fp/hard/crtend.o
LOAD C:/ProgramData/MATLAB/SupportPackages/R2024b/3P.instrset/gnuarm-armcortex.instrset/win/bin/../lib/gcc/arm-none-eabi/13.2.1/thumb/v7e-m+fp/hard/crtn.o
                0x20020000                        _estack = (ORIGIN (RAM) + LENGTH (RAM))
                0x00000200                        _Min_Heap_Size = 0x200
                0x00000400                        _Min_Stack_Size = 0x400

.isr_vector     0x08000000      0x1d8
                0x08000000                        . = ALIGN (0x4)
 *(.isr_vector)
 .isr_vector    0x08000000      0x1d8 startup_stm32g474retx.o
                0x08000000                g_pfnVectors
                0x080001d8                        . = ALIGN (0x4)

.text           0x080001d8     0xc52c
                0x080001d8                        . = ALIGN (0x4)
 *(.text)
 .text          0x080001d8      0x378 C:/ProgramData/MATLAB/SupportPackages/R2024b/3P.instrset/gnuarm-armcortex.instrset/win/bin/../lib/gcc/arm-none-eabi/13.2.1/thumb/v7e-m+fp/hard\libgcc.a(_arm_addsubdf3.o)
                0x080001d8                __aeabi_drsub
                0x080001e0                __aeabi_dsub
                0x080001e0                __subdf3
                0x080001e4                __aeabi_dadd
                0x080001e4                __adddf3
                0x0800045c                __floatunsidf
                0x0800045c                __aeabi_ui2d
                0x0800047c                __floatsidf
                0x0800047c                __aeabi_i2d
                0x080004a0                __aeabi_f2d
                0x080004a0                __extendsfdf2
                0x080004e4                __floatundidf
                0x080004e4                __aeabi_ul2d
                0x080004f4                __floatdidf
                0x080004f4                __aeabi_l2d
 .text          0x08000550      0x424 C:/ProgramData/MATLAB/SupportPackages/R2024b/3P.instrset/gnuarm-armcortex.instrset/win/bin/../lib/gcc/arm-none-eabi/13.2.1/thumb/v7e-m+fp/hard\libgcc.a(_arm_muldivdf3.o)
                0x08000550                __aeabi_dmul
                0x08000550                __muldf3
                0x080007a4                __divdf3
                0x080007a4                __aeabi_ddiv
 .text          0x08000974      0x110 C:/ProgramData/MATLAB/SupportPackages/R2024b/3P.instrset/gnuarm-armcortex.instrset/win/bin/../lib/gcc/arm-none-eabi/13.2.1/thumb/v7e-m+fp/hard\libgcc.a(_arm_cmpdf2.o)
                0x08000974                __gtdf2
                0x08000974                __gedf2
                0x0800097c                __ltdf2
                0x0800097c                __ledf2
                0x08000984                __nedf2
                0x08000984                __eqdf2
                0x08000984                __cmpdf2
                0x08000a00                __aeabi_cdrcmple
                0x08000a10                __aeabi_cdcmpeq
                0x08000a10                __aeabi_cdcmple
                0x08000a20                __aeabi_dcmpeq
                0x08000a34                __aeabi_dcmplt
                0x08000a48                __aeabi_dcmple
                0x08000a5c                __aeabi_dcmpge
                0x08000a70                __aeabi_dcmpgt
 .text          0x08000a84       0x2c C:/ProgramData/MATLAB/SupportPackages/R2024b/3P.instrset/gnuarm-armcortex.instrset/win/bin/../lib/gcc/arm-none-eabi/13.2.1/thumb/v7e-m+fp/hard\libgcc.a(_arm_unorddf2.o)
                0x08000a84                __unorddf2
                0x08000a84                __aeabi_dcmpun
 .text          0x08000ab0       0x40 C:/ProgramData/MATLAB/SupportPackages/R2024b/3P.instrset/gnuarm-armcortex.instrset/win/bin/../lib/gcc/arm-none-eabi/13.2.1/thumb/v7e-m+fp/hard\libgcc.a(_arm_fixunsdfsi.o)
                0x08000ab0                __aeabi_d2uiz
                0x08000ab0                __fixunsdfsi
 .text          0x08000af0       0x30 C:/ProgramData/MATLAB/SupportPackages/R2024b/3P.instrset/gnuarm-armcortex.instrset/win/bin/../lib/gcc/arm-none-eabi/13.2.1/thumb/v7e-m+fp/hard\libgcc.a(_aeabi_uldivmod.o)
                0x08000af0                __aeabi_uldivmod
 .text          0x08000b20        0x4 C:/ProgramData/MATLAB/SupportPackages/R2024b/3P.instrset/gnuarm-armcortex.instrset/win/bin/../lib/gcc/arm-none-eabi/13.2.1/thumb/v7e-m+fp/hard\libgcc.a(_dvmd_tls.o)
                0x08000b20                __aeabi_idiv0
                0x08000b20                __aeabi_ldiv0
 *(.text*)
 .text.deregister_tm_clones
                0x08000b24       0x1c C:/ProgramData/MATLAB/SupportPackages/R2024b/3P.instrset/gnuarm-armcortex.instrset/win/bin/../lib/gcc/arm-none-eabi/13.2.1/thumb/v7e-m+fp/hard/crtbegin.o
 .text.register_tm_clones
                0x08000b40       0x24 C:/ProgramData/MATLAB/SupportPackages/R2024b/3P.instrset/gnuarm-armcortex.instrset/win/bin/../lib/gcc/arm-none-eabi/13.2.1/thumb/v7e-m+fp/hard/crtbegin.o
 .text.__do_global_dtors_aux
                0x08000b64       0x28 C:/ProgramData/MATLAB/SupportPackages/R2024b/3P.instrset/gnuarm-armcortex.instrset/win/bin/../lib/gcc/arm-none-eabi/13.2.1/thumb/v7e-m+fp/hard/crtbegin.o
 .text.frame_dummy
                0x08000b8c       0x24 C:/ProgramData/MATLAB/SupportPackages/R2024b/3P.instrset/gnuarm-armcortex.instrset/win/bin/../lib/gcc/arm-none-eabi/13.2.1/thumb/v7e-m+fp/hard/crtbegin.o
 .text.extmodeParseArgs
                0x08000bb0       0x1e xcp_ext_mode.o
                0x08000bb0                extmodeParseArgs
 *fill*         0x08000bce        0x2 
 .text.extmodeInit
                0x08000bd0      0x128 xcp_ext_mode.o
                0x08000bd0                extmodeInit
 .text.extmodeWaitForHostRequest
                0x08000cf8       0xcc xcp_ext_mode.o
                0x08000cf8                extmodeWaitForHostRequest
 .text.extmodeEvent
                0x08000dc4       0xfc xcp_ext_mode.o
                0x08000dc4                extmodeEvent
 .text.extmodeBackgroundRun
                0x08000ec0       0x20 xcp_ext_mode.o
                0x08000ec0                extmodeBackgroundRun
 .text.extmodeReset
                0x08000ee0       0x40 xcp_ext_mode.o
                0x08000ee0                extmodeReset
 .text.extmodeStopRequested
                0x08000f20       0x18 xcp_ext_mode.o
                0x08000f20                extmodeStopRequested
 .text.extmodeSimulationComplete
                0x08000f38       0x18 xcp_ext_mode.o
                0x08000f38                extmodeSimulationComplete
 .text.LL_GPIO_ReadInputPort
                0x08000f50       0x18 Encoder_model.o
 .text.Encoder_model_step
                0x08000f68      0x6a4 Encoder_model.o
                0x08000f68                Encoder_model_step
 *fill*         0x0800160c        0x4 
 .text.Encoder_model_initialize
                0x08001610       0xf4 Encoder_model.o
                0x08001610                Encoder_model_initialize
 .text.Encoder_model_terminate
                0x08001704        0xe Encoder_model.o
                0x08001704                Encoder_model_terminate
 *fill*         0x08001712        0x2 
 .text.rt_OneStep
                0x08001714       0x78 ert_main.o
                0x08001714                rt_OneStep
 .text.main     0x0800178c      0x18c ert_main.o
                0x0800178c                main
 .text.xcp_void_printf
                0x08001918       0x12 xcp_ext_common.o
                0x08001918                xcp_void_printf
 .text.xcpCopyTimeValue
                0x0800192a       0x26 xcp_ext_common.o
 .text.xcpExtModeUpdateTime
                0x08001950      0x13c xcp_ext_common.o
                0x08001950                xcpExtModeUpdateTime
 .text.xcpExtModeInit
                0x08001a8c       0xb0 xcp_ext_common.o
                0x08001a8c                xcpExtModeInit
 .text.xcpExtModeRunBackground
                0x08001b3c      0x13c xcp_ext_common.o
                0x08001b3c                xcpExtModeRunBackground
 .text.xcpExtModeReset
                0x08001c78      0x128 xcp_ext_common.o
                0x08001c78                xcpExtModeReset
 .text.sampleSignalTrigger
                0x08001da0      0x1b4 xcp_ext_classic_trigger.o
 .text.updateTriggerStatus
                0x08001f54      0x2b8 xcp_ext_classic_trigger.o
 .text.xcpExtModeClassicTriggerInit
                0x0800220c       0x68 xcp_ext_classic_trigger.o
                0x0800220c                xcpExtModeClassicTriggerInit
 .text.xcpExtModeClassicTriggerEnabled
                0x08002274      0x100 xcp_ext_classic_trigger.o
                0x08002274                xcpExtModeClassicTriggerEnabled
 .text.xcpExtModeClassicTriggerReset
                0x08002374       0xf4 xcp_ext_classic_trigger.o
                0x08002374                xcpExtModeClassicTriggerReset
 .text.xcpExtModeClassicTriggerForceEnableStatusUpdate
                0x08002468       0x78 xcp_ext_classic_trigger.o
                0x08002468                xcpExtModeClassicTriggerForceEnableStatusUpdate
 .text.msgBufferRealloc
                0x080024e0       0x72 xcp.o
 *fill*         0x08002552        0x2 
 .text.discardInputPacketHandler
                0x08002554       0x3c xcp.o
 .text.unknownInputPacketHandler
                0x08002590       0x34 xcp.o
 .text.xcpGetPacketGroupID
                0x080025c4       0x74 xcp.o
 .text.xcpGetPacketHandlers
                0x08002638      0x124 xcp.o
 .text.xcpStatusSet
                0x0800275c       0x20 xcp.o
                0x0800275c                xcpStatusSet
 .text.xcpSessionStatusGet
                0x0800277c       0x18 xcp.o
                0x0800277c                xcpSessionStatusGet
 .text.xcpSessionStatusSetMask
                0x08002794       0x28 xcp.o
                0x08002794                xcpSessionStatusSetMask
 .text.xcpSessionStatusClearMask
                0x080027bc       0x34 xcp.o
                0x080027bc                xcpSessionStatusClearMask
 .text.xcpResourceProtectionStatusGet
                0x080027f0       0x18 xcp.o
                0x080027f0                xcpResourceProtectionStatusGet
 .text.xcpSessionConfigurationIdGet
                0x08002808       0x18 xcp.o
                0x08002808                xcpSessionConfigurationIdGet
 .text.genericOutputPacketHandler
                0x08002820      0x11c xcp.o
                0x08002820                genericOutputPacketHandler
 .text.xcpFindPacket
                0x0800293c       0x6e xcp.o
                0x0800293c                xcpFindPacket
 *fill*         0x080029aa        0x2 
 .text.xcpInit  0x080029ac       0x64 xcp.o
                0x080029ac                xcpInit
 .text.xcpRun   0x08002a10      0x194 xcp.o
                0x08002a10                xcpRun
 .text.xcpEvent
                0x08002ba4       0x50 xcp.o
                0x08002ba4                xcpEvent
 .text.xcpGetStatus
                0x08002bf4       0x18 xcp.o
                0x08002bf4                xcpGetStatus
 .text.xcpReset
                0x08002c0c       0x40 xcp.o
                0x08002c0c                xcpReset
 .text.xcpPackedModeEventsFlush
                0x08002c4c       0x1e xcp.o
                0x08002c4c                xcpPackedModeEventsFlush
 .text.xcpPackedModeEventReset
                0x08002c6a       0x2a xcp.o
                0x08002c6a                xcpPackedModeEventReset
 .text.isValidUploadSize
                0x08002c94       0x30 xcp_standard.o
 .text.xcpMemcpyFromMTA
                0x08002cc4       0x38 xcp_standard.o
 .text.connectInputPacketHandler
                0x08002cfc       0xa4 xcp_standard.o
 .text.connectOutputPacketHandler
                0x08002da0       0xd4 xcp_standard.o
 .text.disconnectInputPacketHandler
                0x08002e74       0x54 xcp_standard.o
 .text.getStatusInputPacketHandler
                0x08002ec8       0x28 xcp_standard.o
 .text.getStatusOutputPacketHandler
                0x08002ef0       0x80 xcp_standard.o
 .text.synchInputPacketHandler
                0x08002f70       0x44 xcp_standard.o
 .text.setMTAInputPacketHandler
                0x08002fb4       0x78 xcp_standard.o
 .text.uploadInputPacketHandler
                0x0800302c       0x98 xcp_standard.o
 .text.uploadOutputPacketHandler
                0x080030c4       0x9c xcp_standard.o
 .text.shortUploadInputPacketHandler
                0x08003160       0xa4 xcp_standard.o
 .text.shortUploadOutputPacketHandler
                0x08003204       0x9c xcp_standard.o
 .text.getPacket
                0x080032a0       0x24 xcp_standard.o
 .text.xcpStandardInit
                0x080032c4       0x18 xcp_standard.o
                0x080032c4                xcpStandardInit
 .text.xcpStandardGetPacketLookup
                0x080032dc       0x18 xcp_standard.o
                0x080032dc                xcpStandardGetPacketLookup
 .text.xcpStandardSetPacketLookup
                0x080032f4       0x20 xcp_standard.o
                0x080032f4                xcpStandardSetPacketLookup
 .text.xcpStandardReset
                0x08003314       0x12 xcp_standard.o
                0x08003314                xcpStandardReset
 *fill*         0x08003326        0x2 
 .text.xcpStandardGetAddressFromMta
                0x08003328       0x18 xcp_standard.o
                0x08003328                xcpStandardGetAddressFromMta
 .text.xcpStandardSetMta
                0x08003340       0x3c xcp_standard.o
                0x08003340                xcpStandardSetMta
 .text.xcpStandardIncrementMta
                0x0800337c       0x28 xcp_standard.o
                0x0800337c                xcpStandardIncrementMta
 .text.xcpStandardExtendedInit
                0x080033a4        0xe xcp_standard.o
                0x080033a4                xcpStandardExtendedInit
 .text.xcpStandardExtendedReset
                0x080033b2        0xe xcp_standard.o
                0x080033b2                xcpStandardExtendedReset
 .text.xcpDaqWriteLock
                0x080033c0       0x4c xcp_daq.o
 .text.xcpDaqWriteUnlock
                0x0800340c       0x20 xcp_daq.o
 .text.xcpDaqReadLock
                0x0800342c       0x38 xcp_daq.o
 .text.xcpDaqReadUnlock
                0x08003464       0x38 xcp_daq.o
 .text.isActiveDaqList
                0x0800349c       0x50 xcp_daq.o
 .text.noActiveDaqLists
                0x080034ec       0x50 xcp_daq.o
 .text.isValidDaqPtr
                0x0800353c       0xb8 xcp_daq.o
 .text.isValidDaqEntry
                0x080035f4       0x36 xcp_daq.o
 .text.isSupportedDaqListMode
                0x0800362a       0x26 xcp_daq.o
 .text.isValidStartStopMode
                0x08003650       0x32 xcp_daq.o
 .text.isValidStartStopSynchMode
                0x08003682       0x32 xcp_daq.o
 .text.absoluteOdtNumberIdentification
                0x080036b4       0x10 xcp_daq.o
 .text.isDaqPackedModeEnabled
                0x080036c4       0x6c xcp_daq.o
 .text.odtPacketSize
                0x08003730       0x54 xcp_daq.o
 .text.createDaqReservedPool
                0x08003784       0x88 xcp_daq.o
 .text.destroyDaqReservedPool
                0x0800380c       0x2c xcp_daq.o
 .text.setDaqPtrInputPacketHandler
                0x08003838       0xdc xcp_daq.o
 .text.writeDaqInputPacketHandler
                0x08003914      0x198 xcp_daq.o
 .text.setDaqListModeInputPacketHandler
                0x08003aac      0x1c8 xcp_daq.o
 .text.startStopDaqListInputPacketHandler
                0x08003c74      0x3f4 xcp_daq.o
 .text.startStopDaqListOutputPacketHandler
                0x08004068       0x5c xcp_daq.o
 .text.startStopSynchInputPacketHandler
                0x080040c4      0x328 xcp_daq.o
 .text.getDaqProcessorInfoInputPacketHandler
                0x080043ec       0x28 xcp_daq.o
 .text.getDaqProcessorInfoOutputPacketHandler
                0x08004414       0xac xcp_daq.o
 .text.getDaqResolutionInfoInputPacketHandler
                0x080044c0       0x28 xcp_daq.o
 .text.getDaqResolutionInfoOutputPacketHandler
                0x080044e8       0xb8 xcp_daq.o
 .text.freeDaqInputPacketHandler
                0x080045a0       0x5c xcp_daq.o
 .text.allocDaqInputPacketHandler
                0x080045fc      0x18c xcp_daq.o
 .text.allocOdtInputPacketHandler
                0x08004788      0x1c0 xcp_daq.o
 .text.allocOdtEntryInputPacketHandler
                0x08004948      0x270 xcp_daq.o
 .text.getDaqClockInputPacketHandler
                0x08004bb8       0x22 xcp_daq.o
 *fill*         0x08004bda        0x2 
 .text.setDaqPackedModeInputPacketHandler
                0x08004bdc      0x21c xcp_daq.o
 .text.level1CommandInputPacketHandler
                0x08004df8       0x64 xcp_daq.o
 .text.getPacket
                0x08004e5c       0x24 xcp_daq.o
 .text.xcpDaqInit
                0x08004e80       0x38 xcp_daq.o
                0x08004e80                xcpDaqInit
 .text.xcpDaqGetPacketLookup
                0x08004eb8       0x18 xcp_daq.o
                0x08004eb8                xcpDaqGetPacketLookup
 .text.xcpDaqSetPacketLookup
                0x08004ed0       0x20 xcp_daq.o
                0x08004ed0                xcpDaqSetPacketLookup
 .text.xcpResetDaq
                0x08004ef0       0xa4 xcp_daq.o
 .text.daqWriteXCPDataForOdt
                0x08004f94       0x7c xcp_daq.o
 .text.odtWriteEntries
                0x08005010       0x9c xcp_daq.o
 .text.xcpProcessDaq
                0x080050ac      0x208 xcp_daq.o
 .text.xcpDaqEvent
                0x080052b4      0x108 xcp_daq.o
                0x080052b4                xcpDaqEvent
 .text.xcpDaqEventsFlush
                0x080053bc      0x284 xcp_daq.o
                0x080053bc                xcpDaqEventsFlush
 .text.xcpDaqLock
                0x08005640       0x1e xcp_daq.o
                0x08005640                xcpDaqLock
 .text.xcpDaqUnlock
                0x0800565e        0xe xcp_daq.o
                0x0800565e                xcpDaqUnlock
 .text.xcpResetDaqListStatus
                0x0800566c      0x19c xcp_daq.o
                0x0800566c                xcpResetDaqListStatus
 .text.xcpDaqReset
                0x08005808       0x20 xcp_daq.o
                0x08005808                xcpDaqReset
 .text.xcpDaqExtendedInit
                0x08005828        0xe xcp_daq.o
                0x08005828                xcpDaqExtendedInit
 .text.xcpDaqExtendedReset
                0x08005836        0xe xcp_daq.o
                0x08005836                xcpDaqExtendedReset
 .text.isValidShortDownloadSize
                0x08005844       0x34 xcp_calibration.o
 .text.isValidDownloadSize
                0x08005878       0x3a xcp_calibration.o
 *fill*         0x080058b2        0x2 
 .text.xcpMemcpyToMTA
                0x080058b4       0x34 xcp_calibration.o
 .text.downloadInputPacketHandler
                0x080058e8       0xb0 xcp_calibration.o
 .text.shortDownloadInputPacketHandler
                0x08005998       0xb8 xcp_calibration.o
 .text.getPacket
                0x08005a50       0x24 xcp_calibration.o
 .text.xcpCalibrationInit
                0x08005a74       0x14 xcp_calibration.o
                0x08005a74                xcpCalibrationInit
 .text.xcpCalibrationGetPacketLookup
                0x08005a88       0x18 xcp_calibration.o
                0x08005a88                xcpCalibrationGetPacketLookup
 .text.xcpCalibrationSetPacketLookup
                0x08005aa0       0x20 xcp_calibration.o
                0x08005aa0                xcpCalibrationSetPacketLookup
 .text.xcpCalibrationReset
                0x08005ac0        0xe xcp_calibration.o
                0x08005ac0                xcpCalibrationReset
 .text.xcpFifoInit
                0x08005ace       0x20 xcp_fifo.o
                0x08005ace                xcpFifoInit
 .text.xcpFifoEnqueue
                0x08005aee       0x2a xcp_fifo.o
                0x08005aee                xcpFifoEnqueue
 .text.xcpFifoDequeue
                0x08005b18       0x3e xcp_fifo.o
                0x08005b18                xcpFifoDequeue
 .text.xcpFifoEnqueueHead
                0x08005b56       0x32 xcp_fifo.o
                0x08005b56                xcpFifoEnqueueHead
 .text.xcpFifoReset
                0x08005b88       0x16 xcp_fifo.o
                0x08005b88                xcpFifoReset
 *fill*         0x08005b9e        0x2 
 .text.xcpTransportEmptyTxFifo
                0x08005ba0       0x6c xcp_transport.o
 .text.xcpTransportEmptyRxFifo
                0x08005c0c       0x6c xcp_transport.o
 .text.xcpTransportInit
                0x08005c78      0x138 xcp_transport.o
                0x08005c78                xcpTransportInit
 .text.xcpTransportTxReady
                0x08005db0       0x1a xcp_transport.o
                0x08005db0                xcpTransportTxReady
 .text.xcpTransportTxTrigger
                0x08005dca       0x1a xcp_transport.o
                0x08005dca                xcpTransportTxTrigger
 .text.xcpTransportTxPacketSet
                0x08005de4      0x144 xcp_transport.o
                0x08005de4                xcpTransportTxPacketSet
 .text.xcpTransportTx
                0x08005f28       0xec xcp_transport.o
                0x08005f28                xcpTransportTx
 .text.xcpTransportRx
                0x08006014       0x80 xcp_transport.o
                0x08006014                xcpTransportRx
 .text.xcpTransportRxPacketGet
                0x08006094      0x12c xcp_transport.o
                0x08006094                xcpTransportRxPacketGet
 .text.xcpTransportPacketOffset
                0x080061c0       0x20 xcp_transport.o
                0x080061c0                xcpTransportPacketOffset
 .text.xcpTransportMsgBufferSize
                0x080061e0       0x70 xcp_transport.o
                0x080061e0                xcpTransportMsgBufferSize
 .text.xcpTransportMaxDtoSize
                0x08006250        0xe xcp_transport.o
                0x08006250                xcpTransportMaxDtoSize
 .text.xcpTransportMaxCtoSize
                0x0800625e        0xe xcp_transport.o
                0x0800625e                xcpTransportMaxCtoSize
 .text.xcpTransportRestart
                0x0800626c       0x44 xcp_transport.o
                0x0800626c                xcpTransportRestart
 .text.xcpTransportResynch
                0x080062b0       0x40 xcp_transport.o
                0x080062b0                xcpTransportResynch
 .text.xcpTransportCtoReservedMemPoolId
                0x080062f0       0x18 xcp_transport.o
                0x080062f0                xcpTransportCtoReservedMemPoolId
 .text.xcpTransportReset
                0x08006308       0xe4 xcp_transport.o
                0x08006308                xcpTransportReset
 .text.xcpInitializePoolMemoryArea
                0x080063ec       0x72 xcp_mem_default.o
 *fill*         0x0800645e        0x2 
 .text.xcpMemInit
                0x08006460      0x1d4 xcp_mem_default.o
                0x08006460                xcpMemInit
 .text.xcpMemAlloc
                0x08006634       0xe8 xcp_mem_default.o
                0x08006634                xcpMemAlloc
 .text.xcpMemFree
                0x0800671c      0x170 xcp_mem_default.o
                0x0800671c                xcpMemFree
 .text.xcpMemReservedPoolCreate
                0x0800688c      0x224 xcp_mem_default.o
                0x0800688c                xcpMemReservedPoolCreate
 .text.xcpMemReservedPoolDestroy
                0x08006ab0      0x158 xcp_mem_default.o
                0x08006ab0                xcpMemReservedPoolDestroy
 .text.xcpMemCustomPoolCreate
                0x08006c08       0xbc xcp_mem_default.o
                0x08006c08                xcpMemCustomPoolCreate
 .text.xcpMemCustomPoolDestroy
                0x08006cc4       0x64 xcp_mem_default.o
                0x08006cc4                xcpMemCustomPoolDestroy
 .text.xcpMemAllocFromPool
                0x08006d28      0x170 xcp_mem_default.o
                0x08006d28                xcpMemAllocFromPool
 .text.xcpMemReset
                0x08006e98       0x50 xcp_mem_default.o
                0x08006e98                xcpMemReset
 .text.xcpDrvOpen
                0x08006ee8       0x64 xcp_drv_rtiostream.o
                0x08006ee8                xcpDrvOpen
 .text.xcpDrvIoctl
                0x08006f4c       0x4c xcp_drv_rtiostream.o
                0x08006f4c                xcpDrvIoctl
 .text.xcpDrvSend
                0x08006f98      0x14c xcp_drv_rtiostream.o
                0x08006f98                xcpDrvSend
 .text.xcpDrvRecv
                0x080070e4      0x14c xcp_drv_rtiostream.o
                0x080070e4                xcpDrvRecv
 .text.xcpDrvClose
                0x08007230       0x5c xcp_drv_rtiostream.o
                0x08007230                xcpDrvClose
 .text.xcpSortArray
                0x0800728c       0xcc xcp_utils.o
                0x0800728c                xcpSortArray
 .text.xcpSxiHtons
                0x08007358       0x18 xcp_frame_serial.o
 .text.xcpSxiNtohs
                0x08007370       0x1c xcp_frame_serial.o
 .text.xcpSxiChecksum
                0x0800738c       0x3e xcp_frame_serial.o
                0x0800738c                xcpSxiChecksum
 *fill*         0x080073ca        0x2 
 .text.xcpFrameInit
                0x080073cc       0x70 xcp_frame_serial.o
                0x080073cc                xcpFrameInit
 .text.xcpFrameMsgSend
                0x0800743c      0x188 xcp_frame_serial.o
                0x0800743c                xcpFrameMsgSend
 .text.xcpFrameMsgRecv
                0x080075c4      0x180 xcp_frame_serial.o
                0x080075c4                xcpFrameMsgRecv
 .text.xcpFrameCreateMsg
                0x08007744       0x94 xcp_frame_serial.o
                0x08007744                xcpFrameCreateMsg
 .text.xcpFrameExtractPacket
                0x080077d8      0x158 xcp_frame_serial.o
                0x080077d8                xcpFrameExtractPacket
 .text.xcpFrameHeaderSize
                0x08007930       0x10 xcp_frame_serial.o
                0x08007930                xcpFrameHeaderSize
 .text.xcpFrameTailSize
                0x08007940       0x10 xcp_frame_serial.o
                0x08007940                xcpFrameTailSize
 .text.xcpFrameMaxDtoSize
                0x08007950       0x12 xcp_frame_serial.o
                0x08007950                xcpFrameMaxDtoSize
 .text.xcpFrameMaxCtoSize
                0x08007962       0x10 xcp_frame_serial.o
                0x08007962                xcpFrameMaxCtoSize
 *fill*         0x08007972        0x2 
 .text.xcpFrameRestart
                0x08007974       0x30 xcp_frame_serial.o
                0x08007974                xcpFrameRestart
 .text.xcpFrameSetCtoReservedMemPoolId
                0x080079a4       0x20 xcp_frame_serial.o
                0x080079a4                xcpFrameSetCtoReservedMemPoolId
 .text.xcpFrameReset
                0x080079c4       0x70 xcp_frame_serial.o
                0x080079c4                xcpFrameReset
 .text.xcpTransportGetInitParameters
                0x08007a34       0x2e xcp_ext_param_default_serial.o
                0x08007a34                xcpTransportGetInitParameters
 .text.xcpGetInitParameters
                0x08007a62       0x2e xcp_ext_param_default_serial.o
                0x08007a62                xcpGetInitParameters
 .text.HAL_Delay
                0x08007a90       0x2e overrideHALDelay.o
                0x08007a90                HAL_Delay
 *fill*         0x08007abe        0x2 
 .text.PeriphCommonClock_Config
                0x08007ac0       0x10 platform_timer.o
                0x08007ac0                PeriphCommonClock_Config
 .text.getCurrentTimestampInMicros
                0x08007ad0       0x3c platform_timer.o
                0x08007ad0                getCurrentTimestampInMicros
 .text.returnTimeElapsed
                0x08007b0c       0x2c platform_timer.o
                0x08007b0c                returnTimeElapsed
 .text.timestampInit
                0x08007b38       0x28 platform_timer.o
 .text.getCurrentTimestamp
                0x08007b60       0x44 platform_timer.o
                0x08007b60                getCurrentTimestamp
 .text.__NVIC_SetPriority
                0x08007ba4       0x54 SysTickScheduler.o
 .text.SysTick_Config
                0x08007bf8       0x44 SysTickScheduler.o
 .text.SysTick_Isr
                0x08007c3c       0x48 SysTickScheduler.o
 .text.SysTick_Handler
                0x08007c84       0x20 SysTickScheduler.o
                0x08007c84                SysTick_Handler
 .text.ARMCM_SysTick_Config
                0x08007ca4       0xb0 SysTickScheduler.o
                0x08007ca4                ARMCM_SysTick_Config
 .text.PendSV_Handler
                0x08007d54       0x44 m3m4m4f_multitasking.o
                0x08007d54                PendSV_Handler
 .text.SVC_Handler
                0x08007d98       0x58 m3m4m4f_multitasking.o
                0x08007d98                SVC_Handler
 .text.rtIOStreamOpen
                0x08007df0       0x44 rtiostream_serial.o
                0x08007df0                rtIOStreamOpen
 .text.rtIOStreamSend
                0x08007e34       0x38 rtiostream_serial.o
                0x08007e34                rtIOStreamSend
 .text.rtIOStreamRecv
                0x08007e6c       0x48 rtiostream_serial.o
                0x08007e6c                rtIOStreamRecv
 .text.rtIOStreamClose
                0x08007eb4       0x20 rtiostream_serial.o
                0x08007eb4                rtIOStreamClose
 .text.LL_DMA_GetDataLength
                0x08007ed4       0x30 stm_usart.o
 .text.getAvailableDataInBuffer
                0x08007f04       0xcc stm_usart.o
                0x08007f04                getAvailableDataInBuffer
 .text.getBytesToBeReadFromBuffer
                0x08007fd0       0x6e stm_usart.o
                0x08007fd0                getBytesToBeReadFromBuffer
 *fill*         0x0800803e        0x2 
 .text.readDataFromBuffer
                0x08008040       0xdc stm_usart.o
                0x08008040                readDataFromBuffer
 .text.__NVIC_GetPriorityGrouping
                0x0800811c       0x1c stm_lpuart.o
 .text.__NVIC_EnableIRQ
                0x08008138       0x3c stm_lpuart.o
 .text.__NVIC_SetPriority
                0x08008174       0x54 stm_lpuart.o
 .text.NVIC_EncodePriority
                0x080081c8       0x66 stm_lpuart.o
 *fill*         0x0800822e        0x2 
 .text.LL_DMA_EnableChannel
                0x08008230       0x44 stm_lpuart.o
 .text.LL_DMA_DisableChannel
                0x08008274       0x44 stm_lpuart.o
 .text.LL_DMA_GetMode
                0x080082b8       0x34 stm_lpuart.o
 .text.LL_DMA_SetDataLength
                0x080082ec       0x4c stm_lpuart.o
 .text.LL_DMA_ConfigAddresses
                0x08008338       0x7c stm_lpuart.o
 .text.LL_DMA_IsActiveFlag_TC1
                0x080083b4       0x26 stm_lpuart.o
 .text.LL_DMA_ClearFlag_TC1
                0x080083da       0x1a stm_lpuart.o
 .text.LL_DMA_EnableIT_TC
                0x080083f4       0x44 stm_lpuart.o
 .text.LL_DMA_DisableIT_TC
                0x08008438       0x44 stm_lpuart.o
 .text.LL_DMA_IsEnabledIT_TC
                0x0800847c       0x3c stm_lpuart.o
 .text.LL_LPUART_Enable
                0x080084b8       0x20 stm_lpuart.o
 .text.LL_LPUART_Disable
                0x080084d8       0x20 stm_lpuart.o
 .text.LL_LPUART_IsEnabled
                0x080084f8       0x26 stm_lpuart.o
 .text.LL_LPUART_IsActiveFlag_PE
                0x0800851e       0x26 stm_lpuart.o
 .text.LL_LPUART_IsActiveFlag_FE
                0x08008544       0x26 stm_lpuart.o
 .text.LL_LPUART_IsActiveFlag_NE
                0x0800856a       0x26 stm_lpuart.o
 .text.LL_LPUART_IsActiveFlag_ORE
                0x08008590       0x26 stm_lpuart.o
 .text.LL_LPUART_IsActiveFlag_TC
                0x080085b6       0x26 stm_lpuart.o
 .text.LL_LPUART_IsActiveFlag_TXE_TXFNF
                0x080085dc       0x26 stm_lpuart.o
 .text.LL_LPUART_ClearFlag_PE
                0x08008602       0x1a stm_lpuart.o
 .text.LL_LPUART_ClearFlag_FE
                0x0800861c       0x1a stm_lpuart.o
 .text.LL_LPUART_ClearFlag_NE
                0x08008636       0x1a stm_lpuart.o
 .text.LL_LPUART_ClearFlag_ORE
                0x08008650       0x1a stm_lpuart.o
 .text.LL_LPUART_EnableIT_RXNE_RXFNE
                0x0800866a       0x42 stm_lpuart.o
 .text.LL_LPUART_EnableIT_PE
                0x080086ac       0x42 stm_lpuart.o
 .text.LL_LPUART_EnableIT_ERROR
                0x080086ee       0x46 stm_lpuart.o
 .text.LL_LPUART_DisableIT_RXNE_RXFNE
                0x08008734       0x42 stm_lpuart.o
 .text.LL_LPUART_DisableIT_TXE_TXFNF
                0x08008776       0x42 stm_lpuart.o
 .text.LL_LPUART_DisableIT_PE
                0x080087b8       0x42 stm_lpuart.o
 .text.LL_LPUART_DisableIT_ERROR
                0x080087fa       0x46 stm_lpuart.o
 .text.LL_LPUART_EnableDMAReq_RX
                0x08008840       0x46 stm_lpuart.o
 .text.LL_LPUART_DisableDMAReq_RX
                0x08008886       0x46 stm_lpuart.o
 .text.LL_LPUART_EnableDMAReq_TX
                0x080088cc       0x46 stm_lpuart.o
 .text.LL_LPUART_DisableDMAReq_TX
                0x08008912       0x46 stm_lpuart.o
 .text.LL_LPUART_DMA_GetRegAddr
                0x08008958       0x2c stm_lpuart.o
 .text.LL_LPUART_ReceiveData8
                0x08008984       0x1a stm_lpuart.o
 .text.LL_LPUART_TransmitData8
                0x0800899e       0x1e stm_lpuart.o
 .text.LPUART_RXDMAInterruptHandler
                0x080089bc       0xd4 stm_lpuart.o
                0x080089bc                LPUART_RXDMAInterruptHandler
 .text.LPUART_IsActiveFlagError
                0x08008a90       0xf4 stm_lpuart.o
                0x08008a90                LPUART_IsActiveFlagError
 .text.LPUART1_IRQHandler
                0x08008b84       0x14 stm_lpuart.o
                0x08008b84                LPUART1_IRQHandler
 .text.DMA1_Channel1_IRQHandler
                0x08008b98       0x20 stm_lpuart.o
                0x08008b98                DMA1_Channel1_IRQHandler
 .text.LPUART_ConfigureReceiveDMA
                0x08008bb8       0xae stm_lpuart.o
                0x08008bb8                LPUART_ConfigureReceiveDMA
 .text.LPUART_ConfigureTransmitDMA
                0x08008c66       0x7a stm_lpuart.o
                0x08008c66                LPUART_ConfigureTransmitDMA
 .text.MW_LPUART_GetReadErrorStatus
                0x08008ce0       0xc8 stm_lpuart.o
                0x08008ce0                MW_LPUART_GetReadErrorStatus
 .text.MW_LPUART_Initialize
                0x08008da8      0x170 stm_lpuart.o
                0x08008da8                MW_LPUART_Initialize
 .text.MW_LPUART_ReceiveUsingBuffer
                0x08008f18       0x5c stm_lpuart.o
                0x08008f18                MW_LPUART_ReceiveUsingBuffer
 .text.MW_LPUART_TransmitUsingPolling
                0x08008f74      0x184 stm_lpuart.o
                0x08008f74                MW_LPUART_TransmitUsingPolling
 .text.MW_LPUART_DeInit
                0x080090f8       0xaa stm_lpuart.o
                0x080090f8                MW_LPUART_DeInit
 .text.sys_arch_protect
                0x080091a2       0x22 sys_arch.o
                0x080091a2                sys_arch_protect
 .text.sys_arch_unprotect
                0x080091c4       0x20 sys_arch.o
                0x080091c4                sys_arch_unprotect
 .text.__NVIC_GetPriorityGrouping
                0x080091e4       0x1c main.o
 .text.__NVIC_EnableIRQ
                0x08009200       0x3c main.o
 .text.__NVIC_SetPriority
                0x0800923c       0x54 main.o
 .text.NVIC_EncodePriority
                0x08009290       0x66 main.o
 *fill*         0x080092f6        0x2 
 .text.LL_DMA_SetDataTransferDirection
                0x080092f8       0x50 main.o
 .text.LL_DMA_SetMode
                0x08009348       0x4c main.o
 .text.LL_DMA_SetPeriphIncMode
                0x08009394       0x4c main.o
 .text.LL_DMA_SetMemoryIncMode
                0x080093e0       0x4c main.o
 .text.LL_DMA_SetPeriphSize
                0x0800942c       0x4c main.o
 .text.LL_DMA_SetMemorySize
                0x08009478       0x4c main.o
 .text.LL_DMA_SetChannelPriorityLevel
                0x080094c4       0x4c main.o
 .text.LL_DMA_SetPeriphRequest
                0x08009510       0x54 main.o
 .text.LL_LPUART_Enable
                0x08009564       0x20 main.o
 .text.LL_LPUART_DisableFIFO
                0x08009584       0x20 main.o
 .text.LL_LPUART_SetTXFIFOThreshold
                0x080095a4       0x4e main.o
 .text.LL_LPUART_SetRXFIFOThreshold
                0x080095f2       0x4e main.o
 .text.LL_LPUART_IsActiveFlag_TEACK
                0x08009640       0x28 main.o
 .text.LL_LPUART_IsActiveFlag_REACK
                0x08009668       0x28 main.o
 .text.LL_RCC_HSI_Enable
                0x08009690       0x20 main.o
 .text.LL_RCC_HSI_IsReady
                0x080096b0       0x28 main.o
 .text.LL_RCC_HSI_SetCalibTrimming
                0x080096d8       0x2c main.o
 .text.LL_RCC_SetSysClkSource
                0x08009704       0x28 main.o
 .text.LL_RCC_GetSysClkSource
                0x0800972c       0x1c main.o
 .text.LL_RCC_SetAHBPrescaler
                0x08009748       0x28 main.o
 .text.LL_RCC_SetAPB1Prescaler
                0x08009770       0x28 main.o
 .text.LL_RCC_SetAPB2Prescaler
                0x08009798       0x28 main.o
 .text.LL_RCC_SetLPUARTClockSource
                0x080097c0       0x2c main.o
 .text.LL_RCC_PLL_Enable
                0x080097ec       0x20 main.o
 .text.LL_RCC_PLL_IsReady
                0x0800980c       0x28 main.o
 .text.LL_RCC_PLL_ConfigDomain_SYS
                0x08009834       0x40 main.o
 .text.LL_RCC_PLL_EnableDomain_SYS
                0x08009874       0x20 main.o
 .text.LL_AHB1_GRP1_EnableClock
                0x08009894       0x30 main.o
 .text.LL_AHB2_GRP1_EnableClock
                0x080098c4       0x30 main.o
 .text.LL_APB1_GRP1_EnableClock
                0x080098f4       0x30 main.o
 .text.LL_APB1_GRP2_EnableClock
                0x08009924       0x30 main.o
 .text.LL_APB2_GRP1_EnableClock
                0x08009954       0x30 main.o
 .text.LL_SYSCFG_SetEXTISource
                0x08009984       0x70 main.o
 .text.LL_FLASH_SetLatency
                0x080099f4       0x28 main.o
 .text.LL_FLASH_GetLatency
                0x08009a1c       0x1c main.o
 .text.LL_PWR_EnableRange1BoostMode
                0x08009a38       0x24 main.o
 .text.LL_TIM_DisableARRPreload
                0x08009a5c       0x20 main.o
 .text.LL_TIM_IC_SetActiveInput
                0x08009a7c       0xc0 main.o
 .text.LL_TIM_IC_SetPrescaler
                0x08009b3c       0xc0 main.o
 .text.LL_TIM_IC_SetFilter
                0x08009bfc       0xc0 main.o
 .text.LL_TIM_IC_SetPolarity
                0x08009cbc       0xac main.o
 .text.LL_TIM_SetEncoderMode
                0x08009d68       0x2a main.o
 .text.LL_TIM_SetTriggerOutput
                0x08009d92       0x2a main.o
 .text.LL_TIM_SetTriggerOutput2
                0x08009dbc       0x26 main.o
 .text.LL_TIM_DisableMasterSlaveMode
                0x08009de2       0x20 main.o
 .text.LL_GPIO_SetPinMode
                0x08009e02       0x7a main.o
 .text.LL_GPIO_SetPinPull
                0x08009e7c       0x7a main.o
 .text.LL_GPIO_ResetOutputPin
                0x08009ef6       0x1c main.o
 *fill*         0x08009f12        0x2 
 .text.SystemClock_Config
                0x08009f14       0xc8 main.o
                0x08009f14                SystemClock_Config
 .text.MX_LPUART1_UART_Init
                0x08009fdc      0x148 main.o
                0x08009fdc                MX_LPUART1_UART_Init
 .text.MX_TIM3_Init
                0x0800a124      0x118 main.o
                0x0800a124                MX_TIM3_Init
 .text.MX_TIM4_Init
                0x0800a23c      0x118 main.o
                0x0800a23c                MX_TIM4_Init
 .text.MX_TIM8_Init
                0x0800a354      0x124 main.o
                0x0800a354                MX_TIM8_Init
 .text.MX_DMA_Init
                0x0800a478       0x34 main.o
                0x0800a478                MX_DMA_Init
 .text.MX_GPIO_Init
                0x0800a4ac      0x10c main.o
                0x0800a4ac                MX_GPIO_Init
 .text.HAL_TIM_PeriodElapsedCallback
                0x0800a5b8       0x1e main.o
                0x0800a5b8                HAL_TIM_PeriodElapsedCallback
 .text.Error_Handler
                0x0800a5d6        0xc main.o
                0x0800a5d6                Error_Handler
 *fill*         0x0800a5e2        0x2 
 .text.LL_EXTI_IsActiveFlag_0_31
                0x0800a5e4       0x2c stm32g4xx_it.o
 .text.LL_EXTI_ClearFlag_0_31
                0x0800a610       0x20 stm32g4xx_it.o
 .text.NMI_Handler
                0x0800a630        0x8 stm32g4xx_it.o
                0x0800a630                NMI_Handler
 .text.HardFault_Handler
                0x0800a638        0x8 stm32g4xx_it.o
                0x0800a638                HardFault_Handler
 .text.MemManage_Handler
                0x0800a640        0x8 stm32g4xx_it.o
                0x0800a640                MemManage_Handler
 .text.BusFault_Handler
                0x0800a648        0x8 stm32g4xx_it.o
                0x0800a648                BusFault_Handler
 .text.UsageFault_Handler
                0x0800a650        0x8 stm32g4xx_it.o
                0x0800a650                UsageFault_Handler
 .text.DebugMon_Handler
                0x0800a658        0xe stm32g4xx_it.o
                0x0800a658                DebugMon_Handler
 *fill*         0x0800a666        0x2 
 .text.TIM2_IRQHandler
                0x0800a668       0x14 stm32g4xx_it.o
                0x0800a668                TIM2_IRQHandler
 .text.EXTI15_10_IRQHandler
                0x0800a67c       0x1e stm32g4xx_it.o
                0x0800a67c                EXTI15_10_IRQHandler
 *fill*         0x0800a69a        0x2 
 .text.HAL_MspInit
                0x0800a69c       0x48 stm32g4xx_hal_msp.o
                0x0800a69c                HAL_MspInit
 .text.HAL_InitTick
                0x0800a6e4       0xdc stm32g4xx_hal_timebase_tim.o
                0x0800a6e4                HAL_InitTick
 .text.LL_SetSystemCoreClock
                0x0800a7c0       0x20 stm32g4xx_ll_utils.o
                0x0800a7c0                LL_SetSystemCoreClock
 .text.LL_EXTI_EnableIT_0_31
                0x0800a7e0       0x24 stm32g4xx_ll_exti.o
 .text.LL_EXTI_EnableIT_32_63
                0x0800a804       0x24 stm32g4xx_ll_exti.o
 .text.LL_EXTI_DisableIT_0_31
                0x0800a828       0x28 stm32g4xx_ll_exti.o
 .text.LL_EXTI_DisableIT_32_63
                0x0800a850       0x28 stm32g4xx_ll_exti.o
 .text.LL_EXTI_EnableEvent_0_31
                0x0800a878       0x24 stm32g4xx_ll_exti.o
 .text.LL_EXTI_EnableEvent_32_63
                0x0800a89c       0x24 stm32g4xx_ll_exti.o
 .text.LL_EXTI_DisableEvent_0_31
                0x0800a8c0       0x28 stm32g4xx_ll_exti.o
 .text.LL_EXTI_DisableEvent_32_63
                0x0800a8e8       0x28 stm32g4xx_ll_exti.o
 .text.LL_EXTI_EnableRisingTrig_0_31
                0x0800a910       0x24 stm32g4xx_ll_exti.o
 .text.LL_EXTI_EnableRisingTrig_32_63
                0x0800a934       0x24 stm32g4xx_ll_exti.o
 .text.LL_EXTI_DisableRisingTrig_0_31
                0x0800a958       0x28 stm32g4xx_ll_exti.o
 .text.LL_EXTI_DisableRisingTrig_32_63
                0x0800a980       0x28 stm32g4xx_ll_exti.o
 .text.LL_EXTI_EnableFallingTrig_0_31
                0x0800a9a8       0x24 stm32g4xx_ll_exti.o
 .text.LL_EXTI_EnableFallingTrig_32_63
                0x0800a9cc       0x24 stm32g4xx_ll_exti.o
 .text.LL_EXTI_DisableFallingTrig_0_31
                0x0800a9f0       0x28 stm32g4xx_ll_exti.o
 .text.LL_EXTI_DisableFallingTrig_32_63
                0x0800aa18       0x28 stm32g4xx_ll_exti.o
 .text.LL_EXTI_Init
                0x0800aa40      0x1ec stm32g4xx_ll_exti.o
                0x0800aa40                LL_EXTI_Init
 .text.LL_GPIO_SetPinMode
                0x0800ac2c       0x7a stm32g4xx_ll_gpio.o
 .text.LL_GPIO_SetPinOutputType
                0x0800aca6       0x30 stm32g4xx_ll_gpio.o
 .text.LL_GPIO_SetPinSpeed
                0x0800acd6       0x7a stm32g4xx_ll_gpio.o
 .text.LL_GPIO_SetPinPull
                0x0800ad50       0x7a stm32g4xx_ll_gpio.o
 .text.LL_GPIO_SetAFPin_0_7
                0x0800adca       0x7a stm32g4xx_ll_gpio.o
 .text.LL_GPIO_SetAFPin_8_15
                0x0800ae44       0x7e stm32g4xx_ll_gpio.o
 .text.LL_GPIO_Init
                0x0800aec2       0xdc stm32g4xx_ll_gpio.o
                0x0800aec2                LL_GPIO_Init
 .text.LL_LPUART_IsEnabled
                0x0800af9e       0x26 stm32g4xx_ll_lpuart.o
 .text.LL_LPUART_SetPrescaler
                0x0800afc4       0x28 stm32g4xx_ll_lpuart.o
 .text.LL_LPUART_SetStopBitsLength
                0x0800afec       0x26 stm32g4xx_ll_lpuart.o
 .text.LL_LPUART_SetHWFlowCtrl
                0x0800b012       0x26 stm32g4xx_ll_lpuart.o
 .text.LL_LPUART_SetBaudRate
                0x0800b038       0x98 stm32g4xx_ll_lpuart.o
 .text.LL_LPUART_Init
                0x0800b0d0       0x98 stm32g4xx_ll_lpuart.o
                0x0800b0d0                LL_LPUART_Init
 .text.LL_RCC_HSI_IsReady
                0x0800b168       0x28 stm32g4xx_ll_rcc.o
 .text.LL_RCC_LSE_IsReady
                0x0800b190       0x28 stm32g4xx_ll_rcc.o
 .text.LL_RCC_GetSysClkSource
                0x0800b1b8       0x1c stm32g4xx_ll_rcc.o
 .text.LL_RCC_GetAHBPrescaler
                0x0800b1d4       0x1c stm32g4xx_ll_rcc.o
 .text.LL_RCC_GetAPB1Prescaler
                0x0800b1f0       0x1c stm32g4xx_ll_rcc.o
 .text.LL_RCC_GetLPUARTClockSource
                0x0800b20c       0x24 stm32g4xx_ll_rcc.o
 .text.LL_RCC_PLL_GetMainSource
                0x0800b230       0x1c stm32g4xx_ll_rcc.o
 .text.LL_RCC_PLL_GetN
                0x0800b24c       0x1c stm32g4xx_ll_rcc.o
 .text.LL_RCC_PLL_GetR
                0x0800b268       0x1c stm32g4xx_ll_rcc.o
 .text.LL_RCC_PLL_GetDivider
                0x0800b284       0x1c stm32g4xx_ll_rcc.o
 .text.LL_RCC_GetLPUARTClockFreq
                0x0800b2a0       0x84 stm32g4xx_ll_rcc.o
                0x0800b2a0                LL_RCC_GetLPUARTClockFreq
 .text.RCC_GetSystemClockFreq
                0x0800b324       0x4c stm32g4xx_ll_rcc.o
 .text.RCC_GetHCLKClockFreq
                0x0800b370       0x30 stm32g4xx_ll_rcc.o
 .text.RCC_GetPCLK1ClockFreq
                0x0800b3a0       0x2c stm32g4xx_ll_rcc.o
 .text.RCC_PLL_GetFreqDomain_SYS
                0x0800b3cc       0x68 stm32g4xx_ll_rcc.o
 .text.HAL_Init
                0x0800b434       0x30 stm32g4xx_hal.o
                0x0800b434                HAL_Init
 .text.HAL_IncTick
                0x0800b464       0x24 stm32g4xx_hal.o
                0x0800b464                HAL_IncTick
 .text.HAL_GetTick
                0x0800b488       0x18 stm32g4xx_hal.o
                0x0800b488                HAL_GetTick
 .text.HAL_RCC_GetHCLKFreq
                0x0800b4a0       0x18 stm32g4xx_hal_rcc.o
                0x0800b4a0                HAL_RCC_GetHCLKFreq
 .text.HAL_RCC_GetPCLK1Freq
                0x0800b4b8       0x2c stm32g4xx_hal_rcc.o
                0x0800b4b8                HAL_RCC_GetPCLK1Freq
 .text.HAL_RCC_GetClockConfig
                0x0800b4e4       0x64 stm32g4xx_hal_rcc.o
                0x0800b4e4                HAL_RCC_GetClockConfig
 .text.HAL_PWREx_DisableUCPDDeadBattery
                0x0800b548       0x20 stm32g4xx_hal_pwr_ex.o
                0x0800b548                HAL_PWREx_DisableUCPDDeadBattery
 .text.__NVIC_SetPriorityGrouping
                0x0800b568       0x48 stm32g4xx_hal_cortex.o
 .text.__NVIC_GetPriorityGrouping
                0x0800b5b0       0x1c stm32g4xx_hal_cortex.o
 .text.__NVIC_EnableIRQ
                0x0800b5cc       0x3c stm32g4xx_hal_cortex.o
 .text.__NVIC_SetPriority
                0x0800b608       0x54 stm32g4xx_hal_cortex.o
 .text.NVIC_EncodePriority
                0x0800b65c       0x66 stm32g4xx_hal_cortex.o
 .text.HAL_NVIC_SetPriorityGrouping
                0x0800b6c2       0x16 stm32g4xx_hal_cortex.o
                0x0800b6c2                HAL_NVIC_SetPriorityGrouping
 .text.HAL_NVIC_SetPriority
                0x0800b6d8       0x34 stm32g4xx_hal_cortex.o
                0x0800b6d8                HAL_NVIC_SetPriority
 .text.HAL_NVIC_EnableIRQ
                0x0800b70c       0x1c stm32g4xx_hal_cortex.o
                0x0800b70c                HAL_NVIC_EnableIRQ
 .text.HAL_TIM_Base_Init
                0x0800b728       0xae stm32g4xx_hal_tim.o
                0x0800b728                HAL_TIM_Base_Init
 .text.HAL_TIM_Base_MspInit
                0x0800b7d6       0x14 stm32g4xx_hal_tim.o
                0x0800b7d6                HAL_TIM_Base_MspInit
 *fill*         0x0800b7ea        0x2 
 .text.HAL_TIM_Base_Start_IT
                0x0800b7ec       0xf0 stm32g4xx_hal_tim.o
                0x0800b7ec                HAL_TIM_Base_Start_IT
 .text.HAL_TIM_IRQHandler
                0x0800b8dc      0x2fe stm32g4xx_hal_tim.o
                0x0800b8dc                HAL_TIM_IRQHandler
 .text.HAL_TIM_OC_DelayElapsedCallback
                0x0800bbda       0x14 stm32g4xx_hal_tim.o
                0x0800bbda                HAL_TIM_OC_DelayElapsedCallback
 .text.HAL_TIM_IC_CaptureCallback
                0x0800bbee       0x14 stm32g4xx_hal_tim.o
                0x0800bbee                HAL_TIM_IC_CaptureCallback
 .text.HAL_TIM_PWM_PulseFinishedCallback
                0x0800bc02       0x14 stm32g4xx_hal_tim.o
                0x0800bc02                HAL_TIM_PWM_PulseFinishedCallback
 .text.HAL_TIM_TriggerCallback
                0x0800bc16       0x14 stm32g4xx_hal_tim.o
                0x0800bc16                HAL_TIM_TriggerCallback
 *fill*         0x0800bc2a        0x2 
 .text.TIM_Base_SetConfig
                0x0800bc2c      0x150 stm32g4xx_hal_tim.o
                0x0800bc2c                TIM_Base_SetConfig
 .text.HAL_TIMEx_CommutCallback
                0x0800bd7c       0x14 stm32g4xx_hal_tim_ex.o
                0x0800bd7c                HAL_TIMEx_CommutCallback
 .text.HAL_TIMEx_BreakCallback
                0x0800bd90       0x14 stm32g4xx_hal_tim_ex.o
                0x0800bd90                HAL_TIMEx_BreakCallback
 .text.HAL_TIMEx_Break2Callback
                0x0800bda4       0x14 stm32g4xx_hal_tim_ex.o
                0x0800bda4                HAL_TIMEx_Break2Callback
 .text.HAL_TIMEx_EncoderIndexCallback
                0x0800bdb8       0x14 stm32g4xx_hal_tim_ex.o
                0x0800bdb8                HAL_TIMEx_EncoderIndexCallback
 .text.HAL_TIMEx_DirectionChangeCallback
                0x0800bdcc       0x14 stm32g4xx_hal_tim_ex.o
                0x0800bdcc                HAL_TIMEx_DirectionChangeCallback
 .text.HAL_TIMEx_IndexErrorCallback
                0x0800bde0       0x14 stm32g4xx_hal_tim_ex.o
                0x0800bde0                HAL_TIMEx_IndexErrorCallback
 .text.HAL_TIMEx_TransitionErrorCallback
                0x0800bdf4       0x14 stm32g4xx_hal_tim_ex.o
                0x0800bdf4                HAL_TIMEx_TransitionErrorCallback
 .text.LL_TIM_SetPrescaler
                0x0800be08       0x1c stm32g4xx_ll_tim.o
 .text.LL_TIM_SetAutoReload
                0x0800be24       0x1c stm32g4xx_ll_tim.o
 .text.LL_TIM_SetRepetitionCounter
                0x0800be40       0x1c stm32g4xx_ll_tim.o
 .text.LL_TIM_GenerateEvent_UPDATE
                0x0800be5c       0x20 stm32g4xx_ll_tim.o
 .text.LL_TIM_Init
                0x0800be7c      0x144 stm32g4xx_ll_tim.o
                0x0800be7c                LL_TIM_Init
 .text.SystemInit
                0x0800bfc0       0x24 system_stm32g4xx.o
                0x0800bfc0                SystemInit
 .text.Reset_Handler
                0x0800bfe4       0x50 startup_stm32g474retx.o
                0x0800bfe4                Reset_Handler
 .text.Default_Handler
                0x0800c034        0x2 startup_stm32g474retx.o
                0x0800c034                RTC_Alarm_IRQHandler
                0x0800c034                EXTI2_IRQHandler
                0x0800c034                TIM8_TRG_COM_IRQHandler
                0x0800c034                TIM8_CC_IRQHandler
                0x0800c034                HRTIM1_Master_IRQHandler
                0x0800c034                SPI4_IRQHandler
                0x0800c034                FDCAN3_IT0_IRQHandler
                0x0800c034                TIM1_CC_IRQHandler
                0x0800c034                HRTIM1_FLT_IRQHandler
                0x0800c034                HRTIM1_TIMF_IRQHandler
                0x0800c034                USB_HP_IRQHandler
                0x0800c034                CORDIC_IRQHandler
                0x0800c034                HRTIM1_TIMD_IRQHandler
                0x0800c034                DMA2_Channel8_IRQHandler
                0x0800c034                EXTI3_IRQHandler
                0x0800c034                I2C3_ER_IRQHandler
                0x0800c034                EXTI0_IRQHandler
                0x0800c034                I2C2_EV_IRQHandler
                0x0800c034                FPU_IRQHandler
                0x0800c034                FDCAN1_IT1_IRQHandler
                0x0800c034                TIM1_UP_TIM16_IRQHandler
                0x0800c034                ADC1_2_IRQHandler
                0x0800c034                HRTIM1_TIME_IRQHandler
                0x0800c034                SPI1_IRQHandler
                0x0800c034                TIM6_DAC_IRQHandler
                0x0800c034                HRTIM1_TIMC_IRQHandler
                0x0800c034                TIM8_UP_IRQHandler
                0x0800c034                DMA2_Channel2_IRQHandler
                0x0800c034                DMA1_Channel4_IRQHandler
                0x0800c034                TIM20_TRG_COM_IRQHandler
                0x0800c034                USART3_IRQHandler
                0x0800c034                DMA1_Channel7_IRQHandler
                0x0800c034                UART5_IRQHandler
                0x0800c034                ADC3_IRQHandler
                0x0800c034                TIM4_IRQHandler
                0x0800c034                DMA2_Channel1_IRQHandler
                0x0800c034                QUADSPI_IRQHandler
                0x0800c034                I2C1_EV_IRQHandler
                0x0800c034                DMA1_Channel6_IRQHandler
                0x0800c034                UART4_IRQHandler
                0x0800c034                DMA2_Channel4_IRQHandler
                0x0800c034                TIM3_IRQHandler
                0x0800c034                RCC_IRQHandler
                0x0800c034                TIM20_UP_IRQHandler
                0x0800c034                Default_Handler
                0x0800c034                DMA2_Channel7_IRQHandler
                0x0800c034                RTC_TAMP_LSECSS_IRQHandler
                0x0800c034                FMAC_IRQHandler
                0x0800c034                DMA1_Channel8_IRQHandler
                0x0800c034                HRTIM1_TIMA_IRQHandler
                0x0800c034                TIM7_DAC_IRQHandler
                0x0800c034                FDCAN3_IT1_IRQHandler
                0x0800c034                TIM5_IRQHandler
                0x0800c034                UCPD1_IRQHandler
                0x0800c034                I2C3_EV_IRQHandler
                0x0800c034                EXTI9_5_IRQHandler
                0x0800c034                RTC_WKUP_IRQHandler
                0x0800c034                PVD_PVM_IRQHandler
                0x0800c034                SPI2_IRQHandler
                0x0800c034                ADC5_IRQHandler
                0x0800c034                DMA2_Channel5_IRQHandler
                0x0800c034                CRS_IRQHandler
                0x0800c034                DMA1_Channel5_IRQHandler
                0x0800c034                USB_LP_IRQHandler
                0x0800c034                EXTI4_IRQHandler
                0x0800c034                RNG_IRQHandler
                0x0800c034                HRTIM1_TIMB_IRQHandler
                0x0800c034                TIM1_TRG_COM_TIM17_IRQHandler
                0x0800c034                FDCAN2_IT1_IRQHandler
                0x0800c034                DMA1_Channel3_IRQHandler
                0x0800c034                ADC4_IRQHandler
                0x0800c034                WWDG_IRQHandler
                0x0800c034                I2C4_EV_IRQHandler
                0x0800c034                FDCAN2_IT0_IRQHandler
                0x0800c034                DMA2_Channel6_IRQHandler
                0x0800c034                FDCAN1_IT0_IRQHandler
                0x0800c034                COMP7_IRQHandler
                0x0800c034                COMP1_2_3_IRQHandler
                0x0800c034                EXTI1_IRQHandler
                0x0800c034                USART2_IRQHandler
                0x0800c034                COMP4_5_6_IRQHandler
                0x0800c034                TIM20_BRK_IRQHandler
                0x0800c034                I2C2_ER_IRQHandler
                0x0800c034                DMA1_Channel2_IRQHandler
                0x0800c034                TIM8_BRK_IRQHandler
                0x0800c034                FLASH_IRQHandler
                0x0800c034                TIM20_CC_IRQHandler
                0x0800c034                USART1_IRQHandler
                0x0800c034                SPI3_IRQHandler
                0x0800c034                I2C1_ER_IRQHandler
                0x0800c034                FMC_IRQHandler
                0x0800c034                LPTIM1_IRQHandler
                0x0800c034                DMAMUX_OVR_IRQHandler
                0x0800c034                I2C4_ER_IRQHandler
                0x0800c034                USBWakeUp_IRQHandler
                0x0800c034                SAI1_IRQHandler
                0x0800c034                DMA2_Channel3_IRQHandler
                0x0800c034                TIM1_BRK_TIM15_IRQHandler
 *fill*         0x0800c036        0x2 
 .text.fmod     0x0800c038       0x6c C:/ProgramData/MATLAB/SupportPackages/R2024b/3P.instrset/gnuarm-armcortex.instrset/win/bin/../lib/gcc/arm-none-eabi/13.2.1/thumb/v7e-m+fp/hard\libm.a(libm_a-w_fmod.o)
                0x0800c038                fmod
 .text.__ieee754_fmod
                0x0800c0a4      0x30c C:/ProgramData/MATLAB/SupportPackages/R2024b/3P.instrset/gnuarm-armcortex.instrset/win/bin/../lib/gcc/arm-none-eabi/13.2.1/thumb/v7e-m+fp/hard\libm.a(libm_a-e_fmod.o)
                0x0800c0a4                __ieee754_fmod
 .text.__udivmoddi4
                0x0800c3b0      0x2bc C:/ProgramData/MATLAB/SupportPackages/R2024b/3P.instrset/gnuarm-armcortex.instrset/win/bin/../lib/gcc/arm-none-eabi/13.2.1/thumb/v7e-m+fp/hard\libgcc.a(_udivmoddi4.o)
                0x0800c3b0                __udivmoddi4
 .text.memset   0x0800c66c       0x10 C:/ProgramData/MATLAB/SupportPackages/R2024b/3P.instrset/gnuarm-armcortex.instrset/win/bin/../lib/gcc/arm-none-eabi/13.2.1/thumb/v7e-m+fp/hard\libg_nano.a(libc_a-memset.o)
                0x0800c66c                memset
 .text.__errno  0x0800c67c        0xc C:/ProgramData/MATLAB/SupportPackages/R2024b/3P.instrset/gnuarm-armcortex.instrset/win/bin/../lib/gcc/arm-none-eabi/13.2.1/thumb/v7e-m+fp/hard\libg_nano.a(libc_a-errno.o)
                0x0800c67c                __errno
 .text.__libc_init_array
                0x0800c688       0x48 C:/ProgramData/MATLAB/SupportPackages/R2024b/3P.instrset/gnuarm-armcortex.instrset/win/bin/../lib/gcc/arm-none-eabi/13.2.1/thumb/v7e-m+fp/hard\libg_nano.a(libc_a-init.o)
                0x0800c688                __libc_init_array
 .text.memcpy   0x0800c6d0       0x1c C:/ProgramData/MATLAB/SupportPackages/R2024b/3P.instrset/gnuarm-armcortex.instrset/win/bin/../lib/gcc/arm-none-eabi/13.2.1/thumb/v7e-m+fp/hard\libg_nano.a(libc_a-memcpy-stub.o)
                0x0800c6d0                memcpy
 *(.glue_7)
 .glue_7        0x0800c6ec        0x0 linker stubs
 *(.glue_7t)
 .glue_7t       0x0800c6ec        0x0 linker stubs
 *(.eh_frame)
 .eh_frame      0x0800c6ec        0x0 C:/ProgramData/MATLAB/SupportPackages/R2024b/3P.instrset/gnuarm-armcortex.instrset/win/bin/../lib/gcc/arm-none-eabi/13.2.1/thumb/v7e-m+fp/hard/crtbegin.o
 *(.init)
 .init          0x0800c6ec        0x4 C:/ProgramData/MATLAB/SupportPackages/R2024b/3P.instrset/gnuarm-armcortex.instrset/win/bin/../lib/gcc/arm-none-eabi/13.2.1/thumb/v7e-m+fp/hard/crti.o
                0x0800c6ec                _init
 .init          0x0800c6f0        0x8 C:/ProgramData/MATLAB/SupportPackages/R2024b/3P.instrset/gnuarm-armcortex.instrset/win/bin/../lib/gcc/arm-none-eabi/13.2.1/thumb/v7e-m+fp/hard/crtn.o
 *(.fini)
 .fini          0x0800c6f8        0x4 C:/ProgramData/MATLAB/SupportPackages/R2024b/3P.instrset/gnuarm-armcortex.instrset/win/bin/../lib/gcc/arm-none-eabi/13.2.1/thumb/v7e-m+fp/hard/crti.o
                0x0800c6f8                _fini
 .fini          0x0800c6fc        0x8 C:/ProgramData/MATLAB/SupportPackages/R2024b/3P.instrset/gnuarm-armcortex.instrset/win/bin/../lib/gcc/arm-none-eabi/13.2.1/thumb/v7e-m+fp/hard/crtn.o
                0x0800c704                        . = ALIGN (0x4)
                0x0800c704                        _etext = .

.vfp11_veneer   0x0800c704        0x0
 .vfp11_veneer  0x0800c704        0x0 linker stubs

.v4_bx          0x0800c704        0x0
 .v4_bx         0x0800c704        0x0 linker stubs

.iplt           0x0800c704        0x0
 .iplt          0x0800c704        0x0 C:/ProgramData/MATLAB/SupportPackages/R2024b/3P.instrset/gnuarm-armcortex.instrset/win/bin/../lib/gcc/arm-none-eabi/13.2.1/thumb/v7e-m+fp/hard/crtbegin.o

.rodata         0x0800c708     0x2a18
                0x0800c708                        . = ALIGN (0x4)
 *(.rodata)
 .rodata        0x0800c708      0x2b9 xcp_ext_mode.o
 *fill*         0x0800c9c1        0x3 
 .rodata        0x0800c9c4      0x12e xcp_ext_common.o
 *fill*         0x0800caf2        0x2 
 .rodata        0x0800caf4       0x4c xcp_ext_classic_trigger.o
 .rodata        0x0800cb40      0x278 xcp.o
 .rodata        0x0800cdb8      0x3a9 xcp_standard.o
 *fill*         0x0800d161        0x3 
 .rodata        0x0800d164     0x1010 xcp_daq.o
 .rodata        0x0800e174       0xdd xcp_calibration.o
 *fill*         0x0800e251        0x3 
 .rodata        0x0800e254      0x56e xcp_transport.o
 *fill*         0x0800e7c2        0x2 
 .rodata        0x0800e7c4       0xf5 xcp_mem_default.o
 *fill*         0x0800e8b9        0x3 
 .rodata        0x0800e8bc      0x228 xcp_drv_rtiostream.o
 .rodata        0x0800eae4      0x4aa xcp_frame_serial.o
 *(.rodata*)
 *fill*         0x0800ef8e        0x2 
 .rodata.Encoder_model_M
                0x0800ef90        0x4 Encoder_model.o
                0x0800ef90                Encoder_model_M
 .rodata.rtAlwaysEnabled.0
                0x0800ef94        0x1 Encoder_model.o
 *fill*         0x0800ef95        0x3 
 .rodata.standardSupportedRxPacket
                0x0800ef98       0x54 xcp_standard.o
 .rodata.daqSupportedRxPacket
                0x0800efec       0x9c xcp_daq.o
 .rodata.calibrationSupportedRxPacket
                0x0800f088       0x18 xcp_calibration.o
 .rodata.CHANNEL_OFFSET_TAB
                0x0800f0a0        0x8 stm_usart.o
 .rodata.CHANNEL_OFFSET_TAB
                0x0800f0a8        0x8 stm_lpuart.o
 .rodata.CHANNEL_OFFSET_TAB
                0x0800f0b0        0x8 main.o
 .rodata.OFFSET_TAB_CCMRx
                0x0800f0b8        0xa main.o
 *fill*         0x0800f0c2        0x2 
 .rodata.SHIFT_TAB_ICxx
                0x0800f0c4        0xa main.o
 *fill*         0x0800f0ce        0x2 
 .rodata.SHIFT_TAB_CCxP
                0x0800f0d0        0xa main.o
 *fill*         0x0800f0da        0x2 
 .rodata.LPUART_PRESCALER_TAB
                0x0800f0dc       0x18 stm32g4xx_ll_lpuart.o
 .rodata.AHBPrescTable
                0x0800f0f4       0x10 system_stm32g4xx.o
                0x0800f0f4                AHBPrescTable
 .rodata.APBPrescTable
                0x0800f104        0x8 system_stm32g4xx.o
                0x0800f104                APBPrescTable
 *fill*         0x0800f10c        0x4 
 .rodata.Zero   0x0800f110       0x10 C:/ProgramData/MATLAB/SupportPackages/R2024b/3P.instrset/gnuarm-armcortex.instrset/win/bin/../lib/gcc/arm-none-eabi/13.2.1/thumb/v7e-m+fp/hard\libm.a(libm_a-e_fmod.o)
                0x0800f120                        . = ALIGN (0x4)

.ARM.extab      0x0800f120        0x0
                0x0800f120                        . = ALIGN (0x4)
 *(.ARM.extab* .gnu.linkonce.armextab.*)
                0x0800f120                        . = ALIGN (0x4)

.ARM            0x0800f120        0x8
                0x0800f120                        . = ALIGN (0x4)
                0x0800f120                        __exidx_start = .
 *(.ARM.exidx*)
 .ARM.exidx.text.__udivmoddi4
                0x0800f120        0x8 C:/ProgramData/MATLAB/SupportPackages/R2024b/3P.instrset/gnuarm-armcortex.instrset/win/bin/../lib/gcc/arm-none-eabi/13.2.1/thumb/v7e-m+fp/hard\libgcc.a(_udivmoddi4.o)
                0x0800f128                        __exidx_end = .
                0x0800f128                        . = ALIGN (0x4)

.rel.dyn        0x0800f128        0x0
 .rel.iplt      0x0800f128        0x0 C:/ProgramData/MATLAB/SupportPackages/R2024b/3P.instrset/gnuarm-armcortex.instrset/win/bin/../lib/gcc/arm-none-eabi/13.2.1/thumb/v7e-m+fp/hard/crtbegin.o

.preinit_array  0x0800f128        0x0
                0x0800f128                        . = ALIGN (0x4)
                0x0800f128                        PROVIDE (__preinit_array_start = .)
 *(.preinit_array*)
                0x0800f128                        PROVIDE (__preinit_array_end = .)
                0x0800f128                        . = ALIGN (0x4)

.init_array     0x0800f128        0x4
                0x0800f128                        . = ALIGN (0x4)
                0x0800f128                        PROVIDE (__init_array_start = .)
 *(SORT_BY_NAME(.init_array.*))
 *(.init_array*)
 .init_array    0x0800f128        0x4 C:/ProgramData/MATLAB/SupportPackages/R2024b/3P.instrset/gnuarm-armcortex.instrset/win/bin/../lib/gcc/arm-none-eabi/13.2.1/thumb/v7e-m+fp/hard/crtbegin.o
                0x0800f12c                        PROVIDE (__init_array_end = .)
                0x0800f12c                        . = ALIGN (0x4)

.fini_array     0x0800f12c        0x4
                0x0800f12c                        . = ALIGN (0x4)
                [!provide]                        PROVIDE (__fini_array_start = .)
 *(SORT_BY_NAME(.fini_array.*))
 *(.fini_array*)
 .fini_array    0x0800f12c        0x4 C:/ProgramData/MATLAB/SupportPackages/R2024b/3P.instrset/gnuarm-armcortex.instrset/win/bin/../lib/gcc/arm-none-eabi/13.2.1/thumb/v7e-m+fp/hard/crtbegin.o
                [!provide]                        PROVIDE (__fini_array_end = .)
                0x0800f130                        . = ALIGN (0x4)
                0x0800f130                        _sidata = LOADADDR (.data)

.data           0x20000000       0xe4 load address 0x0800f130
                0x20000000                        . = ALIGN (0x4)
                0x20000000                        _sdata = .
 *(.data)
 *(.data*)
 .data.xcpExtmodeFinalSimulationTime
                0x20000000        0x8 xcp_ext_common.o
                0x20000000                xcpExtmodeFinalSimulationTime
 .data.xcpClassicTriggerDuration
                0x20000008        0x4 xcp_ext_classic_trigger.o
                0x20000008                xcpClassicTriggerDuration
 .data.xcpClassicTriggerArmRequest
                0x2000000c        0x1 xcp_ext_classic_trigger.o
                0x2000000c                xcpClassicTriggerArmRequest
 *fill*         0x2000000d        0x3 
 .data.startStopDaqListId
                0x20000010        0x4 xcp_daq.o
 .data.xcpCurrentDaq
                0x20000014        0x4 xcp_daq.o
 .data.xcpEventCustomMemoryManager
                0x20000018        0xc xcp_daq.o
 .data.xcpCtoReservedMemPoolId
                0x20000024        0x4 xcp_transport.o
 .data.xcpMemMainBlockSizes
                0x20000028        0xc xcp_mem_default.o
 .data.xcpMemMainBlocksNumber
                0x20000034        0xc xcp_mem_default.o
 .data.drvID    0x20000040        0x4 xcp_drv_rtiostream.o
 .data.xcpCtoReservedMemPoolId
                0x20000044        0x4 xcp_frame_serial.o
 .data.uartObj  0x20000048       0x40 rtiostream_serial.o
                0x20000048                uartObj
 .data.uwTickPrio
                0x20000088        0x4 stm32g4xx_hal.o
                0x20000088                uwTickPrio
 .data.uwTickFreq
                0x2000008c        0x4 stm32g4xx_hal.o
                0x2000008c                uwTickFreq
 .data.SystemCoreClock
                0x20000090        0x4 system_stm32g4xx.o
                0x20000090                SystemCoreClock
 .data._impure_ptr
                0x20000094        0x4 C:/ProgramData/MATLAB/SupportPackages/R2024b/3P.instrset/gnuarm-armcortex.instrset/win/bin/../lib/gcc/arm-none-eabi/13.2.1/thumb/v7e-m+fp/hard\libg_nano.a(libc_a-impure.o)
                0x20000094                _impure_ptr
 .data._impure_data
                0x20000098       0x4c C:/ProgramData/MATLAB/SupportPackages/R2024b/3P.instrset/gnuarm-armcortex.instrset/win/bin/../lib/gcc/arm-none-eabi/13.2.1/thumb/v7e-m+fp/hard\libg_nano.a(libc_a-impure.o)
                0x20000098                _impure_data
 *(.RamFunc)
 *(.RamFunc*)
                0x200000e4                        . = ALIGN (0x4)
                0x200000e4                        _edata = .

.tm_clone_table
                0x200000e4        0x0 load address 0x0800f214
 .tm_clone_table
                0x200000e4        0x0 C:/ProgramData/MATLAB/SupportPackages/R2024b/3P.instrset/gnuarm-armcortex.instrset/win/bin/../lib/gcc/arm-none-eabi/13.2.1/thumb/v7e-m+fp/hard/crtbegin.o
 .tm_clone_table
                0x200000e4        0x0 C:/ProgramData/MATLAB/SupportPackages/R2024b/3P.instrset/gnuarm-armcortex.instrset/win/bin/../lib/gcc/arm-none-eabi/13.2.1/thumb/v7e-m+fp/hard/crtend.o

.igot.plt       0x200000e4        0x0 load address 0x0800f214
 .igot.plt      0x200000e4        0x0 C:/ProgramData/MATLAB/SupportPackages/R2024b/3P.instrset/gnuarm-armcortex.instrset/win/bin/../lib/gcc/arm-none-eabi/13.2.1/thumb/v7e-m+fp/hard/crtbegin.o
                0x200000e4                        . = ALIGN (0x4)

.bss            0x200000e8     0x1bf8 load address 0x0800f214
                0x200000e8                        _sbss = .
                0x200000e8                        __bss_start__ = _sbss
 *(.bss)
 *(.bss*)
 .bss.completed.1
                0x200000e8        0x1 C:/ProgramData/MATLAB/SupportPackages/R2024b/3P.instrset/gnuarm-armcortex.instrset/win/bin/../lib/gcc/arm-none-eabi/13.2.1/thumb/v7e-m+fp/hard/crtbegin.o
 *fill*         0x200000e9        0x3 
 .bss.object.0  0x200000ec       0x18 C:/ProgramData/MATLAB/SupportPackages/R2024b/3P.instrset/gnuarm-armcortex.instrset/win/bin/../lib/gcc/arm-none-eabi/13.2.1/thumb/v7e-m+fp/hard/crtbegin.o
 .bss.xcpCustomTriggerFunction
                0x20000104        0x8 xcp_ext_mode.o
 *fill*         0x2000010c        0x4 
 .bss.Encoder_model_B
                0x20000110       0x60 Encoder_model.o
                0x20000110                Encoder_model_B
 .bss.Encoder_model_DW
                0x20000170       0x50 Encoder_model.o
                0x20000170                Encoder_model_DW
 .bss.Encoder_model_M_
                0x200001c0       0x48 Encoder_model.o
 .bss.rt_ExtModeInfo.2
                0x20000208       0x14 Encoder_model.o
 .bss.systemRan.1
                0x2000021c       0x18 Encoder_model.o
 .bss.IsrOverrun
                0x20000234        0x4 ert_main.o
                0x20000234                IsrOverrun
 .bss.OverrunFlag
                0x20000238        0x1 ert_main.o
 .bss.stopRequested
                0x20000239        0x1 ert_main.o
                0x20000239                stopRequested
 .bss.runModel  0x2000023a        0x1 ert_main.o
                0x2000023a                runModel
 .bss.xcpModelStartRequest
                0x2000023b        0x1 xcp_ext_common.o
                0x2000023b                xcpModelStartRequest
 .bss.xcpModelStopRequest
                0x2000023c        0x1 xcp_ext_common.o
                0x2000023c                xcpModelStopRequest
 .bss.xcpModelStatus
                0x2000023d        0x1 xcp_ext_common.o
                0x2000023d                xcpModelStatus
 *fill*         0x2000023e        0x2 
 .bss.xcpModelChecksum0
                0x20000240        0x4 xcp_ext_common.o
                0x20000240                xcpModelChecksum0
 .bss.xcpModelChecksum1
                0x20000244        0x4 xcp_ext_common.o
                0x20000244                xcpModelChecksum1
 .bss.xcpModelChecksum2
                0x20000248        0x4 xcp_ext_common.o
                0x20000248                xcpModelChecksum2
 .bss.xcpModelChecksum3
                0x2000024c        0x4 xcp_ext_common.o
                0x2000024c                xcpModelChecksum3
 .bss.xcpModelIntegerCode
                0x20000250        0x4 xcp_ext_common.o
                0x20000250                xcpModelIntegerCode
 .bss.xcpExtmodeSimulationComplete
                0x20000254        0x1 xcp_ext_common.o
                0x20000254                xcpExtmodeSimulationComplete
 *fill*         0x20000255        0x3 
 .bss.xcpDummyDoubleVariable
                0x20000258        0x8 xcp_ext_common.o
                0x20000258                xcpDummyDoubleVariable
 .bss.xcpDummyUint64Variable
                0x20000260        0x8 xcp_ext_common.o
                0x20000260                xcpDummyUint64Variable
 .bss.xcpCurrentSimulationTimeInMs
                0x20000268        0x8 xcp_ext_common.o
                0x20000268                xcpCurrentSimulationTimeInMs
 .bss.xcpBaseRateSimulationTime
                0x20000270        0x8 xcp_ext_common.o
 .bss.xcpClassicTriggerEventId
                0x20000278        0x2 xcp_ext_classic_trigger.o
                0x20000278                xcpClassicTriggerEventId
 *fill*         0x2000027a        0x2 
 .bss.xcpClassicTriggerSignalAddress
                0x2000027c        0x4 xcp_ext_classic_trigger.o
                0x2000027c                xcpClassicTriggerSignalAddress
 .bss.xcpClassicTriggerSignalAddressExtension
                0x20000280        0x1 xcp_ext_classic_trigger.o
                0x20000280                xcpClassicTriggerSignalAddressExtension
 *fill*         0x20000281        0x7 
 .bss.xcpClassicTriggerLevel
                0x20000288        0x8 xcp_ext_classic_trigger.o
                0x20000288                xcpClassicTriggerLevel
 .bss.xcpClassicTriggerHoldOff
                0x20000290        0x4 xcp_ext_classic_trigger.o
                0x20000290                xcpClassicTriggerHoldOff
 .bss.xcpClassicTriggerDelay
                0x20000294        0x4 xcp_ext_classic_trigger.o
                0x20000294                xcpClassicTriggerDelay
 .bss.xcpClassicTriggerDirection
                0x20000298        0x1 xcp_ext_classic_trigger.o
                0x20000298                xcpClassicTriggerDirection
 .bss.xcpClassicTriggerCancelRequest
                0x20000299        0x1 xcp_ext_classic_trigger.o
                0x20000299                xcpClassicTriggerCancelRequest
 .bss.xcpClassicTriggerSource
                0x2000029a        0x1 xcp_ext_classic_trigger.o
                0x2000029a                xcpClassicTriggerSource
 .bss.xcpClassicTriggerMode
                0x2000029b        0x1 xcp_ext_classic_trigger.o
                0x2000029b                xcpClassicTriggerMode
 .bss.xcpClassicTriggerStatus
                0x2000029c        0x1 xcp_ext_classic_trigger.o
                0x2000029c                xcpClassicTriggerStatus
 *fill*         0x2000029d        0x3 
 .bss.xcpOldSignalValue
                0x200002a0        0x8 xcp_ext_classic_trigger.o
 .bss.xcpOldSignalValueAvailable
                0x200002a8        0x1 xcp_ext_classic_trigger.o
 .bss.xcpOldClassicTriggerSource
                0x200002a9        0x1 xcp_ext_classic_trigger.o
 .bss.xcpTriggerEnabled
                0x200002aa        0x1 xcp_ext_classic_trigger.o
 .bss.xcpSignalTriggerFired
                0x200002ab        0x1 xcp_ext_classic_trigger.o
 .bss.xcpTriggerCount
                0x200002ac        0x4 xcp_ext_classic_trigger.o
 .bss.xcpForcedTriggerEnabled
                0x200002b0        0x1 xcp_ext_classic_trigger.o
 .bss.xcpForceTriggerEnableRequest
                0x200002b1        0x1 xcp_ext_classic_trigger.o
 .bss.initialized
                0x200002b2        0x1 xcp.o
 .bss.xcpStatus
                0x200002b3        0x1 xcp.o
 .bss.xcpSessionStatus
                0x200002b4        0x1 xcp.o
 .bss.xcpResourceProtectionStatus
                0x200002b5        0x1 xcp.o
 .bss.xcpSessionConfigurationId
                0x200002b6        0x2 xcp.o
 .bss.groupPacketLookup
                0x200002b8       0x10 xcp.o
 .bss.xcpMta    0x200002c8        0x8 xcp_standard.o
 .bss.xcpUploadSize
                0x200002d0        0x1 xcp_standard.o
 *fill*         0x200002d1        0x3 
 .bss.packetLookup
                0x200002d4        0x4 xcp_standard.o
 .bss.xcpDynamicDaqLists
                0x200002d8        0x8 xcp_daq.o
 .bss.xcpRunningEventCounter
                0x200002e0        0x4 xcp_daq.o
 .bss.daqLock   0x200002e4        0x4 xcp_daq.o
 .bss.packetLookup
                0x200002e8        0x4 xcp_daq.o
 .bss.packetLookup
                0x200002ec        0x4 xcp_calibration.o
 .bss.txFifo    0x200002f0       0x10 xcp_transport.o
 .bss.txLock    0x20000300        0x4 xcp_transport.o
 .bss.rxFifo    0x20000304        0x8 xcp_transport.o
 .bss.rxLock    0x2000030c        0x4 xcp_transport.o
 .bss.initialized
                0x20000310        0x1 xcp_transport.o
 *fill*         0x20000311        0x3 
 .bss.xcpMemPoolDescriptors
                0x20000314       0xc0 xcp_mem_default.o
 .bss.xcpMemCustomPoolDescriptors
                0x200003d4        0x8 xcp_mem_default.o
 .bss.xcpMemMainChunk
                0x200003dc      0x4e7 xcp_mem_default.o
 *fill*         0x200008c3        0x1 
 .bss.xcpMemReservedPoolsChunk
                0x200008c4      0xe1d xcp_mem_default.o
 *fill*         0x200016e1        0x3 
 .bss.xcpMemReservedPoolsChunkUsedBytes
                0x200016e4        0x4 xcp_mem_default.o
 .bss.xcpMemLock
                0x200016e8        0x4 xcp_mem_default.o
 .bss.forceBlocking
                0x200016ec        0x1 xcp_drv_rtiostream.o
 *fill*         0x200016ed        0x1 
 .bss.txCounter
                0x200016ee        0x2 xcp_frame_serial.o
 .bss.rxCounter
                0x200016f0        0x2 xcp_frame_serial.o
 *fill*         0x200016f2        0x2 
 .bss.firstRxCounterReceived
                0x200016f4        0x4 xcp_frame_serial.o
 .bss.initialized
                0x200016f8        0x1 xcp_frame_serial.o
 *fill*         0x200016f9        0x3 
 .bss.timestampInitialized
                0x200016fc        0x4 platform_timer.o
 .bss.timestampStartTime
                0x20001700        0x4 platform_timer.o
 .bss.schdl_counter
                0x20001704        0x4 SysTickScheduler.o
                0x20001704                schdl_counter
 .bss.schdl_counter_max
                0x20001708        0x4 SysTickScheduler.o
                0x20001708                schdl_counter_max
 .bss.taskToSchedule
                0x2000170c        0x4 m3m4m4f_multitasking.o
                0x2000170c                taskToSchedule
 .bss.mw_ext_h  0x20001710        0x4 rtiostream_serial.o
                0x20001710                mw_ext_h
 .bss.UARTRxBuffer
                0x20001714        0x4 rtiostream_serial.o
                0x20001714                UARTRxBuffer
 .bss.mw_lpuart1
                0x20001718       0x40 stm_lpuart.o
                0x20001718                mw_lpuart1
 .bss.LPUART1ReceiveBuffer
                0x20001758      0x400 stm_lpuart.o
                0x20001758                LPUART1ReceiveBuffer
 .bss.htim2     0x20001b58       0x4c stm32g4xx_hal_timebase_tim.o
                0x20001b58                htim2
 .bss.uwTick    0x20001ba4        0x4 stm32g4xx_hal.o
                0x20001ba4                uwTick
 .bss.__sf      0x20001ba8      0x138 C:/ProgramData/MATLAB/SupportPackages/R2024b/3P.instrset/gnuarm-armcortex.instrset/win/bin/../lib/gcc/arm-none-eabi/13.2.1/thumb/v7e-m+fp/hard\libg_nano.a(libc_a-findfp.o)
                0x20001ba8                __sf
 *(COMMON)
                0x20001ce0                        . = ALIGN (0x4)
                0x20001ce0                        _ebss = .
                0x20001ce0                        __bss_end__ = _ebss

._user_heap_stack
                0x20001ce0      0x600 load address 0x0800f214
                0x20001ce0                        . = ALIGN (0x8)
                [!provide]                        PROVIDE (end = .)
                0x20001ce0                        PROVIDE (_end = .)
                0x20001ee0                        . = (. + _Min_Heap_Size)
 *fill*         0x20001ce0      0x200 
                0x200022e0                        . = (. + _Min_Stack_Size)
 *fill*         0x20001ee0      0x400 
                0x200022e0                        . = ALIGN (0x8)

/DISCARD/
 libc.a(*)
 libm.a(*)
 libgcc.a(*)

.ARM.attributes
                0x00000000       0x30
 *(.ARM.attributes)
 .ARM.attributes
                0x00000000       0x22 C:/ProgramData/MATLAB/SupportPackages/R2024b/3P.instrset/gnuarm-armcortex.instrset/win/bin/../lib/gcc/arm-none-eabi/13.2.1/thumb/v7e-m+fp/hard/crti.o
 .ARM.attributes
                0x00000022       0x34 C:/ProgramData/MATLAB/SupportPackages/R2024b/3P.instrset/gnuarm-armcortex.instrset/win/bin/../lib/gcc/arm-none-eabi/13.2.1/thumb/v7e-m+fp/hard/crtbegin.o
 .ARM.attributes
                0x00000056       0x34 xcp_ext_mode.o
 .ARM.attributes
                0x0000008a       0x34 Encoder_model.o
 .ARM.attributes
                0x000000be       0x34 ert_main.o
 .ARM.attributes
                0x000000f2       0x34 xcp_ext_common.o
 .ARM.attributes
                0x00000126       0x34 xcp_ext_classic_trigger.o
 .ARM.attributes
                0x0000015a       0x34 xcp.o
 .ARM.attributes
                0x0000018e       0x34 xcp_standard.o
 .ARM.attributes
                0x000001c2       0x34 xcp_daq.o
 .ARM.attributes
                0x000001f6       0x34 xcp_calibration.o
 .ARM.attributes
                0x0000022a       0x34 xcp_fifo.o
 .ARM.attributes
                0x0000025e       0x34 xcp_transport.o
 .ARM.attributes
                0x00000292       0x34 xcp_mem_default.o
 .ARM.attributes
                0x000002c6       0x34 xcp_drv_rtiostream.o
 .ARM.attributes
                0x000002fa       0x34 xcp_utils.o
 .ARM.attributes
                0x0000032e       0x34 xcp_frame_serial.o
 .ARM.attributes
                0x00000362       0x34 xcp_ext_param_default_serial.o
 .ARM.attributes
                0x00000396       0x34 overrideHALDelay.o
 .ARM.attributes
                0x000003ca       0x34 platform_timer.o
 .ARM.attributes
                0x000003fe       0x34 SysTickScheduler.o
 .ARM.attributes
                0x00000432       0x34 m3m4m4f_multitasking.o
 .ARM.attributes
                0x00000466       0x34 rtiostream_serial.o
 .ARM.attributes
                0x0000049a       0x34 stm_usart.o
 .ARM.attributes
                0x000004ce       0x34 stm_lpuart.o
 .ARM.attributes
                0x00000502       0x34 sys_arch.o
 .ARM.attributes
                0x00000536       0x34 main.o
 .ARM.attributes
                0x0000056a       0x34 stm32g4xx_it.o
 .ARM.attributes
                0x0000059e       0x34 stm32g4xx_hal_msp.o
 .ARM.attributes
                0x000005d2       0x34 stm32g4xx_hal_timebase_tim.o
 .ARM.attributes
                0x00000606       0x34 stm32g4xx_ll_utils.o
 .ARM.attributes
                0x0000063a       0x34 stm32g4xx_ll_exti.o
 .ARM.attributes
                0x0000066e       0x34 stm32g4xx_ll_gpio.o
 .ARM.attributes
                0x000006a2       0x34 stm32g4xx_ll_lpuart.o
 .ARM.attributes
                0x000006d6       0x34 stm32g4xx_ll_rcc.o
 .ARM.attributes
                0x0000070a       0x34 stm32g4xx_hal.o
 .ARM.attributes
                0x0000073e       0x34 stm32g4xx_hal_rcc.o
 .ARM.attributes
                0x00000772       0x34 stm32g4xx_hal_pwr_ex.o
 .ARM.attributes
                0x000007a6       0x34 stm32g4xx_hal_cortex.o
 .ARM.attributes
                0x000007da       0x34 stm32g4xx_hal_tim.o
 .ARM.attributes
                0x0000080e       0x34 stm32g4xx_hal_tim_ex.o
 .ARM.attributes
                0x00000842       0x34 stm32g4xx_ll_tim.o
 .ARM.attributes
                0x00000876       0x34 system_stm32g4xx.o
 .ARM.attributes
                0x000008aa       0x21 startup_stm32g474retx.o
 .ARM.attributes
                0x000008cb       0x34 C:/ProgramData/MATLAB/SupportPackages/R2024b/3P.instrset/gnuarm-armcortex.instrset/win/bin/../lib/gcc/arm-none-eabi/13.2.1/thumb/v7e-m+fp/hard\libm.a(libm_a-w_fmod.o)
 .ARM.attributes
                0x000008ff       0x34 C:/ProgramData/MATLAB/SupportPackages/R2024b/3P.instrset/gnuarm-armcortex.instrset/win/bin/../lib/gcc/arm-none-eabi/13.2.1/thumb/v7e-m+fp/hard\libm.a(libm_a-e_fmod.o)
 .ARM.attributes
                0x00000933       0x22 C:/ProgramData/MATLAB/SupportPackages/R2024b/3P.instrset/gnuarm-armcortex.instrset/win/bin/../lib/gcc/arm-none-eabi/13.2.1/thumb/v7e-m+fp/hard\libgcc.a(_arm_addsubdf3.o)
 .ARM.attributes
                0x00000955       0x22 C:/ProgramData/MATLAB/SupportPackages/R2024b/3P.instrset/gnuarm-armcortex.instrset/win/bin/../lib/gcc/arm-none-eabi/13.2.1/thumb/v7e-m+fp/hard\libgcc.a(_arm_muldivdf3.o)
 .ARM.attributes
                0x00000977       0x22 C:/ProgramData/MATLAB/SupportPackages/R2024b/3P.instrset/gnuarm-armcortex.instrset/win/bin/../lib/gcc/arm-none-eabi/13.2.1/thumb/v7e-m+fp/hard\libgcc.a(_arm_cmpdf2.o)
 .ARM.attributes
                0x00000999       0x22 C:/ProgramData/MATLAB/SupportPackages/R2024b/3P.instrset/gnuarm-armcortex.instrset/win/bin/../lib/gcc/arm-none-eabi/13.2.1/thumb/v7e-m+fp/hard\libgcc.a(_arm_unorddf2.o)
 .ARM.attributes
                0x000009bb       0x22 C:/ProgramData/MATLAB/SupportPackages/R2024b/3P.instrset/gnuarm-armcortex.instrset/win/bin/../lib/gcc/arm-none-eabi/13.2.1/thumb/v7e-m+fp/hard\libgcc.a(_arm_fixunsdfsi.o)
 .ARM.attributes
                0x000009dd       0x22 C:/ProgramData/MATLAB/SupportPackages/R2024b/3P.instrset/gnuarm-armcortex.instrset/win/bin/../lib/gcc/arm-none-eabi/13.2.1/thumb/v7e-m+fp/hard\libgcc.a(_aeabi_uldivmod.o)
 .ARM.attributes
                0x000009ff       0x34 C:/ProgramData/MATLAB/SupportPackages/R2024b/3P.instrset/gnuarm-armcortex.instrset/win/bin/../lib/gcc/arm-none-eabi/13.2.1/thumb/v7e-m+fp/hard\libgcc.a(_udivmoddi4.o)
 .ARM.attributes
                0x00000a33       0x22 C:/ProgramData/MATLAB/SupportPackages/R2024b/3P.instrset/gnuarm-armcortex.instrset/win/bin/../lib/gcc/arm-none-eabi/13.2.1/thumb/v7e-m+fp/hard\libgcc.a(_dvmd_tls.o)
 .ARM.attributes
                0x00000a55       0x34 C:/ProgramData/MATLAB/SupportPackages/R2024b/3P.instrset/gnuarm-armcortex.instrset/win/bin/../lib/gcc/arm-none-eabi/13.2.1/thumb/v7e-m+fp/hard\libg_nano.a(libc_a-findfp.o)
 .ARM.attributes
                0x00000a89       0x34 C:/ProgramData/MATLAB/SupportPackages/R2024b/3P.instrset/gnuarm-armcortex.instrset/win/bin/../lib/gcc/arm-none-eabi/13.2.1/thumb/v7e-m+fp/hard\libg_nano.a(libc_a-memset.o)
 .ARM.attributes
                0x00000abd       0x34 C:/ProgramData/MATLAB/SupportPackages/R2024b/3P.instrset/gnuarm-armcortex.instrset/win/bin/../lib/gcc/arm-none-eabi/13.2.1/thumb/v7e-m+fp/hard\libg_nano.a(libc_a-impure.o)
 .ARM.attributes
                0x00000af1       0x34 C:/ProgramData/MATLAB/SupportPackages/R2024b/3P.instrset/gnuarm-armcortex.instrset/win/bin/../lib/gcc/arm-none-eabi/13.2.1/thumb/v7e-m+fp/hard\libg_nano.a(libc_a-errno.o)
 .ARM.attributes
                0x00000b25       0x34 C:/ProgramData/MATLAB/SupportPackages/R2024b/3P.instrset/gnuarm-armcortex.instrset/win/bin/../lib/gcc/arm-none-eabi/13.2.1/thumb/v7e-m+fp/hard\libg_nano.a(libc_a-init.o)
 .ARM.attributes
                0x00000b59       0x34 C:/ProgramData/MATLAB/SupportPackages/R2024b/3P.instrset/gnuarm-armcortex.instrset/win/bin/../lib/gcc/arm-none-eabi/13.2.1/thumb/v7e-m+fp/hard\libg_nano.a(libc_a-memcpy-stub.o)
 .ARM.attributes
                0x00000b8d       0x34 C:/ProgramData/MATLAB/SupportPackages/R2024b/3P.instrset/gnuarm-armcortex.instrset/win/bin/../lib/gcc/arm-none-eabi/13.2.1/thumb/v7e-m+fp/hard/crtend.o
 .ARM.attributes
                0x00000bc1       0x22 C:/ProgramData/MATLAB/SupportPackages/R2024b/3P.instrset/gnuarm-armcortex.instrset/win/bin/../lib/gcc/arm-none-eabi/13.2.1/thumb/v7e-m+fp/hard/crtn.o
OUTPUT(../Encoder_model.elf elf32-littlearm)
LOAD linker stubs
LOAD C:/ProgramData/MATLAB/SupportPackages/R2024b/3P.instrset/gnuarm-armcortex.instrset/win/bin/../lib/gcc/arm-none-eabi/13.2.1/thumb/v7e-m+fp/hard\libc.a
LOAD C:/ProgramData/MATLAB/SupportPackages/R2024b/3P.instrset/gnuarm-armcortex.instrset/win/bin/../lib/gcc/arm-none-eabi/13.2.1/thumb/v7e-m+fp/hard\libm.a
LOAD C:/ProgramData/MATLAB/SupportPackages/R2024b/3P.instrset/gnuarm-armcortex.instrset/win/bin/../lib/gcc/arm-none-eabi/13.2.1/thumb/v7e-m+fp/hard\libgcc.a

.debug_info     0x00000000    0x1d8da
 .debug_info    0x00000000      0x8b4 xcp_ext_mode.o
 .debug_info    0x000008b4      0x6b9 Encoder_model.o
 .debug_info    0x00000f6d      0x6fc ert_main.o
 .debug_info    0x00001669      0x7d4 xcp_ext_common.o
 .debug_info    0x00001e3d      0x656 xcp_ext_classic_trigger.o
 .debug_info    0x00002493     0x133c xcp.o
 .debug_info    0x000037cf      0xf3e xcp_standard.o
 .debug_info    0x0000470d     0x2226 xcp_daq.o
 .debug_info    0x00006933      0x7a0 xcp_calibration.o
 .debug_info    0x000070d3      0x322 xcp_fifo.o
 .debug_info    0x000073f5      0xa42 xcp_transport.o
 .debug_info    0x00007e37      0x84f xcp_mem_default.o
 .debug_info    0x00008686      0x606 xcp_drv_rtiostream.o
 .debug_info    0x00008c8c       0xdd xcp_utils.o
 .debug_info    0x00008d69      0x813 xcp_frame_serial.o
 .debug_info    0x0000957c      0x24b xcp_ext_param_default_serial.o
 .debug_info    0x000097c7      0x1e5 overrideHALDelay.o
 .debug_info    0x000099ac      0x4bc platform_timer.o
 .debug_info    0x00009e68      0x8a9 SysTickScheduler.o
 .debug_info    0x0000a711      0x1c0 m3m4m4f_multitasking.o